Results of shellcheck linter (version 0.11.0)
See documentation on https://megalinter.io/10.0.0/descriptors/bash_shellcheck/
-----------------------------------------------

❌ [ERROR] for workspace /github/workspace
Linter raw log:

In .devcontainer/scripts/initialize.sh line 17:
readonly SCRIPT_NAME="${BASH_SOURCE[0]##*/}"
         ^---------^ SC2034 (warning): SCRIPT_NAME appears unused. Verify use (or export if used externally).


In .devcontainer/scripts/initialize.sh line 155:
  log "Running hook: ${hook#$REPO_ROOT/}"
                            ^--------^ SC2295 (info): Expansions inside ${..} need to be quoted separately, otherwise they match as patterns.

Did you mean:
  log "Running hook: ${hook#"$REPO_ROOT"/}"


In .devcontainer/scripts/initialize.sh line 165:
    die "Hook failed: ${hook#$REPO_ROOT/}"
                             ^--------^ SC2295 (info): Expansions inside ${..} need to be quoted separately, otherwise they match as patterns.

Did you mean:
    die "Hook failed: ${hook#"$REPO_ROOT"/}"


In .devcontainer/scripts/initialize.sh line 168:
  warn "Hook failed; continuing: ${hook#$REPO_ROOT/}"
                                        ^--------^ SC2295 (info): Expansions inside ${..} need to be quoted separately, otherwise they match as patterns.

Did you mean:
  warn "Hook failed; continuing: ${hook#"$REPO_ROOT"/}"


In .devcontainer/scripts/initialize.sh line 169:
  CURRENT_HOOK=""
  ^----------^ SC2034 (warning): CURRENT_HOOK appears unused. Verify use (or export if used externally).


In .devcontainer/scripts/post-create.sh line 11:
// Example: Install Python dependencies with Poetry
^-- SC1127 (error): Was this intended as a comment? Use # in sh.


In .devcontainer/scripts/post-create.sh line 12:
// "install-python-deps": ["poetry", "install", "--no-root"],
^-- SC1127 (error): Was this intended as a comment? Use # in sh.


In .devcontainer/scripts/post-create.sh line 14:
// Example: Install Node.js dependencies
^-- SC1127 (error): Was this intended as a comment? Use # in sh.


In .devcontainer/scripts/post-create.sh line 15:
// "install-node-deps": ["npm", "install"],
^-- SC1127 (error): Was this intended as a comment? Use # in sh.


In .devcontainer/scripts/post-create.sh line 17:
// Example: Run database migrations
^-- SC1127 (error): Was this intended as a comment? Use # in sh.


In .devcontainer/scripts/post-create.sh line 18:
// "migrate-db": ["python", "manage.py", "migrate"]
^-- SC1127 (error): Was this intended as a comment? Use # in sh.


In .devcontainer/scripts/post-start.sh line 1:
"welcome": ["echo", "🚀 Development ${devcontainerId} container started successfully!"]
                                   ^---------------^ SC2154 (warning): devcontainerId is referenced but not assigned.


In .devcontainer/scripts/update-content.sh line 4:
// Example: Reinstall Python dependencies
^-- SC1127 (error): Was this intended as a comment? Use # in sh.


In .devcontainer/scripts/update-content.sh line 5:
// "install-deps": ["pip", "install", "-r", "requirements.txt"],
^-- SC1127 (error): Was this intended as a comment? Use # in sh.


In .devcontainer/scripts/update-content.sh line 7:
// Example: Rebuild project after content changes
^-- SC1127 (error): Was this intended as a comment? Use # in sh.


In .devcontainer/scripts/update-content.sh line 8:
// "rebuild": ["npm", "run", "build"]
^-- SC1127 (error): Was this intended as a comment? Use # in sh.

For more information:
  https://www.shellcheck.net/wiki/SC1127 -- Was this intended as a comment? U...
  https://www.shellcheck.net/wiki/SC2034 -- CURRENT_HOOK appears unused. Veri...
  https://www.shellcheck.net/wiki/SC2154 -- devcontainerId is referenced but ...

