Results of bash-exec linter (version 5.3.9)
See documentation on https://megalinter.io/10.0.0/descriptors/bash_bash_exec/
-----------------------------------------------

✅ [SUCCESS] beacon/.staging/latex/Books/kaobook/compileall.sh
✅ [SUCCESS] beacon/.staging/latex/Theses/kaobook/compileall.sh
✅ [SUCCESS] egolint/scripts/latexindent.sh
✅ [SUCCESS] egolint/scripts/megalinter.sh
✅ [SUCCESS] egolint/scripts/pnpm.sh
✅ [SUCCESS] egolint/scripts/precommit.sh
✅ [SUCCESS] mantle/install.sh
✅ [SUCCESS] mantle/libexec/mantle/commands/completion.sh
✅ [SUCCESS] mantle/libexec/mantle/commands/config.sh
✅ [SUCCESS] mantle/libexec/mantle/commands/doctor.sh
✅ [SUCCESS] mantle/libexec/mantle/commands/env.sh
✅ [SUCCESS] mantle/libexec/mantle/commands/fastfetch.sh
✅ [SUCCESS] mantle/libexec/mantle/commands/help.sh
✅ [SUCCESS] mantle/libexec/mantle/commands/install.sh
✅ [SUCCESS] mantle/libexec/mantle/commands/path.sh
✅ [SUCCESS] mantle/libexec/mantle/commands/version.sh
✅ [SUCCESS] mantle/libexec/mantle/installers/addlicense.sh
✅ [SUCCESS] mantle/libexec/mantle/installers/asdf.sh
✅ [SUCCESS] mantle/libexec/mantle/installers/calibre.sh
✅ [SUCCESS] mantle/libexec/mantle/installers/ceres-solver.sh
✅ [SUCCESS] mantle/libexec/mantle/installers/crush.sh
✅ [SUCCESS] mantle/libexec/mantle/installers/docker-desktop.sh
✅ [SUCCESS] mantle/libexec/mantle/installers/dockerfmt.sh
✅ [SUCCESS] mantle/libexec/mantle/installers/dust.sh
✅ [SUCCESS] mantle/libexec/mantle/installers/e57format.sh
✅ [SUCCESS] mantle/libexec/mantle/installers/eza.sh
✅ [SUCCESS] mantle/libexec/mantle/installers/git-sim.sh
✅ [SUCCESS] mantle/libexec/mantle/installers/gitinspector.sh
✅ [SUCCESS] mantle/libexec/mantle/installers/google-fonts.sh
✅ [SUCCESS] mantle/libexec/mantle/installers/httpie.sh
✅ [SUCCESS] mantle/libexec/mantle/installers/image-optim.sh
✅ [SUCCESS] mantle/libexec/mantle/installers/imagemagick.sh
✅ [SUCCESS] mantle/libexec/mantle/installers/java.sh
✅ [SUCCESS] mantle/libexec/mantle/installers/linuxbrew.sh
✅ [SUCCESS] mantle/libexec/mantle/installers/lynis.sh
✅ [SUCCESS] mantle/libexec/mantle/installers/mitmproxy.sh
✅ [SUCCESS] mantle/libexec/mantle/installers/nerd-fonts.sh
✅ [SUCCESS] mantle/libexec/mantle/installers/nfpm.sh
✅ [SUCCESS] mantle/libexec/mantle/installers/pdal.sh
✅ [SUCCESS] mantle/libexec/mantle/installers/pyenv.sh
✅ [SUCCESS] mantle/libexec/mantle/installers/scc.sh
✅ [SUCCESS] mantle/libexec/mantle/installers/shdoc.sh
✅ [SUCCESS] mantle/libexec/mantle/installers/shfmt.sh
✅ [SUCCESS] mantle/libexec/mantle/installers/sqlfluff.sh
✅ [SUCCESS] mantle/libexec/mantle/installers/talisman.sh
✅ [SUCCESS] mantle/libexec/mantle/installers/taskfile.sh
✅ [SUCCESS] mantle/libexec/mantle/installers/terminus.sh
✅ [SUCCESS] mantle/libexec/mantle/installers/typos.sh
✅ [SUCCESS] mantle/libexec/mantle/installers/vale.sh
