Results of clang-format linter (version 22.1.3)
See documentation on https://megalinter.io/10.0.0/descriptors/cpp_clang_format/
-----------------------------------------------

❌ [ERROR] for workspace /github/workspace
Linter raw log:
egolint/tests/fixtures/clang-format/valid.cpp:9:2: error: code should be clang-formatted [-Wclang-format-violations]
{
 ^
egolint/tests/fixtures/clang-format/valid.cpp:11:47: error: code should be clang-formatted [-Wclang-format-violations]
  explicit GreetingService(std::string prefix)
                                              ^
egolint/tests/fixtures/clang-format/valid.cpp:12:35: error: code should be clang-formatted [-Wclang-format-violations]
      : prefix_(std::move(prefix))
                                  ^
egolint/tests/fixtures/clang-format/valid.cpp:13:4: error: code should be clang-formatted [-Wclang-format-violations]
  {
   ^
egolint/tests/fixtures/clang-format/valid.cpp:24:4: error: code should be clang-formatted [-Wclang-format-violations]
  }
   ^
egolint/tests/fixtures/clang-format/valid.cpp:47:2: error: code should be clang-formatted [-Wclang-format-violations]
}
 ^

