Results of stylelint linter (version 17.14.1)
See documentation on https://megalinter.io/10.0.0/descriptors/css_stylelint/
-----------------------------------------------

❌ [ERROR] for workspace /github/workspace
Linter raw log:

.github/actions/generate-repository-intelligence-dashboard/dashboard.css
    2:1   ✖  Expected empty line before comment                                                             comment-empty-line-before
    6:3   ✖  Expected empty line before custom property                                                     custom-property-empty-line-before
    7:14  ✖  Expected "rgba" to be "rgb"                                                                    color-function-alias-notation
    7:14  ✖  Expected modern color-function notation                                                        color-function-notation
    7:31  ✖  Expected "0.88" to be "88%"                                                                    alpha-value-notation
    9:13  ✖  Expected "rgba" to be "rgb"                                                                    color-function-alias-notation
    9:13  ✖  Expected modern color-function notation                                                        color-function-notation
    9:33  ✖  Expected "0.2" to be "20%"                                                                     alpha-value-notation
   19:25  ✖  Expected "rgba" to be "rgb"                                                                    color-function-alias-notation
   19:25  ✖  Expected modern color-function notation                                                        color-function-notation
   19:39  ✖  Expected "0.32" to be "32%"                                                                    alpha-value-notation
   37:40  ✖  Expected "rgba" to be "rgb"                                                                    color-function-alias-notation
   37:40  ✖  Expected modern color-function notation                                                        color-function-notation
   37:59  ✖  Expected "0.27" to be "27%"                                                                    alpha-value-notation
   38:39  ✖  Expected "rgba" to be "rgb"                                                                    color-function-alias-notation
   38:39  ✖  Expected modern color-function notation                                                        color-function-notation
   38:58  ✖  Expected "0.18" to be "18%"                                                                    alpha-value-notation
   59:1   ✖  Expected selector ".skip-link" to come before selector ".skip-link:focus-visible", at line 53  no-descending-specificity
  114:39  ✖  Expected "#ffffff" to be "#fff"                                                                color-hex-length
  143:15  ✖  Expected "rgba" to be "rgb"                                                                    color-function-alias-notation
  143:15  ✖  Expected modern color-function notation                                                        color-function-notation
  143:32  ✖  Expected "0.8" to be "80%"                                                                     alpha-value-notation
  152:15  ✖  Expected "currentColor" to be "currentcolor"                                                   value-keyword-case
  232:39  ✖  Expected "rgba" to be "rgb"                                                                    color-function-alias-notation
  232:39  ✖  Expected modern color-function notation                                                        color-function-notation
  232:56  ✖  Expected "0.9" to be "90%"                                                                     alpha-value-notation
  270:39  ✖  Expected "rgba" to be "rgb"                                                                    color-function-alias-notation
  270:39  ✖  Expected modern color-function notation                                                        color-function-notation
  270:59  ✖  Expected "0.17" to be "17%"                                                                    alpha-value-notation
  310:28  ✖  Expected "rgba" to be "rgb"                                                                    color-function-alias-notation
  310:28  ✖  Expected modern color-function notation                                                        color-function-notation
  310:48  ✖  Expected "0.12" to be "12%"                                                                    alpha-value-notation
  369:8   ✖  Expected "context" media feature range notation                                                media-feature-range-notation
  380:8   ✖  Expected "context" media feature range notation                                                media-feature-range-notation

✖ 34 problems (34 errors, 0 warnings)
  33 errors potentially fixable with the "--fix" option.


