Results of eslint linter (version 10.8.0)
See documentation on https://megalinter.io/10.0.0/descriptors/javascript_eslint/
-----------------------------------------------

❌ [ERROR] for workspace /github/workspace
Linter raw log:

Oops! Something went wrong! :(

ESLint: 10.8.0

Error: Cannot find module 'eslint-plugin-react'
Require stack:
- egolint/.config/lint/javascript/eslint.config.mjs
    at Module._resolveFilename (node:internal/modules/cjs/loader:1519:15)
    at wrapResolveFilename (node:internal/modules/cjs/loader:1073:27)
    at defaultResolveImplForCJSLoading (node:internal/modules/cjs/loader:1097:10)
    at resolveForCJSWithHooks (node:internal/modules/cjs/loader:1124:12)
    at Module._load (node:internal/modules/cjs/loader:1296:5)
    at wrapModuleLoad (node:internal/modules/cjs/loader:255:19)
    at Module.require (node:internal/modules/cjs/loader:1619:12)
    at require (node:internal/modules/helpers:191:16)
    at file://egolint/.config/lint/javascript/eslint.config.mjs?mtime=1787873314664:25:21
    at ModuleJob.run (node:internal/modules/esm/module_job:439:25)


[JAVASCRIPT_ES_ERROR_PLUGIN_NOT_FOUND] ESLint could not load a plugin referenced in your config. The plugin is not installed in MegaLinter's bundled `node_modules` (`/node-deps/node_modules`).
Resolutions:
  - Pre-install the missing plugin into MegaLinter's npm root via a pre-command in your .mega-linter.yml:
      JAVASCRIPT_ES_PRE_COMMANDS:
        - command: "npm install eslint-plugin-NAME"
          cwd: "root"
          continue_if_failed: false
  - Or install your project's full dependency tree and run ESLint from the workspace `node_modules`:
      JAVASCRIPT_ES_PRE_COMMANDS:
        - command: yarn install --frozen-lockfile --ignore-scripts
          cwd: workspace
          continue_if_failed: false
      JAVASCRIPT_ES_CLI_EXECUTABLE: node_modules/.bin/eslint
  - Verify the plugin name in your ESLint config matches the published npm package name.
