Results of v8r linter (version 6.1.0)
See documentation on https://megalinter.io/10.0.0/descriptors/json_v8r/
-----------------------------------------------

❌ [ERROR] for workspace /github/workspace
Linter raw log:
✖ .devcontainer/devcontainer.json is invalid

.devcontainer/devcontainer.json# must have required property 'build'
.devcontainer/devcontainer.json# must have required property 'dockerFile'
.devcontainer/devcontainer.json# must match exactly one schema in oneOf
.devcontainer/devcontainer.json# must have required property 'image'
.devcontainer/devcontainer.json# must match exactly one schema in oneOf
.devcontainer/devcontainer.json# must have required property 'dockerComposeFile'
.devcontainer/devcontainer.json# must have required property 'service'
.devcontainer/devcontainer.json# must have required property 'workspaceFolder'
.devcontainer/devcontainer.json# must match exactly one schema in oneOf
.devcontainer/devcontainer.json# must NOT have additional properties, found additional property '$schema'
.devcontainer/devcontainer.json# must NOT have additional properties, found additional property 'name'
.devcontainer/devcontainer.json# must match exactly one schema in oneOf

✖ egolint/.config/lint/groovy/.groovylintrc.json is invalid

egolint/.config/lint/groovy/.groovylintrc.json# must NOT have additional properties, found additional property '$schema'

✖ egolint/.config/lint/markdown/.markdown-link-check.json is invalid

egolint/.config/lint/markdown/.markdown-link-check.json# must NOT have additional properties, found additional property '$schema'

✖ egolint/.config/lint/markdown/.remarkrc.json is invalid

egolint/.config/lint/markdown/.remarkrc.json# must NOT have additional properties, found additional property '$schema'

✖ egolint/tests/fixtures/commitlint/messages.json is invalid

egolint/tests/fixtures/commitlint/messages.json#/valid must be object
egolint/tests/fixtures/commitlint/messages.json#/invalid must be object
