Results of pylint linter (version 4.0.6)
See documentation on https://megalinter.io/10.0.0/descriptors/python_pylint/
-----------------------------------------------

❌ [ERROR] for workspace /github/workspace
Linter raw log:
************* Module generate_lint_infographic
.github/actions/generate-lint-infographic/generate_lint_infographic.py:150:0: R0913: Too many arguments (8/7) (too-many-arguments)
.github/actions/generate-lint-infographic/generate_lint_infographic.py:171:0: R0917: Too many positional arguments (6/5) (too-many-positional-arguments)
************* Module AcceptChanges.__init__
beacon/.staging/latex/Academic Journals/american-geophysical-union/April 16 2019/trackchanges-0.7.0/PythonPackage/AcceptChanges/__init__.py:1:0: C0305: Trailing newlines (trailing-newlines)
************* Module AcceptChanges.consoleoutput
beacon/.staging/latex/Academic Journals/american-geophysical-union/April 16 2019/trackchanges-0.7.0/PythonPackage/AcceptChanges/consoleoutput.py:8:89: C0303: Trailing whitespace (trailing-whitespace)
beacon/.staging/latex/Academic Journals/american-geophysical-union/April 16 2019/trackchanges-0.7.0/PythonPackage/AcceptChanges/consoleoutput.py:9:88: C0303: Trailing whitespace (trailing-whitespace)
beacon/.staging/latex/Academic Journals/american-geophysical-union/April 16 2019/trackchanges-0.7.0/PythonPackage/AcceptChanges/consoleoutput.py:12:91: C0303: Trailing whitespace (trailing-whitespace)
beacon/.staging/latex/Academic Journals/american-geophysical-union/April 16 2019/trackchanges-0.7.0/PythonPackage/AcceptChanges/consoleoutput.py:13:91: C0303: Trailing whitespace (trailing-whitespace)
beacon/.staging/latex/Academic Journals/american-geophysical-union/April 16 2019/trackchanges-0.7.0/PythonPackage/AcceptChanges/consoleoutput.py:16:92: C0303: Trailing whitespace (trailing-whitespace)
beacon/.staging/latex/Academic Journals/american-geophysical-union/April 16 2019/trackchanges-0.7.0/PythonPackage/AcceptChanges/consoleoutput.py:17:90: C0303: Trailing whitespace (trailing-whitespace)
beacon/.staging/latex/Academic Journals/american-geophysical-union/April 16 2019/trackchanges-0.7.0/PythonPackage/AcceptChanges/consoleoutput.py:32:0: W0311: Bad indentation. Found 1 spaces, expected 4 (bad-indentation)
beacon/.staging/latex/Academic Journals/american-geophysical-union/April 16 2019/trackchanges-0.7.0/PythonPackage/AcceptChanges/consoleoutput.py:33:0: W0311: Bad indentation. Found 2 spaces, expected 8 (bad-indentation)
beacon/.staging/latex/Academic Journals/american-geophysical-union/April 16 2019/trackchanges-0.7.0/PythonPackage/AcceptChanges/consoleoutput.py:39:0: W0311: Bad indentation. Found 2 spaces, expected 8 (bad-indentation)
beacon/.staging/latex/Academic Journals/american-geophysical-union/April 16 2019/trackchanges-0.7.0/PythonPackage/AcceptChanges/consoleoutput.py:40:0: W0311: Bad indentation. Found 2 spaces, expected 8 (bad-indentation)
beacon/.staging/latex/Academic Journals/american-geophysical-union/April 16 2019/trackchanges-0.7.0/PythonPackage/AcceptChanges/consoleoutput.py:41:0: W0311: Bad indentation. Found 2 spaces, expected 8 (bad-indentation)
beacon/.staging/latex/Academic Journals/american-geophysical-union/April 16 2019/trackchanges-0.7.0/PythonPackage/AcceptChanges/consoleoutput.py:42:0: W0311: Bad indentation. Found 2 spaces, expected 8 (bad-indentation)
beacon/.staging/latex/Academic Journals/american-geophysical-union/April 16 2019/trackchanges-0.7.0/PythonPackage/AcceptChanges/consoleoutput.py:43:0: W0311: Bad indentation. Found 2 spaces, expected 8 (bad-indentation)
beacon/.staging/latex/Academic Journals/american-geophysical-union/April 16 2019/trackchanges-0.7.0/PythonPackage/AcceptChanges/consoleoutput.py:44:0: C0303: Trailing whitespace (trailing-whitespace)
beacon/.staging/latex/Academic Journals/american-geophysical-union/April 16 2019/trackchanges-0.7.0/PythonPackage/AcceptChanges/consoleoutput.py:45:0: W0311: Bad indentation. Found 1 spaces, expected 4 (bad-indentation)
beacon/.staging/latex/Academic Journals/american-geophysical-union/April 16 2019/trackchanges-0.7.0/PythonPackage/AcceptChanges/consoleoutput.py:46:0: W0311: Bad indentation. Found 2 spaces, expected 8 (bad-indentation)
beacon/.staging/latex/Academic Journals/american-geophysical-union/April 16 2019/trackchanges-0.7.0/PythonPackage/AcceptChanges/consoleoutput.py:47:0: W0311: Bad indentation. Found 2 spaces, expected 8 (bad-indentation)
beacon/.staging/latex/Academic Journals/american-geophysical-union/April 16 2019/trackchanges-0.7.0/PythonPackage/AcceptChanges/consoleoutput.py:48:0: C0303: Trailing whitespace (trailing-whitespace)
beacon/.staging/latex/Academic Journals/american-geophysical-union/April 16 2019/trackchanges-0.7.0/PythonPackage/AcceptChanges/consoleoutput.py:49:0: W0311: Bad indentation. Found 1 spaces, expected 4 (bad-indentation)
beacon/.staging/latex/Academic Journals/american-geophysical-union/April 16 2019/trackchanges-0.7.0/PythonPackage/AcceptChanges/consoleoutput.py:50:0: W0311: Bad indentation. Found 2 spaces, expected 8 (bad-indentation)
beacon/.staging/latex/Academic Journals/american-geophysical-union/April 16 2019/trackchanges-0.7.0/PythonPackage/AcceptChanges/consoleoutput.py:51:0: W0311: Bad indentation. Found 2 spaces, expected 8 (bad-indentation)
beacon/.staging/latex/Academic Journals/american-geophysical-union/April 16 2019/trackchanges-0.7.0/PythonPackage/AcceptChanges/consoleoutput.py:52:0: W0311: Bad indentation. Found 3 spaces, expected 12 (bad-indentation)
beacon/.staging/latex/Academic Journals/american-geophysical-union/April 16 2019/trackchanges-0.7.0/PythonPackage/AcceptChanges/consoleoutput.py:53:24: C0303: Trailing whitespace (trailing-whitespace)
beacon/.staging/latex/Academic Journals/american-geophysical-union/April 16 2019/trackchanges-0.7.0/PythonPackage/AcceptChanges/consoleoutput.py:53:0: W0311: Bad indentation. Found 2 spaces, expected 8 (bad-indentation)
beacon/.staging/latex/Academic Journals/american-geophysical-union/April 16 2019/trackchanges-0.7.0/PythonPackage/AcceptChanges/consoleoutput.py:54:0: C0303: Trailing whitespace (trailing-whitespace)
beacon/.staging/latex/Academic Journals/american-geophysical-union/April 16 2019/trackchanges-0.7.0/PythonPackage/AcceptChanges/consoleoutput.py:55:0: W0311: Bad indentation. Found 1 spaces, expected 4 (bad-indentation)
beacon/.staging/latex/Academic Journals/american-geophysical-union/April 16 2019/trackchanges-0.7.0/PythonPackage/AcceptChanges/consoleoutput.py:56:0: W0311: Bad indentation. Found 2 spaces, expected 8 (bad-indentation)
beacon/.staging/latex/Academic Journals/american-geophysical-union/April 16 2019/trackchanges-0.7.0/PythonPackage/AcceptChanges/consoleoutput.py:59:0: W0311: Bad indentation. Found 2 spaces, expected 8 (bad-indentation)
beacon/.staging/latex/Academic Journals/american-geophysical-union/April 16 2019/trackchanges-0.7.0/PythonPackage/AcceptChanges/consoleoutput.py:60:0: W0311: Bad indentation. Found 3 spaces, expected 12 (bad-indentation)
beacon/.staging/latex/Academic Journals/american-geophysical-union/April 16 2019/trackchanges-0.7.0/PythonPackage/AcceptChanges/consoleoutput.py:61:0: W0311: Bad indentation. Found 4 spaces, expected 16 (bad-indentation)
beacon/.staging/latex/Academic Journals/american-geophysical-union/April 16 2019/trackchanges-0.7.0/PythonPackage/AcceptChanges/consoleoutput.py:62:0: W0311: Bad indentation. Found 2 spaces, expected 8 (bad-indentation)
beacon/.staging/latex/Academic Journals/american-geophysical-union/April 16 2019/trackchanges-0.7.0/PythonPackage/AcceptChanges/consoleoutput.py:63:0: W0311: Bad indentation. Found 3 spaces, expected 12 (bad-indentation)
beacon/.staging/latex/Academic Journals/american-geophysical-union/April 16 2019/trackchanges-0.7.0/PythonPackage/AcceptChanges/consoleoutput.py:64:0: W0311: Bad indentation. Found 4 spaces, expected 16 (bad-indentation)
beacon/.staging/latex/Academic Journals/american-geophysical-union/April 16 2019/trackchanges-0.7.0/PythonPackage/AcceptChanges/consoleoutput.py:65:0: W0311: Bad indentation. Found 5 spaces, expected 20 (bad-indentation)
beacon/.staging/latex/Academic Journals/american-geophysical-union/April 16 2019/trackchanges-0.7.0/PythonPackage/AcceptChanges/consoleoutput.py:66:0: C0303: Trailing whitespace (trailing-whitespace)
beacon/.staging/latex/Academic Journals/american-geophysical-union/April 16 2019/trackchanges-0.7.0/PythonPackage/AcceptChanges/consoleoutput.py:67:0: W0311: Bad indentation. Found 1 spaces, expected 4 (bad-indentation)
beacon/.staging/latex/Academic Journals/american-geophysical-union/April 16 2019/trackchanges-0.7.0/PythonPackage/AcceptChanges/consoleoutput.py:68:0: W0311: Bad indentation. Found 2 spaces, expected 8 (bad-indentation)
beacon/.staging/latex/Academic Journals/american-geophysical-union/April 16 2019/trackchanges-0.7.0/PythonPackage/AcceptChanges/consoleoutput.py:70:0: W0311: Bad indentation. Found 2 spaces, expected 8 (bad-indentation)
beacon/.staging/latex/Academic Journals/american-geophysical-union/April 16 2019/trackchanges-0.7.0/PythonPackage/AcceptChanges/consoleoutput.py:71:0: W0311: Bad indentation. Found 3 spaces, expected 12 (bad-indentation)
beacon/.staging/latex/Academic Journals/american-geophysical-union/April 16 2019/trackchanges-0.7.0/PythonPackage/AcceptChanges/consoleoutput.py:72:0: W0311: Bad indentation. Found 4 spaces, expected 16 (bad-indentation)
beacon/.staging/latex/Academic Journals/american-geophysical-union/April 16 2019/trackchanges-0.7.0/PythonPackage/AcceptChanges/consoleoutput.py:73:0: C0303: Trailing whitespace (trailing-whitespace)
beacon/.staging/latex/Academic Journals/american-geophysical-union/April 16 2019/trackchanges-0.7.0/PythonPackage/AcceptChanges/consoleoutput.py:74:0: W0311: Bad indentation. Found 1 spaces, expected 4 (bad-indentation)
beacon/.staging/latex/Academic Journals/american-geophysical-union/April 16 2019/trackchanges-0.7.0/PythonPackage/AcceptChanges/consoleoutput.py:75:0: W0311: Bad indentation. Found 2 spaces, expected 8 (bad-indentation)
beacon/.staging/latex/Academic Journals/american-geophysical-union/April 16 2019/trackchanges-0.7.0/PythonPackage/AcceptChanges/consoleoutput.py:76:0: W0311: Bad indentation. Found 2 spaces, expected 8 (bad-indentation)
beacon/.staging/latex/Academic Journals/american-geophysical-union/April 16 2019/trackchanges-0.7.0/PythonPackage/AcceptChanges/consoleoutput.py:77:0: W0311: Bad indentation. Found 3 spaces, expected 12 (bad-indentation)
beacon/.staging/latex/Academic Journals/american-geophysical-union/April 16 2019/trackchanges-0.7.0/PythonPackage/AcceptChanges/consoleoutput.py:78:0: C0303: Trailing whitespace (trailing-whitespace)
beacon/.staging/latex/Academic Journals/american-geophysical-union/April 16 2019/trackchanges-0.7.0/PythonPackage/AcceptChanges/consoleoutput.py:79:0: W0311: Bad indentation. Found 1 spaces, expected 4 (bad-indentation)
beacon/.staging/latex/Academic Journals/american-geophysical-union/April 16 2019/trackchanges-0.7.0/PythonPackage/AcceptChanges/consoleoutput.py:80:0: W0311: Bad indentation. Found 2 spaces, expected 8 (bad-indentation)
beacon/.staging/latex/Academic Journals/american-geophysical-union/April 16 2019/trackchanges-0.7.0/PythonPackage/AcceptChanges/consoleoutput.py:81:0: W0311: Bad indentation. Found 2 spaces, expected 8 (bad-indentation)
beacon/.staging/latex/Academic Journals/american-geophysical-union/April 16 2019/trackchanges-0.7.0/PythonPackage/AcceptChanges/consoleoutput.py:82:0: W0311: Bad indentation. Found 3 spaces, expected 12 (bad-indentation)
beacon/.staging/latex/Academic Journals/american-geophysical-union/April 16 2019/trackchanges-0.7.0/PythonPackage/AcceptChanges/consoleoutput.py:83:0: C0303: Trailing whitespace (trailing-whitespace)
beacon/.staging/latex/Academic Journals/american-geophysical-union/April 16 2019/trackchanges-0.7.0/PythonPackage/AcceptChanges/consoleoutput.py:84:0: W0311: Bad indentation. Found 1 spaces, expected 4 (bad-indentation)
beacon/.staging/latex/Academic Journals/american-geophysical-union/April 16 2019/trackchanges-0.7.0/PythonPackage/AcceptChanges/consoleoutput.py:85:0: W0311: Bad indentation. Found 2 spaces, expected 8 (bad-indentation)
beacon/.staging/latex/Academic Journals/american-geophysical-union/April 16 2019/trackchanges-0.7.0/PythonPackage/AcceptChanges/consoleoutput.py:86:0: W0311: Bad indentation. Found 2 spaces, expected 8 (bad-indentation)
beacon/.staging/latex/Academic Journals/american-geophysical-union/April 16 2019/trackchanges-0.7.0/PythonPackage/AcceptChanges/consoleoutput.py:87:0: W0311: Bad indentation. Found 3 spaces, expected 12 (bad-indentation)
beacon/.staging/latex/Academic Journals/american-geophysical-union/April 16 2019/trackchanges-0.7.0/PythonPackage/AcceptChanges/consoleoutput.py:88:0: W0311: Bad indentation. Found 4 spaces, expected 16 (bad-indentation)
beacon/.staging/latex/Academic Journals/american-geophysical-union/April 16 2019/trackchanges-0.7.0/PythonPackage/AcceptChanges/consoleoutput.py:89:0: C0303: Trailing whitespace (trailing-whitespace)
beacon/.staging/latex/Academic Journals/american-geophysical-union/April 16 2019/trackchanges-0.7.0/PythonPackage/AcceptChanges/consoleoutput.py:90:0: W0311: Bad indentation. Found 1 spaces, expected 4 (bad-indentation)
beacon/.staging/latex/Academic Journals/american-geophysical-union/April 16 2019/trackchanges-0.7.0/PythonPackage/AcceptChanges/consoleoutput.py:91:0: W0311: Bad indentation. Found 2 spaces, expected 8 (bad-indentation)
beacon/.staging/latex/Academic Journals/american-geophysical-union/April 16 2019/trackchanges-0.7.0/PythonPackage/AcceptChanges/consoleoutput.py:92:0: W0311: Bad indentation. Found 2 spaces, expected 8 (bad-indentation)
beacon/.staging/latex/Academic Journals/american-geophysical-union/April 16 2019/trackchanges-0.7.0/PythonPackage/AcceptChanges/consoleoutput.py:93:0: W0311: Bad indentation. Found 3 spaces, expected 12 (bad-indentation)
beacon/.staging/latex/Academic Journals/american-geophysical-union/April 16 2019/trackchanges-0.7.0/PythonPackage/AcceptChanges/consoleoutput.py:94:0: W0311: Bad indentation. Found 4 spaces, expected 16 (bad-indentation)
beacon/.staging/latex/Academic Journals/american-geophysical-union/April 16 2019/trackchanges-0.7.0/PythonPackage/AcceptChanges/consoleoutput.py:95:0: C0303: Trailing whitespace (trailing-whitespace)
beacon/.staging/latex/Academic Journals/american-geophysical-union/April 16 2019/trackchanges-0.7.0/PythonPackage/AcceptChanges/consoleoutput.py:96:0: W0311: Bad indentation. Found 1 spaces, expected 4 (bad-indentation)
beacon/.staging/latex/Academic Journals/american-geophysical-union/April 16 2019/trackchanges-0.7.0/PythonPackage/AcceptChanges/consoleoutput.py:97:0: W0311: Bad indentation. Found 2 spaces, expected 8 (bad-indentation)
beacon/.staging/latex/Academic Journals/american-geophysical-union/April 16 2019/trackchanges-0.7.0/PythonPackage/AcceptChanges/consoleoutput.py:98:0: W0311: Bad indentation. Found 2 spaces, expected 8 (bad-indentation)
beacon/.staging/latex/Academic Journals/american-geophysical-union/April 16 2019/trackchanges-0.7.0/PythonPackage/AcceptChanges/consoleoutput.py:99:0: W0311: Bad indentation. Found 3 spaces, expected 12 (bad-indentation)
beacon/.staging/latex/Academic Journals/american-geophysical-union/April 16 2019/trackchanges-0.7.0/PythonPackage/AcceptChanges/consoleoutput.py:100:0: W0311: Bad indentation. Found 4 spaces, expected 16 (bad-indentation)
beacon/.staging/latex/Academic Journals/american-geophysical-union/April 16 2019/trackchanges-0.7.0/PythonPackage/AcceptChanges/consoleoutput.py:101:0: C0303: Trailing whitespace (trailing-whitespace)
beacon/.staging/latex/Academic Journals/american-geophysical-union/April 16 2019/trackchanges-0.7.0/PythonPackage/AcceptChanges/consoleoutput.py:102:0: W0311: Bad indentation. Found 1 spaces, expected 4 (bad-indentation)
beacon/.staging/latex/Academic Journals/american-geophysical-union/April 16 2019/trackchanges-0.7.0/PythonPackage/AcceptChanges/consoleoutput.py:103:0: W0311: Bad indentation. Found 2 spaces, expected 8 (bad-indentation)
beacon/.staging/latex/Academic Journals/american-geophysical-union/April 16 2019/trackchanges-0.7.0/PythonPackage/AcceptChanges/consoleoutput.py:105:0: W0311: Bad indentation. Found 2 spaces, expected 8 (bad-indentation)
beacon/.staging/latex/Academic Journals/american-geophysical-union/April 16 2019/trackchanges-0.7.0/PythonPackage/AcceptChanges/consoleoutput.py:106:0: W0311: Bad indentation. Found 2 spaces, expected 8 (bad-indentation)
beacon/.staging/latex/Academic Journals/american-geophysical-union/April 16 2019/trackchanges-0.7.0/PythonPackage/AcceptChanges/consoleoutput.py:107:0: W0311: Bad indentation. Found 2 spaces, expected 8 (bad-indentation)
beacon/.staging/latex/Academic Journals/american-geophysical-union/April 16 2019/trackchanges-0.7.0/PythonPackage/AcceptChanges/consoleoutput.py:108:0: W0311: Bad indentation. Found 2 spaces, expected 8 (bad-indentation)
beacon/.staging/latex/Academic Journals/american-geophysical-union/April 16 2019/trackchanges-0.7.0/PythonPackage/AcceptChanges/consoleoutput.py:109:0: W0311: Bad indentation. Found 3 spaces, expected 12 (bad-indentation)
beacon/.staging/latex/Academic Journals/american-geophysical-union/April 16 2019/trackchanges-0.7.0/PythonPackage/AcceptChanges/consoleoutput.py:110:0: W0311: Bad indentation. Found 2 spaces, expected 8 (bad-indentation)
beacon/.staging/latex/Academic Journals/american-geophysical-union/April 16 2019/trackchanges-0.7.0/PythonPackage/AcceptChanges/consoleoutput.py:111:0: C0303: Trailing whitespace (trailing-whitespace)
beacon/.staging/latex/Academic Journals/american-geophysical-union/April 16 2019/trackchanges-0.7.0/PythonPackage/AcceptChanges/consoleoutput.py:112:0: W0311: Bad indentation. Found 1 spaces, expected 4 (bad-indentation)
beacon/.staging/latex/Academic Journals/american-geophysical-union/April 16 2019/trackchanges-0.7.0/PythonPackage/AcceptChanges/consoleoutput.py:113:0: W0311: Bad indentation. Found 2 spaces, expected 8 (bad-indentation)
beacon/.staging/latex/Academic Journals/american-geophysical-union/April 16 2019/trackchanges-0.7.0/PythonPackage/AcceptChanges/consoleoutput.py:117:0: W0311: Bad indentation. Found 2 spaces, expected 8 (bad-indentation)
beacon/.staging/latex/Academic Journals/american-geophysical-union/April 16 2019/trackchanges-0.7.0/PythonPackage/AcceptChanges/consoleoutput.py:118:0: W0311: Bad indentation. Found 2 spaces, expected 8 (bad-indentation)
beacon/.staging/latex/Academic Journals/american-geophysical-union/April 16 2019/trackchanges-0.7.0/PythonPackage/AcceptChanges/consoleoutput.py:119:0: W0311: Bad indentation. Found 2 spaces, expected 8 (bad-indentation)
beacon/.staging/latex/Academic Journals/american-geophysical-union/April 16 2019/trackchanges-0.7.0/PythonPackage/AcceptChanges/consoleoutput.py:120:0: W0311: Bad indentation. Found 2 spaces, expected 8 (bad-indentation)
beacon/.staging/latex/Academic Journals/american-geophysical-union/April 16 2019/trackchanges-0.7.0/PythonPackage/AcceptChanges/consoleoutput.py:121:0: W0311: Bad indentation. Found 2 spaces, expected 8 (bad-indentation)
beacon/.staging/latex/Academic Journals/american-geophysical-union/April 16 2019/trackchanges-0.7.0/PythonPackage/AcceptChanges/consoleoutput.py:122:0: W0311: Bad indentation. Found 3 spaces, expected 12 (bad-indentation)
beacon/.staging/latex/Academic Journals/american-geophysical-union/April 16 2019/trackchanges-0.7.0/PythonPackage/AcceptChanges/consoleoutput.py:123:23: C0303: Trailing whitespace (trailing-whitespace)
beacon/.staging/latex/Academic Journals/american-geophysical-union/April 16 2019/trackchanges-0.7.0/PythonPackage/AcceptChanges/consoleoutput.py:123:0: W0311: Bad indentation. Found 2 spaces, expected 8 (bad-indentation)
beacon/.staging/latex/Academic Journals/american-geophysical-union/April 16 2019/trackchanges-0.7.0/PythonPackage/AcceptChanges/consoleoutput.py:124:0: W0311: Bad indentation. Found 3 spaces, expected 12 (bad-indentation)
beacon/.staging/latex/Academic Journals/american-geophysical-union/April 16 2019/trackchanges-0.7.0/PythonPackage/AcceptChanges/consoleoutput.py:125:0: W0311: Bad indentation. Found 2 spaces, expected 8 (bad-indentation)
beacon/.staging/latex/Academic Journals/american-geophysical-union/April 16 2019/trackchanges-0.7.0/PythonPackage/AcceptChanges/consoleoutput.py:126:0: W0311: Bad indentation. Found 3 spaces, expected 12 (bad-indentation)
beacon/.staging/latex/Academic Journals/american-geophysical-union/April 16 2019/trackchanges-0.7.0/PythonPackage/AcceptChanges/consoleoutput.py:127:0: W0311: Bad indentation. Found 2 spaces, expected 8 (bad-indentation)
beacon/.staging/latex/Academic Journals/american-geophysical-union/April 16 2019/trackchanges-0.7.0/PythonPackage/AcceptChanges/consoleoutput.py:128:0: C0303: Trailing whitespace (trailing-whitespace)
beacon/.staging/latex/Academic Journals/american-geophysical-union/April 16 2019/trackchanges-0.7.0/PythonPackage/AcceptChanges/consoleoutput.py:129:0: W0311: Bad indentation. Found 1 spaces, expected 4 (bad-indentation)
beacon/.staging/latex/Academic Journals/american-geophysical-union/April 16 2019/trackchanges-0.7.0/PythonPackage/AcceptChanges/consoleoutput.py:130:0: W0311: Bad indentation. Found 2 spaces, expected 8 (bad-indentation)
beacon/.staging/latex/Academic Journals/american-geophysical-union/April 16 2019/trackchanges-0.7.0/PythonPackage/AcceptChanges/consoleoutput.py:134:0: W0311: Bad indentation. Found 2 spaces, expected 8 (bad-indentation)
beacon/.staging/latex/Academic Journals/american-geophysical-union/April 16 2019/trackchanges-0.7.0/PythonPackage/AcceptChanges/consoleoutput.py:135:0: W0311: Bad indentation. Found 2 spaces, expected 8 (bad-indentation)
beacon/.staging/latex/Academic Journals/american-geophysical-union/April 16 2019/trackchanges-0.7.0/PythonPackage/AcceptChanges/consoleoutput.py:136:0: W0311: Bad indentation. Found 2 spaces, expected 8 (bad-indentation)
beacon/.staging/latex/Academic Journals/american-geophysical-union/April 16 2019/trackchanges-0.7.0/PythonPackage/AcceptChanges/consoleoutput.py:137:0: W0311: Bad indentation. Found 2 spaces, expected 8 (bad-indentation)
beacon/.staging/latex/Academic Journals/american-geophysical-union/April 16 2019/trackchanges-0.7.0/PythonPackage/AcceptChanges/consoleoutput.py:138:0: W0311: Bad indentation. Found 2 spaces, expected 8 (bad-indentation)
beacon/.staging/latex/Academic Journals/american-geophysical-union/April 16 2019/trackchanges-0.7.0/PythonPackage/AcceptChanges/consoleoutput.py:139:0: W0311: Bad indentation. Found 3 spaces, expected 12 (bad-indentation)
beacon/.staging/latex/Academic Journals/american-geophysical-union/April 16 2019/trackchanges-0.7.0/PythonPackage/AcceptChanges/consoleoutput.py:140:23: C0303: Trailing whitespace (trailing-whitespace)
beacon/.staging/latex/Academic Journals/american-geophysical-union/April 16 2019/trackchanges-0.7.0/PythonPackage/AcceptChanges/consoleoutput.py:140:0: W0311: Bad indentation. Found 2 spaces, expected 8 (bad-indentation)
beacon/.staging/latex/Academic Journals/american-geophysical-union/April 16 2019/trackchanges-0.7.0/PythonPackage/AcceptChanges/consoleoutput.py:141:0: W0311: Bad indentation. Found 3 spaces, expected 12 (bad-indentation)
beacon/.staging/latex/Academic Journals/american-geophysical-union/April 16 2019/trackchanges-0.7.0/PythonPackage/AcceptChanges/consoleoutput.py:142:0: W0311: Bad indentation. Found 2 spaces, expected 8 (bad-indentation)
beacon/.staging/latex/Academic Journals/american-geophysical-union/April 16 2019/trackchanges-0.7.0/PythonPackage/AcceptChanges/consoleoutput.py:143:0: W0311: Bad indentation. Found 3 spaces, expected 12 (bad-indentation)
beacon/.staging/latex/Academic Journals/american-geophysical-union/April 16 2019/trackchanges-0.7.0/PythonPackage/AcceptChanges/consoleoutput.py:144:0: W0311: Bad indentation. Found 2 spaces, expected 8 (bad-indentation)
beacon/.staging/latex/Academic Journals/american-geophysical-union/April 16 2019/trackchanges-0.7.0/PythonPackage/AcceptChanges/consoleoutput.py:145:0: C0303: Trailing whitespace (trailing-whitespace)
beacon/.staging/latex/Academic Journals/american-geophysical-union/April 16 2019/trackchanges-0.7.0/PythonPackage/AcceptChanges/consoleoutput.py:146:0: W0311: Bad indentation. Found 1 spaces, expected 4 (bad-indentation)
beacon/.staging/latex/Academic Journals/american-geophysical-union/April 16 2019/trackchanges-0.7.0/PythonPackage/AcceptChanges/consoleoutput.py:147:0: W0311: Bad indentation. Found 2 spaces, expected 8 (bad-indentation)
beacon/.staging/latex/Academic Journals/american-geophysical-union/April 16 2019/trackchanges-0.7.0/PythonPackage/AcceptChanges/consoleoutput.py:151:0: W0311: Bad indentation. Found 2 spaces, expected 8 (bad-indentation)
beacon/.staging/latex/Academic Journals/american-geophysical-union/April 16 2019/trackchanges-0.7.0/PythonPackage/AcceptChanges/consoleoutput.py:152:0: W0311: Bad indentation. Found 2 spaces, expected 8 (bad-indentation)
beacon/.staging/latex/Academic Journals/american-geophysical-union/April 16 2019/trackchanges-0.7.0/PythonPackage/AcceptChanges/consoleoutput.py:153:0: W0311: Bad indentation. Found 2 spaces, expected 8 (bad-indentation)
beacon/.staging/latex/Academic Journals/american-geophysical-union/April 16 2019/trackchanges-0.7.0/PythonPackage/AcceptChanges/consoleoutput.py:154:0: W0311: Bad indentation. Found 2 spaces, expected 8 (bad-indentation)
beacon/.staging/latex/Academic Journals/american-geophysical-union/April 16 2019/trackchanges-0.7.0/PythonPackage/AcceptChanges/consoleoutput.py:155:0: W0311: Bad indentation. Found 2 spaces, expected 8 (bad-indentation)
beacon/.staging/latex/Academic Journals/american-geophysical-union/April 16 2019/trackchanges-0.7.0/PythonPackage/AcceptChanges/consoleoutput.py:156:0: W0311: Bad indentation. Found 3 spaces, expected 12 (bad-indentation)
beacon/.staging/latex/Academic Journals/american-geophysical-union/April 16 2019/trackchanges-0.7.0/PythonPackage/AcceptChanges/consoleoutput.py:157:23: C0303: Trailing whitespace (trailing-whitespace)
beacon/.staging/latex/Academic Journals/american-geophysical-union/April 16 2019/trackchanges-0.7.0/PythonPackage/AcceptChanges/consoleoutput.py:157:0: W0311: Bad indentation. Found 2 spaces, expected 8 (bad-indentation)
beacon/.staging/latex/Academic Journals/american-geophysical-union/April 16 2019/trackchanges-0.7.0/PythonPackage/AcceptChanges/consoleoutput.py:158:0: W0311: Bad indentation. Found 3 spaces, expected 12 (bad-indentation)
beacon/.staging/latex/Academic Journals/american-geophysical-union/April 16 2019/trackchanges-0.7.0/PythonPackage/AcceptChanges/consoleoutput.py:159:0: W0311: Bad indentation. Found 2 spaces, expected 8 (bad-indentation)
beacon/.staging/latex/Academic Journals/american-geophysical-union/April 16 2019/trackchanges-0.7.0/PythonPackage/AcceptChanges/consoleoutput.py:160:0: W0311: Bad indentation. Found 3 spaces, expected 12 (bad-indentation)
beacon/.staging/latex/Academic Journals/american-geophysical-union/April 16 2019/trackchanges-0.7.0/PythonPackage/AcceptChanges/consoleoutput.py:161:0: W0311: Bad indentation. Found 2 spaces, expected 8 (bad-indentation)
beacon/.staging/latex/Academic Journals/american-geophysical-union/April 16 2019/trackchanges-0.7.0/PythonPackage/AcceptChanges/consoleoutput.py:162:0: C0303: Trailing whitespace (trailing-whitespace)
beacon/.staging/latex/Academic Journals/american-geophysical-union/April 16 2019/trackchanges-0.7.0/PythonPackage/AcceptChanges/consoleoutput.py:163:0: C0303: Trailing whitespace (trailing-whitespace)
beacon/.staging/latex/Academic Journals/american-geophysical-union/April 16 2019/trackchanges-0.7.0/PythonPackage/AcceptChanges/consoleoutput.py:164:0: W0311: Bad indentation. Found 1 spaces, expected 4 (bad-indentation)
beacon/.staging/latex/Academic Journals/american-geophysical-union/April 16 2019/trackchanges-0.7.0/PythonPackage/AcceptChanges/consoleoutput.py:165:0: W0311: Bad indentation. Found 2 spaces, expected 8 (bad-indentation)
beacon/.staging/latex/Academic Journals/american-geophysical-union/April 16 2019/trackchanges-0.7.0/PythonPackage/AcceptChanges/consoleoutput.py:169:0: C0303: Trailing whitespace (trailing-whitespace)
beacon/.staging/latex/Academic Journals/american-geophysical-union/April 16 2019/trackchanges-0.7.0/PythonPackage/AcceptChanges/consoleoutput.py:170:56: C0303: Trailing whitespace (trailing-whitespace)
beacon/.staging/latex/Academic Journals/american-geophysical-union/April 16 2019/trackchanges-0.7.0/PythonPackage/AcceptChanges/consoleoutput.py:170:0: W0311: Bad indentation. Found 2 spaces, expected 8 (bad-indentation)
beacon/.staging/latex/Academic Journals/american-geophysical-union/April 16 2019/trackchanges-0.7.0/PythonPackage/AcceptChanges/consoleoutput.py:171:0: W0311: Bad indentation. Found 2 spaces, expected 8 (bad-indentation)
beacon/.staging/latex/Academic Journals/american-geophysical-union/April 16 2019/trackchanges-0.7.0/PythonPackage/AcceptChanges/consoleoutput.py:172:0: W0311: Bad indentation. Found 2 spaces, expected 8 (bad-indentation)
beacon/.staging/latex/Academic Journals/american-geophysical-union/April 16 2019/trackchanges-0.7.0/PythonPackage/AcceptChanges/consoleoutput.py:173:0: W0311: Bad indentation. Found 3 spaces, expected 12 (bad-indentation)
beacon/.staging/latex/Academic Journals/american-geophysical-union/April 16 2019/trackchanges-0.7.0/PythonPackage/AcceptChanges/consoleoutput.py:175:0: W0311: Bad indentation. Found 4 spaces, expected 16 (bad-indentation)
beacon/.staging/latex/Academic Journals/american-geophysical-union/April 16 2019/trackchanges-0.7.0/PythonPackage/AcceptChanges/consoleoutput.py:176:0: W0311: Bad indentation. Found 4 spaces, expected 16 (bad-indentation)
beacon/.staging/latex/Academic Journals/american-geophysical-union/April 16 2019/trackchanges-0.7.0/PythonPackage/AcceptChanges/consoleoutput.py:177:0: W0311: Bad indentation. Found 4 spaces, expected 16 (bad-indentation)
beacon/.staging/latex/Academic Journals/american-geophysical-union/April 16 2019/trackchanges-0.7.0/PythonPackage/AcceptChanges/consoleoutput.py:178:0: W0311: Bad indentation. Found 3 spaces, expected 12 (bad-indentation)
beacon/.staging/latex/Academic Journals/american-geophysical-union/April 16 2019/trackchanges-0.7.0/PythonPackage/AcceptChanges/consoleoutput.py:180:0: W0311: Bad indentation. Found 4 spaces, expected 16 (bad-indentation)
beacon/.staging/latex/Academic Journals/american-geophysical-union/April 16 2019/trackchanges-0.7.0/PythonPackage/AcceptChanges/consoleoutput.py:181:0: W0311: Bad indentation. Found 4 spaces, expected 16 (bad-indentation)
beacon/.staging/latex/Academic Journals/american-geophysical-union/April 16 2019/trackchanges-0.7.0/PythonPackage/AcceptChanges/consoleoutput.py:182:0: W0311: Bad indentation. Found 4 spaces, expected 16 (bad-indentation)
beacon/.staging/latex/Academic Journals/american-geophysical-union/April 16 2019/trackchanges-0.7.0/PythonPackage/AcceptChanges/consoleoutput.py:183:0: W0311: Bad indentation. Found 3 spaces, expected 12 (bad-indentation)
beacon/.staging/latex/Academic Journals/american-geophysical-union/April 16 2019/trackchanges-0.7.0/PythonPackage/AcceptChanges/consoleoutput.py:185:0: W0311: Bad indentation. Found 4 spaces, expected 16 (bad-indentation)
beacon/.staging/latex/Academic Journals/american-geophysical-union/April 16 2019/trackchanges-0.7.0/PythonPackage/AcceptChanges/consoleoutput.py:186:0: W0311: Bad indentation. Found 4 spaces, expected 16 (bad-indentation)
beacon/.staging/latex/Academic Journals/american-geophysical-union/April 16 2019/trackchanges-0.7.0/PythonPackage/AcceptChanges/consoleoutput.py:187:0: W0311: Bad indentation. Found 4 spaces, expected 16 (bad-indentation)
beacon/.staging/latex/Academic Journals/american-geophysical-union/April 16 2019/trackchanges-0.7.0/PythonPackage/AcceptChanges/consoleoutput.py:188:0: W0311: Bad indentation. Found 3 spaces, expected 12 (bad-indentation)
beacon/.staging/latex/Academic Journals/american-geophysical-union/April 16 2019/trackchanges-0.7.0/PythonPackage/AcceptChanges/consoleoutput.py:191:0: W0311: Bad indentation. Found 4 spaces, expected 16 (bad-indentation)
beacon/.staging/latex/Academic Journals/american-geophysical-union/April 16 2019/trackchanges-0.7.0/PythonPackage/AcceptChanges/consoleoutput.py:192:0: W0311: Bad indentation. Found 4 spaces, expected 16 (bad-indentation)
beacon/.staging/latex/Academic Journals/american-geophysical-union/April 16 2019/trackchanges-0.7.0/PythonPackage/AcceptChanges/consoleoutput.py:194:0: W0311: Bad indentation. Found 5 spaces, expected 20 (bad-indentation)
beacon/.staging/latex/Academic Journals/american-geophysical-union/April 16 2019/trackchanges-0.7.0/PythonPackage/AcceptChanges/consoleoutput.py:195:0: W0311: Bad indentation. Found 6 spaces, expected 24 (bad-indentation)
beacon/.staging/latex/Academic Journals/american-geophysical-union/April 16 2019/trackchanges-0.7.0/PythonPackage/AcceptChanges/consoleoutput.py:196:0: W0311: Bad indentation. Found 7 spaces, expected 28 (bad-indentation)
beacon/.staging/latex/Academic Journals/american-geophysical-union/April 16 2019/trackchanges-0.7.0/PythonPackage/AcceptChanges/consoleoutput.py:197:0: W0311: Bad indentation. Found 6 spaces, expected 24 (bad-indentation)
beacon/.staging/latex/Academic Journals/american-geophysical-union/April 16 2019/trackchanges-0.7.0/PythonPackage/AcceptChanges/consoleoutput.py:198:0: W0311: Bad indentation. Found 7 spaces, expected 28 (bad-indentation)
beacon/.staging/latex/Academic Journals/american-geophysical-union/April 16 2019/trackchanges-0.7.0/PythonPackage/AcceptChanges/consoleoutput.py:199:0: W0311: Bad indentation. Found 5 spaces, expected 20 (bad-indentation)
beacon/.staging/latex/Academic Journals/american-geophysical-union/April 16 2019/trackchanges-0.7.0/PythonPackage/AcceptChanges/consoleoutput.py:200:0: W0311: Bad indentation. Found 6 spaces, expected 24 (bad-indentation)
beacon/.staging/latex/Academic Journals/american-geophysical-union/April 16 2019/trackchanges-0.7.0/PythonPackage/AcceptChanges/consoleoutput.py:201:0: W0311: Bad indentation. Found 7 spaces, expected 28 (bad-indentation)
beacon/.staging/latex/Academic Journals/american-geophysical-union/April 16 2019/trackchanges-0.7.0/PythonPackage/AcceptChanges/consoleoutput.py:202:0: W0311: Bad indentation. Found 6 spaces, expected 24 (bad-indentation)
beacon/.staging/latex/Academic Journals/american-geophysical-union/April 16 2019/trackchanges-0.7.0/PythonPackage/AcceptChanges/consoleoutput.py:203:0: W0311: Bad indentation. Found 7 spaces, expected 28 (bad-indentation)
beacon/.staging/latex/Academic Journals/american-geophysical-union/April 16 2019/trackchanges-0.7.0/PythonPackage/AcceptChanges/consoleoutput.py:204:0: W0311: Bad indentation. Found 5 spaces, expected 20 (bad-indentation)
beacon/.staging/latex/Academic Journals/american-geophysical-union/April 16 2019/trackchanges-0.7.0/PythonPackage/AcceptChanges/consoleoutput.py:205:0: W0311: Bad indentation. Found 6 spaces, expected 24 (bad-indentation)
beacon/.staging/latex/Academic Journals/american-geophysical-union/April 16 2019/trackchanges-0.7.0/PythonPackage/AcceptChanges/consoleoutput.py:206:0: W0311: Bad indentation. Found 7 spaces, expected 28 (bad-indentation)
beacon/.staging/latex/Academic Journals/american-geophysical-union/April 16 2019/trackchanges-0.7.0/PythonPackage/AcceptChanges/consoleoutput.py:207:0: W0311: Bad indentation. Found 6 spaces, expected 24 (bad-indentation)
beacon/.staging/latex/Academic Journals/american-geophysical-union/April 16 2019/trackchanges-0.7.0/PythonPackage/AcceptChanges/consoleoutput.py:208:0: W0311: Bad indentation. Found 7 spaces, expected 28 (bad-indentation)
beacon/.staging/latex/Academic Journals/american-geophysical-union/April 16 2019/trackchanges-0.7.0/PythonPackage/AcceptChanges/consoleoutput.py:209:0: W0311: Bad indentation. Found 5 spaces, expected 20 (bad-indentation)
beacon/.staging/latex/Academic Journals/american-geophysical-union/April 16 2019/trackchanges-0.7.0/PythonPackage/AcceptChanges/consoleoutput.py:210:0: W0311: Bad indentation. Found 6 spaces, expected 24 (bad-indentation)
beacon/.staging/latex/Academic Journals/american-geophysical-union/April 16 2019/trackchanges-0.7.0/PythonPackage/AcceptChanges/consoleoutput.py:211:0: W0311: Bad indentation. Found 7 spaces, expected 28 (bad-indentation)
beacon/.staging/latex/Academic Journals/american-geophysical-union/April 16 2019/trackchanges-0.7.0/PythonPackage/AcceptChanges/consoleoutput.py:212:0: W0311: Bad indentation. Found 6 spaces, expected 24 (bad-indentation)
beacon/.staging/latex/Academic Journals/american-geophysical-union/April 16 2019/trackchanges-0.7.0/PythonPackage/AcceptChanges/consoleoutput.py:213:0: W0311: Bad indentation. Found 7 spaces, expected 28 (bad-indentation)
beacon/.staging/latex/Academic Journals/american-geophysical-union/April 16 2019/trackchanges-0.7.0/PythonPackage/AcceptChanges/consoleoutput.py:215:0: W0311: Bad indentation. Found 5 spaces, expected 20 (bad-indentation)
beacon/.staging/latex/Academic Journals/american-geophysical-union/April 16 2019/trackchanges-0.7.0/PythonPackage/AcceptChanges/consoleoutput.py:216:0: W0311: Bad indentation. Found 5 spaces, expected 20 (bad-indentation)
beacon/.staging/latex/Academic Journals/american-geophysical-union/April 16 2019/trackchanges-0.7.0/PythonPackage/AcceptChanges/consoleoutput.py:218:0: W0311: Bad indentation. Found 1 spaces, expected 4 (bad-indentation)
beacon/.staging/latex/Academic Journals/american-geophysical-union/April 16 2019/trackchanges-0.7.0/PythonPackage/AcceptChanges/consoleoutput.py:219:0: W0311: Bad indentation. Found 2 spaces, expected 8 (bad-indentation)
beacon/.staging/latex/Academic Journals/american-geophysical-union/April 16 2019/trackchanges-0.7.0/PythonPackage/AcceptChanges/consoleoutput.py:220:0: W0311: Bad indentation. Found 2 spaces, expected 8 (bad-indentation)
beacon/.staging/latex/Academic Journals/american-geophysical-union/April 16 2019/trackchanges-0.7.0/PythonPackage/AcceptChanges/consoleoutput.py:221:0: W0311: Bad indentation. Found 3 spaces, expected 12 (bad-indentation)
beacon/.staging/latex/Academic Journals/american-geophysical-union/April 16 2019/trackchanges-0.7.0/PythonPackage/AcceptChanges/consoleoutput.py:225:0: C0305: Trailing newlines (trailing-newlines)
beacon/.staging/latex/Academic Journals/american-geophysical-union/April 16 2019/trackchanges-0.7.0/PythonPackage/AcceptChanges/consoleoutput.py:29:0: E0401: Unable to import 'linesegment' (import-error)
beacon/.staging/latex/Academic Journals/american-geophysical-union/April 16 2019/trackchanges-0.7.0/PythonPackage/AcceptChanges/consoleoutput.py:45:48: W0622: Redefining built-in 'type' (redefined-builtin)
beacon/.staging/latex/Academic Journals/american-geophysical-union/April 16 2019/trackchanges-0.7.0/PythonPackage/AcceptChanges/consoleoutput.py:107:13: E0602: Undefined variable 'raw_input' (undefined-variable)
beacon/.staging/latex/Academic Journals/american-geophysical-union/April 16 2019/trackchanges-0.7.0/PythonPackage/AcceptChanges/consoleoutput.py:119:13: E0602: Undefined variable 'raw_input' (undefined-variable)
beacon/.staging/latex/Academic Journals/american-geophysical-union/April 16 2019/trackchanges-0.7.0/PythonPackage/AcceptChanges/consoleoutput.py:136:13: E0602: Undefined variable 'raw_input' (undefined-variable)
beacon/.staging/latex/Academic Journals/american-geophysical-union/April 16 2019/trackchanges-0.7.0/PythonPackage/AcceptChanges/consoleoutput.py:153:13: E0602: Undefined variable 'raw_input' (undefined-variable)
beacon/.staging/latex/Academic Journals/american-geophysical-union/April 16 2019/trackchanges-0.7.0/PythonPackage/AcceptChanges/consoleoutput.py:164:1: R0912: Too many branches (18/12) (too-many-branches)
************* Module AcceptChanges.linesegment
beacon/.staging/latex/Academic Journals/american-geophysical-union/April 16 2019/trackchanges-0.7.0/PythonPackage/AcceptChanges/linesegment.py:11:89: C0303: Trailing whitespace (trailing-whitespace)
beacon/.staging/latex/Academic Journals/american-geophysical-union/April 16 2019/trackchanges-0.7.0/PythonPackage/AcceptChanges/linesegment.py:12:88: C0303: Trailing whitespace (trailing-whitespace)
beacon/.staging/latex/Academic Journals/american-geophysical-union/April 16 2019/trackchanges-0.7.0/PythonPackage/AcceptChanges/linesegment.py:15:91: C0303: Trailing whitespace (trailing-whitespace)
beacon/.staging/latex/Academic Journals/american-geophysical-union/April 16 2019/trackchanges-0.7.0/PythonPackage/AcceptChanges/linesegment.py:16:91: C0303: Trailing whitespace (trailing-whitespace)
beacon/.staging/latex/Academic Journals/american-geophysical-union/April 16 2019/trackchanges-0.7.0/PythonPackage/AcceptChanges/linesegment.py:19:92: C0303: Trailing whitespace (trailing-whitespace)
beacon/.staging/latex/Academic Journals/american-geophysical-union/April 16 2019/trackchanges-0.7.0/PythonPackage/AcceptChanges/linesegment.py:20:90: C0303: Trailing whitespace (trailing-whitespace)
beacon/.staging/latex/Academic Journals/american-geophysical-union/April 16 2019/trackchanges-0.7.0/PythonPackage/AcceptChanges/linesegment.py:29:0: W0311: Bad indentation. Found 1 spaces, expected 4 (bad-indentation)
beacon/.staging/latex/Academic Journals/american-geophysical-union/April 16 2019/trackchanges-0.7.0/PythonPackage/AcceptChanges/linesegment.py:30:0: W0311: Bad indentation. Found 2 spaces, expected 8 (bad-indentation)
beacon/.staging/latex/Academic Journals/american-geophysical-union/April 16 2019/trackchanges-0.7.0/PythonPackage/AcceptChanges/linesegment.py:35:0: W0311: Bad indentation. Found 2 spaces, expected 8 (bad-indentation)
beacon/.staging/latex/Academic Journals/american-geophysical-union/April 16 2019/trackchanges-0.7.0/PythonPackage/AcceptChanges/linesegment.py:36:0: W0311: Bad indentation. Found 2 spaces, expected 8 (bad-indentation)
beacon/.staging/latex/Academic Journals/american-geophysical-union/April 16 2019/trackchanges-0.7.0/PythonPackage/AcceptChanges/linesegment.py:37:0: W0311: Bad indentation. Found 2 spaces, expected 8 (bad-indentation)
beacon/.staging/latex/Academic Journals/american-geophysical-union/April 16 2019/trackchanges-0.7.0/PythonPackage/AcceptChanges/linesegment.py:38:0: W0311: Bad indentation. Found 2 spaces, expected 8 (bad-indentation)
beacon/.staging/latex/Academic Journals/american-geophysical-union/April 16 2019/trackchanges-0.7.0/PythonPackage/AcceptChanges/linesegment.py:39:0: W0311: Bad indentation. Found 2 spaces, expected 8 (bad-indentation)
beacon/.staging/latex/Academic Journals/american-geophysical-union/April 16 2019/trackchanges-0.7.0/PythonPackage/AcceptChanges/linesegment.py:40:0: C0303: Trailing whitespace (trailing-whitespace)
beacon/.staging/latex/Academic Journals/american-geophysical-union/April 16 2019/trackchanges-0.7.0/PythonPackage/AcceptChanges/linesegment.py:41:0: W0311: Bad indentation. Found 1 spaces, expected 4 (bad-indentation)
beacon/.staging/latex/Academic Journals/american-geophysical-union/April 16 2019/trackchanges-0.7.0/PythonPackage/AcceptChanges/linesegment.py:42:0: W0311: Bad indentation. Found 2 spaces, expected 8 (bad-indentation)
beacon/.staging/latex/Academic Journals/american-geophysical-union/April 16 2019/trackchanges-0.7.0/PythonPackage/AcceptChanges/linesegment.py:43:0: W0311: Bad indentation. Found 2 spaces, expected 8 (bad-indentation)
beacon/.staging/latex/Academic Journals/american-geophysical-union/April 16 2019/trackchanges-0.7.0/PythonPackage/AcceptChanges/linesegment.py:45:0: W0311: Bad indentation. Found 1 spaces, expected 4 (bad-indentation)
beacon/.staging/latex/Academic Journals/american-geophysical-union/April 16 2019/trackchanges-0.7.0/PythonPackage/AcceptChanges/linesegment.py:46:0: W0311: Bad indentation. Found 2 spaces, expected 8 (bad-indentation)
beacon/.staging/latex/Academic Journals/american-geophysical-union/April 16 2019/trackchanges-0.7.0/PythonPackage/AcceptChanges/linesegment.py:47:0: W0311: Bad indentation. Found 2 spaces, expected 8 (bad-indentation)
beacon/.staging/latex/Academic Journals/american-geophysical-union/April 16 2019/trackchanges-0.7.0/PythonPackage/AcceptChanges/linesegment.py:48:0: W0311: Bad indentation. Found 3 spaces, expected 12 (bad-indentation)
beacon/.staging/latex/Academic Journals/american-geophysical-union/April 16 2019/trackchanges-0.7.0/PythonPackage/AcceptChanges/linesegment.py:49:0: C0303: Trailing whitespace (trailing-whitespace)
beacon/.staging/latex/Academic Journals/american-geophysical-union/April 16 2019/trackchanges-0.7.0/PythonPackage/AcceptChanges/linesegment.py:50:0: W0311: Bad indentation. Found 1 spaces, expected 4 (bad-indentation)
beacon/.staging/latex/Academic Journals/american-geophysical-union/April 16 2019/trackchanges-0.7.0/PythonPackage/AcceptChanges/linesegment.py:51:0: W0311: Bad indentation. Found 2 spaces, expected 8 (bad-indentation)
beacon/.staging/latex/Academic Journals/american-geophysical-union/April 16 2019/trackchanges-0.7.0/PythonPackage/AcceptChanges/linesegment.py:52:0: W0311: Bad indentation. Found 2 spaces, expected 8 (bad-indentation)
beacon/.staging/latex/Academic Journals/american-geophysical-union/April 16 2019/trackchanges-0.7.0/PythonPackage/AcceptChanges/linesegment.py:54:0: C0305: Trailing newlines (trailing-newlines)
beacon/.staging/latex/Academic Journals/american-geophysical-union/April 16 2019/trackchanges-0.7.0/PythonPackage/AcceptChanges/linesegment.py:29:41: W0622: Redefining built-in 'type' (redefined-builtin)
************* Module acceptchanges
beacon/.staging/latex/Academic Journals/american-geophysical-union/April 16 2019/trackchanges-0.7.0/PythonPackage/acceptchanges.py:84:3: E0001: Parsing failed: 'Missing parentheses in call to 'print'. Did you mean print(...)? (acceptchanges, line 84)' (syntax-error)
************* Module trackchanges
beacon/.staging/latex/Academic Journals/american-geophysical-union/April 16 2019/trackchanges-0.7.0/PythonPackage/trackchanges.py:642:9: E0001: Parsing failed: 'Missing parentheses in call to 'print'. Did you mean print(...)? (trackchanges, line 642)' (syntax-error)
************* Module validate_templates
beacon/scripts/validate_templates.py:30:0: R0914: Too many local variables (24/20) (too-many-locals)
beacon/scripts/validate_templates.py:30:0: R0912: Too many branches (26/12) (too-many-branches)
************* Module validate-agents
egolint/.agents/agents/validate-agents.py:84:0: R0912: Too many branches (26/12) (too-many-branches)
************* Module build-distributions
egolint/.agents/skills/build-distributions.py:209:15: W0718: Catching too general exception Exception (broad-exception-caught)
************* Module build-release-artifacts
egolint/.agents/skills/build-release-artifacts.py:20:0: E0401: Unable to import 'jsonschema' (import-error)
************* Module validate-skills
egolint/.agents/skills/validate-skills.py:37:0: R0912: Too many branches (15/12) (too-many-branches)
************* Module validate-specs
egolint/.agents/specs/validate-specs.py:33:0: E0401: Unable to import 'yaml' (import-error)
egolint/.agents/specs/validate-specs.py:115:0: R0914: Too many local variables (27/20) (too-many-locals)
egolint/.agents/specs/validate-specs.py:115:0: R0912: Too many branches (33/12) (too-many-branches)
egolint/.agents/specs/validate-specs.py:115:0: R0915: Too many statements (72/60) (too-many-statements)
************* Module complementary_tools
egolint/scripts/complementary_tools.py:138:0: R0911: Too many return statements (7/6) (too-many-return-statements)
egolint/scripts/complementary_tools.py:202:0: R0912: Too many branches (14/12) (too-many-branches)
egolint/scripts/complementary_tools.py:531:0: R0911: Too many return statements (7/6) (too-many-return-statements)
************* Module validate_megalinter_policy
egolint/scripts/validate_megalinter_policy.py:18:0: E0401: Unable to import 'yaml' (import-error)
egolint/scripts/validate_megalinter_policy.py:301:0: R0912: Too many branches (15/12) (too-many-branches)
egolint/scripts/validate_megalinter_policy.py:359:0: R0914: Too many local variables (22/20) (too-many-locals)
egolint/scripts/validate_megalinter_policy.py:359:0: R0912: Too many branches (23/12) (too-many-branches)
egolint/scripts/validate_megalinter_policy.py:452:0: R0914: Too many local variables (31/20) (too-many-locals)
************* Module validate_fastfetch
mantle/tests/validate_fastfetch.py:114:0: R0912: Too many branches (16/12) (too-many-branches)
************* Module scripts.garden_agent
mindgarden/scripts/garden_agent.py:938:4: R1705: Unnecessary "else" after "return", remove the "else" and de-indent the code inside it (no-else-return)
************* Module scripts.publish_garden
mindgarden/scripts/publish_garden.py:123:0: R0912: Too many branches (13/12) (too-many-branches)
************* Module test_foundation_contract
tests/test_foundation_contract.py:16:0: C0413: Import "import foundation" should be placed at the top of the module (wrong-import-position)
************* Module foundation
tools/foundation.py:62:0: R0914: Too many local variables (34/20) (too-many-locals)
tools/foundation.py:62:0: R0912: Too many branches (50/12) (too-many-branches)
tools/foundation.py:62:0: R0915: Too many statements (127/60) (too-many-statements)
tools/foundation.py:236:0: R0914: Too many local variables (23/20) (too-many-locals)
tools/foundation.py:236:0: R0912: Too many branches (20/12) (too-many-branches)
tools/foundation.py:478:0: R0911: Too many return statements (16/6) (too-many-return-statements)
tools/foundation.py:478:0: R0912: Too many branches (18/12) (too-many-branches)
************* Module staging_home_audit
tools/staging_home_audit.py:1:0: C0302: Too many lines in module (1395/1000) (too-many-lines)
tools/staging_home_audit.py:64:0: R0902: Too many instance attributes (24/12) (too-many-instance-attributes)
tools/staging_home_audit.py:227:0: R0911: Too many return statements (15/6) (too-many-return-statements)
tools/staging_home_audit.py:227:0: R0912: Too many branches (14/12) (too-many-branches)
tools/staging_home_audit.py:279:0: R0911: Too many return statements (7/6) (too-many-return-statements)
tools/staging_home_audit.py:279:22: W0613: Unused argument 'path' (unused-argument)
tools/staging_home_audit.py:413:0: R0912: Too many branches (16/12) (too-many-branches)
tools/staging_home_audit.py:413:0: R0915: Too many statements (69/60) (too-many-statements)
tools/staging_home_audit.py:665:0: R0911: Too many return statements (44/6) (too-many-return-statements)
tools/staging_home_audit.py:665:0: R0912: Too many branches (44/12) (too-many-branches)
tools/staging_home_audit.py:665:0: R0915: Too many statements (66/60) (too-many-statements)
tools/staging_home_audit.py:1171:0: R0911: Too many return statements (8/6) (too-many-return-statements)
tools/staging_home_audit.py:1230:0: R0914: Too many local variables (22/20) (too-many-locals)

-----------------------------------
Your code has been rated at 9.49/10


