Results of mypy linter (version 1.19.1)
See documentation on https://megalinter.io/10.1.0/descriptors/python_mypy/
-----------------------------------------------

❌ [ERROR] for workspace /github/workspace
Linter raw log:
WARNING: The directory '/github/home/.cache/pip' or its parent directory is not owned or is not writable by the current user. The cache has been disabled. Check the permissions and owner of that directory. If executing pip with sudo, you should use sudo's -H flag.
Collecting types-PyYAML
  Downloading types_pyyaml-6.0.12.20260906-py3-none-any.whl.metadata (1.8 kB)
Downloading types_pyyaml-6.0.12.20260906-py3-none-any.whl (21 kB)
Installing collected packages: types-PyYAML
Successfully installed types-PyYAML-6.0.12.20260906
tools/staging_removal_gate.py: note: In function "load_audit_module":
tools/staging_removal_gate.py:17:1: error: Function is missing a return type
annotation  [no-untyped-def]
    def load_audit_module(repository_root: Path):
    ^~~~~~~~~~~~~~~~~~~~~~~~~~~~~~~~~~~~~~~~~~~~~
tools/staging_removal_gate.py: note: In function "validate_removals":
tools/staging_removal_gate.py:43:1: error: Function is missing a type
annotation for one or more arguments  [no-untyped-def]
    def validate_removals(rows, approvals, source_paths: list[str]) -> lis...
    ^~~~~~~~~~~~~~~~~~~~~~~~~~~~~~~~~~~~~~~~~~~~~~~~~~~~~~~~~~~~~~~~~~~~~~...
tools/staging_removal_gate.py: note: In function "main":
tools/staging_removal_gate.py:102:9: error: Assignment to variable "error"
outside except: block  [misc]
            for error in errors:
            ^
tools/staging_removal_gate.py:103:42: error: Trying to read deleted variable
"error"  [misc]
                print(f"removal gate failed: {error}", file=sys.stderr)
                                             ^~~~~~
tools/task_catalog.py: note: In function "render_catalog":
tools/task_catalog.py:75:71: error: "object" has no attribute "__iter__"; maybe
"__dir__" or "__str__"? (not iterable)  [attr-defined]
    ...alias_text = ", ".join(f"`{escape_cell(alias)}`" for alias in aliases)
                                                                     ^~~~~~~
tools/repository_intelligence_publication.py: note: In function "site_inventory":
tools/repository_intelligence_publication.py:352:5: error: Need type annotation
for "records" (hint: "records: list[<type>] = ...")  [var-annotated]
        records = []
        ^~~~~~~
tools/repository_intelligence_publication.py: note: In function "fetch_public":
tools/repository_intelligence_publication.py:431:9: error: Returning Any from
function declared to return "bytes"  [no-any-return]
            return data
            ^~~~~~~~~~~
tools/repository_intelligence_publication.py: note: In member "error" of class "SafeParser":
tools/repository_intelligence_publication.py:526:5: error: Return type "None"
of "error" incompatible with return type "Never" in supertype
"argparse.ArgumentParser"  [override]
        def error(self, message: str) -> None:  # noqa: ARG002
        ^~~~~~~~~~~~~~~~~~~~~~~~~~~~~~~~~~~~~~~~~~~~~~~~~~~~~~
tests/test_staging_removal_gate.py: note: In function "load_module":
tests/test_staging_removal_gate.py:15:1: error: Function is missing a return
type annotation  [no-untyped-def]
    def load_module(name: str, path: Path):
    ^~~~~~~~~~~~~~~~~~~~~~~~~~~~~~~~~~~~~~~
tests/test_staging_removal_gate.py: note: In member "setUpClass" of class "StagingRemovalGateTests":
tests/test_staging_removal_gate.py:32:9: error: "type[StagingRemovalGateTests]"
has no attribute "rows"  [attr-defined]
            cls.rows = audit.build_rows(ROOT)
            ^~~~~~~~
tests/test_staging_removal_gate.py:33:9: error: "type[StagingRemovalGateTests]"
has no attribute "row"  [attr-defined]
            cls.row = next(row for row in cls.rows if row.source_path == "...
            ^~~~~~~
tests/test_staging_removal_gate.py:33:39: error:
"type[StagingRemovalGateTests]" has no attribute "rows"  [attr-defined]
            cls.row = next(row for row in cls.rows if row.source_path == "...
                                          ^~~~~~~~
tests/test_staging_removal_gate.py: note: In member "test_missing_approval_blocks_removal" of class "StagingRemovalGateTests":
tests/test_staging_removal_gate.py:36:41: error: "StagingRemovalGateTests" has
no attribute "rows"  [attr-defined]
            errors = gate.validate_removals(self.rows, {}, [self.row.sourc...
                                            ^~~~~~~~~
tests/test_staging_removal_gate.py:36:57: error: "StagingRemovalGateTests" has
no attribute "row"  [attr-defined]
    ... errors = gate.validate_removals(self.rows, {}, [self.row.source_path]...
                                                        ^~~~~~~~
tests/test_staging_removal_gate.py:37:56: error: "StagingRemovalGateTests" has
no attribute "row"  [attr-defined]
    ...  self.assertEqual([f"missing removal approval: {self.row.source_path}...
                                                        ^~~~~~~~
tests/test_staging_removal_gate.py: note: In member "test_exact_complete_approval_allows_removal" of class "StagingRemovalGateTests":
tests/test_staging_removal_gate.py:41:28: error: "StagingRemovalGateTests" has
no attribute "row"  [attr-defined]
                "source_path": self.row.source_path,
                               ^~~~~~~~
tests/test_staging_removal_gate.py:42:25: error: "StagingRemovalGateTests" has
no attribute "row"  [attr-defined]
                "git_blob": self.row.git_blob,
                            ^~~~~~~~
tests/test_staging_removal_gate.py:43:28: error: "StagingRemovalGateTests" has
no attribute "row"  [attr-defined]
                "destination": self.row.canonical_home,
                               ^~~~~~~~
tests/test_staging_removal_gate.py:52:13: error: "StagingRemovalGateTests" has
no attribute "rows"  [attr-defined]
                self.rows, {self.row.source_path: approval}, [self.row.sou...
                ^~~~~~~~~
tests/test_staging_removal_gate.py:52:25: error: "StagingRemovalGateTests" has
no attribute "row"  [attr-defined]
                self.rows, {self.row.source_path: approval}, [self.row.sou...
                            ^~~~~~~~
tests/test_staging_removal_gate.py: note: In member "test_blob_change_invalidates_approval" of class "StagingRemovalGateTests":
tests/test_staging_removal_gate.py:58:28: error: "StagingRemovalGateTests" has
no attribute "row"  [attr-defined]
                "source_path": self.row.source_path,
                               ^~~~~~~~
tests/test_staging_removal_gate.py:60:28: error: "StagingRemovalGateTests" has
no attribute "row"  [attr-defined]
                "destination": self.row.canonical_home,
                               ^~~~~~~~
tests/test_staging_removal_gate.py:69:13: error: "StagingRemovalGateTests" has
no attribute "rows"  [attr-defined]
                self.rows, {self.row.source_path: approval}, [self.row.sou...
                ^~~~~~~~~
tests/test_staging_removal_gate.py:69:25: error: "StagingRemovalGateTests" has
no attribute "row"  [attr-defined]
                self.rows, {self.row.source_path: approval}, [self.row.sou...
                            ^~~~~~~~
tests/test_staging_removal_gate.py:72:16: error: "StagingRemovalGateTests" has
no attribute "row"  [attr-defined]
                f"{self.row.source_path} approval blob does not match curr...
                   ^~~~~~~~
tests/test_staging_home_audit.py: note: In member "setUpClass" of class "StagingHomeAuditTests":
tests/test_staging_home_audit.py:24:9: error: "type[StagingHomeAuditTests]" has
no attribute "rows"  [attr-defined]
            cls.rows = staging_home_audit.build_rows(REPOSITORY_ROOT)
            ^~~~~~~~
tests/test_staging_home_audit.py:25:9: error: "type[StagingHomeAuditTests]" has
no attribute "by_path"  [attr-defined]
            cls.by_path = {row.source_path: row for row in cls.rows}
            ^~~~~~~~~~~
tests/test_staging_home_audit.py:25:56: error: "type[StagingHomeAuditTests]"
has no attribute "rows"  [attr-defined]
            cls.by_path = {row.source_path: row for row in cls.rows}
                                                           ^~~~~~~~
tests/test_staging_home_audit.py: note: In member "test_every_staged_file_has_a_concrete_home" of class "StagingHomeAuditTests":
tests/test_staging_home_audit.py:34:30: error: "StagingHomeAuditTests" has no
attribute "by_path"  [attr-defined]
            self.assertEqual(set(self.by_path), tracked_staging_paths)
                                 ^~~~~~~~~~~~
tests/test_staging_home_audit.py:35:75: error: "StagingHomeAuditTests" has no
attribute "rows"  [attr-defined]
    ...sertNotIn("manual-review", {row.canonical_owner for row in self.rows})
                                                                  ^~~~~~~~~
tests/test_staging_home_audit.py:36:64: error: "StagingHomeAuditTests" has no
attribute "rows"  [attr-defined]
    ...    self.assertNotIn("TBD", {row.canonical_home for row in self.rows})
                                                                  ^~~~~~~~~
tests/test_staging_home_audit.py: note: In member "test_remaining_devcontainer_features_have_realm_destinations" of class "StagingHomeAuditTests":
tests/test_staging_home_audit.py:46:23: error: "StagingHomeAuditTests" has no
attribute "by_path"  [attr-defined]
                    row = self.by_path[path]
                          ^~~~~~~~~~~~
tests/test_staging_home_audit.py: note: In member "test_product_fixture_is_kept_out_of_realm" of class "StagingHomeAuditTests":
tests/test_staging_home_audit.py:51:15: error: "StagingHomeAuditTests" has no
attribute "by_path"  [attr-defined]
            api = self.by_path[".staging/devenvironment/containers/service...
                  ^~~~~~~~~~~~
tests/test_staging_home_audit.py: note: In member "test_cross_cutting_sources_follow_capability_ownership" of class "StagingHomeAuditTests":
tests/test_staging_home_audit.py:67:34: error: "StagingHomeAuditTests" has no
attribute "by_path"  [attr-defined]
                    self.assertEqual(self.by_path[path].canonical_owner, e...
                                     ^~~~~~~~~~~~
tests/test_staging_home_audit.py: note: In member "test_community_instructions_remain_quarantined" of class "StagingHomeAuditTests":
tests/test_staging_home_audit.py:70:42: error: "StagingHomeAuditTests" has no
attribute "rows"  [attr-defined]
            community_rows = [row for row in self.rows if row.collection.s...
                                             ^~~~~~~~~
tests/test_staging_home_audit.py: note: In member "test_emoji_cache_is_classified_as_generated_renderflow_intake" of class "StagingHomeAuditTests":
tests/test_staging_home_audit.py:82:24: error: "StagingHomeAuditTests" has no
attribute "rows"  [attr-defined]
                for row in self.rows
                           ^~~~~~~~~
tests/test_staging_home_audit.py: note: In member "test_ledger_records_deletion_gate_fields" of class "StagingHomeAuditTests":
tests/test_staging_home_audit.py:94:15: error: "StagingHomeAuditTests" has no
attribute "by_path"  [attr-defined]
            row = self.by_path[".staging/misc/ROADMAP.md"]
                  ^~~~~~~~~~~~
tests/test_staging_home_audit.py: note: In member "test_summary_json_covers_the_file_ledger" of class "StagingHomeAuditTests":
tests/test_staging_home_audit.py:102:59: error: "StagingHomeAuditTests" has no
attribute "rows"  [attr-defined]
            rendered = staging_home_audit.render_summary_json(self.rows)
                                                              ^~~~~~~~~
tests/test_staging_home_audit.py:104:47: error: "StagingHomeAuditTests" has no
attribute "rows"  [attr-defined]
            self.assertIn(f'"tracked_files": {len(self.rows)}', rendered)
                                                  ^~~~~~~~~
tests/test_repository_intelligence_rollback.py: note: In function "canonical_digest":
tests/test_repository_intelligence_rollback.py:24:36: error: Missing type
parameters for generic type "dict"  [type-arg]
    def canonical_digest(records: list[dict]) -> str:
                                       ^
tests/test_repository_intelligence_rollback.py: note: In member "fixture_inventory" of class "RepositoryIntelligenceRollbackTests":
tests/test_repository_intelligence_rollback.py:92:47: error: Missing type
parameters for generic type "dict"  [type-arg]
        def fixture_inventory(root: Path) -> list[dict]:
                                                  ^
tests/test_repository_intelligence_rollback.py: note: In member "verify" of class "RepositoryIntelligenceRollbackTests":
tests/test_repository_intelligence_rollback.py:106:25: error: Missing type
parameters for generic type "dict"  [type-arg]
        def verify(self) -> dict:
                            ^
tests/test_repository_intelligence_rollback.py: note: In member "test_wrong_checkout_revision_or_tree_fails" of class "RepositoryIntelligenceRollbackTests":
tests/test_repository_intelligence_rollback.py:223:30: error: Module
"tools.verify_repository_intelligence_rollback" does not explicitly export
attribute "subprocess"  [attr-defined]
                    patch.object(rollback.subprocess, "run", side_effect=r...
                                 ^~~~~~~~~~~~~~~~~~~
tests/test_repository_intelligence_reports.py: note: In member "setUpClass" of class "RepositoryIntelligenceReportTests":
tests/test_repository_intelligence_reports.py:57:9: error:
"type[RepositoryIntelligenceReportTests]" has no attribute "renderer" 
[attr-defined]
            cls.renderer = importlib.util.module_from_spec(spec)
            ^~~~~~~~~~~~
tests/test_repository_intelligence_reports.py:58:33: error:
"type[RepositoryIntelligenceReportTests]" has no attribute "renderer" 
[attr-defined]
            spec.loader.exec_module(cls.renderer)
                                    ^~~~~~~~~~~~
tests/test_repository_intelligence_reports.py: note: In member "report" of class "RepositoryIntelligenceReportTests":
tests/test_repository_intelligence_reports.py:66:42: error: Missing type
parameters for generic type "dict"  [type-arg]
        def report(producer: str = "osv") -> dict:
                                             ^
tests/test_repository_intelligence_reports.py: note: In member "write_report" of class "RepositoryIntelligenceReportTests":
tests/test_repository_intelligence_reports.py:108:38: error: Missing type
parameters for generic type "dict"  [type-arg]
        def write_report(self, document: dict, producer: str = "osv") -> P...
                                         ^
tests/test_repository_intelligence_reports.py: note: In member "project" of class "RepositoryIntelligenceReportTests":
tests/test_repository_intelligence_reports.py:114:77: error: Missing type
parameters for generic type "dict"  [type-arg]
    ...ject(self, producer: str = "osv", *, as_of: datetime = AS_OF) -> dict:
                                                                        ^
tests/test_repository_intelligence_reports.py:115:9: error: Returning Any from
function declared to return "dict[Any, Any]"  [no-any-return]
            return self.renderer.load_report(self.reports, producer, REPOS...
            ^~~~~~~~~~~~~~~~~~~~~~~~~~~~~~~~~~~~~~~~~~~~~~~~~~~~~~~~~~~~~~...
tests/test_repository_intelligence_reports.py:115:16: error:
"RepositoryIntelligenceReportTests" has no attribute "renderer"  [attr-defined]
            return self.renderer.load_report(self.reports, producer, REPOS...
                   ^~~~~~~~~~~~~
tests/test_repository_intelligence_reports.py: note: In member "assert_unknown_findings" of class "RepositoryIntelligenceReportTests":
tests/test_repository_intelligence_reports.py:117:51: error: Missing type
parameters for generic type "dict"  [type-arg]
        def assert_unknown_findings(self, projection: dict) -> None:
                                                      ^
tests/test_repository_intelligence_reports.py: note: In member "test_successful_scan_keeps_blocking_findings_and_provenance_links" of class "RepositoryIntelligenceReportTests":
tests/test_repository_intelligence_reports.py:133:44: error:
"RepositoryIntelligenceReportTests" has no attribute "renderer"  [attr-defined]
            self.assertIn("Findings: blocked", self.renderer.render_produc...
                                               ^~~~~~~~~~~~~
tests/test_repository_intelligence_reports.py: note: In member "test_failed_megalinter_execution_cannot_become_a_success_from_zero_findings" of class "RepositoryIntelligenceReportTests":
tests/test_repository_intelligence_reports.py:156:35: error:
"RepositoryIntelligenceReportTests" has no attribute "renderer"  [attr-defined]
                "Execution: failure", self.renderer.render_producer_card("...
                                      ^~~~~~~~~~~~~
tests/test_repository_intelligence_reports.py: note: In member "test_public_projection_omits_raw_payload_and_unsafe_urls" of class "RepositoryIntelligenceReportTests":
tests/test_repository_intelligence_reports.py:266:58: error:
"RepositoryIntelligenceReportTests" has no attribute "renderer"  [attr-defined]
    ...        public_output = json.dumps(projection) + self.renderer.render_...
                                                        ^~~~~~~~~~~~~
tests/test_repository_intelligence_reports.py: note: In member "test_committed_reports_keep_their_original_source_commit" of class "RepositoryIntelligenceReportTests":
tests/test_repository_intelligence_reports.py:296:30: error:
"RepositoryIntelligenceReportTests" has no attribute "renderer"  [attr-defined]
                    projection = self.renderer.load_report(
                                 ^~~~~~~~~~~~~
tests/test_repository_intelligence_publication.py: note: In member "fetch_from" of class "PublicationEvidenceTests":
tests/test_repository_intelligence_publication.py:78:5: error: Function is
missing a return type annotation  [no-untyped-def]
        def fetch_from(self, root: Path):
        ^~~~~~~~~~~~~~~~~~~~~~~~~~~~~~~~~
tests/test_repository_intelligence_publication.py: note: In member "test_report_freshness_audit_normalizes_valid_instants_and_omits_arbitrary_values" of class "PublicationEvidenceTests":
tests/test_repository_intelligence_publication.py:166:9: error: Need type
annotation for "value"  [var-annotated]
            for value in ("SECRET", "2026-02-30T10:00:00Z", "2026-09-23T10...
            ^
tests/test_repository_intelligence_publication.py: note: In member "test_adversarial_nested_metadata_types_cannot_claim_a_trusted_refresh" of class "PublicationEvidenceTests":
tests/test_repository_intelligence_publication.py:176:9: error: Need type
annotation for "change"  [var-annotated]
            for change in (
            ^
tests/test_repository_intelligence_publication.py: note: In function "test_live_retries_are_bounded_and_transient_failure_can_recover":
tests/test_repository_intelligence_publication.py:364:13: error: Returning Any
from function declared to return "bytes"  [no-any-return]
                return read(route)
                ^~~~~~~~~~~~~~~~~~
tests/test_repository_intelligence_provenance.py: note: In function "load_module":
tests/test_repository_intelligence_provenance.py:57:1: error: Function is
missing a return type annotation  [no-untyped-def]
    def load_module(name: str, path: Path):
    ^~~~~~~~~~~~~~~~~~~~~~~~~~~~~~~~~~~~~~~
tests/test_repository_intelligence_provenance.py: note: In member "setUpClass" of class "EmpathyProvenanceOwnerIntegrationTests":
tests/test_repository_intelligence_provenance.py:100:9: error:
"type[EmpathyProvenanceOwnerIntegrationTests]" has no attribute "manifest_owner"
 [attr-defined]
            cls.manifest_owner = load_module("empathy_manifest_owner_fixtu...
            ^~~~~~~~~~~~~~~~~~
tests/test_repository_intelligence_provenance.py:101:9: error:
"type[EmpathyProvenanceOwnerIntegrationTests]" has no attribute
"provenance_owner"  [attr-defined]
            cls.provenance_owner = load_module(
            ^~~~~~~~~~~~~~~~~~~~
tests/test_repository_intelligence_provenance.py:104:9: error:
"type[EmpathyProvenanceOwnerIntegrationTests]" has no attribute "consumer" 
[attr-defined]
            cls.consumer = load_module(
            ^~~~~~~~~~~~
tests/test_repository_intelligence_provenance.py: note: In member "setUp" of class "EmpathyProvenanceOwnerIntegrationTests":
tests/test_repository_intelligence_provenance.py:115:22: error:
"EmpathyProvenanceOwnerIntegrationTests" has no attribute "consumer" 
[attr-defined]
            for route in self.consumer.GARDEN_ROUTES:
                         ^~~~~~~~~~~~~
tests/test_repository_intelligence_provenance.py:127:9: error:
"EmpathyProvenanceOwnerIntegrationTests" has no attribute "consumer" 
[attr-defined]
            self.consumer.canonicalize_baseline(self.baseline)
            ^~~~~~~~~~~~~
tests/test_repository_intelligence_provenance.py:129:22: error:
"EmpathyProvenanceOwnerIntegrationTests" has no attribute "consumer" 
[attr-defined]
            for route in self.consumer.INTELLIGENCE_ROUTES:
                         ^~~~~~~~~~~~~
tests/test_repository_intelligence_provenance.py:135:20: error:
"EmpathyProvenanceOwnerIntegrationTests" has no attribute "manifest_owner" 
[attr-defined]
            manifest = self.manifest_owner.build_manifest(
                       ^~~~~~~~~~~~~~~~~~~
tests/test_repository_intelligence_provenance.py:143:9: error:
"EmpathyProvenanceOwnerIntegrationTests" has no attribute "manifest_owner" 
[attr-defined]
            self.manifest_owner.write_json(self.manifest_path, manifest)
            ^~~~~~~~~~~~~~~~~~~
tests/test_repository_intelligence_provenance.py: note: In member "arguments" of class "EmpathyProvenanceOwnerIntegrationTests":
tests/test_repository_intelligence_provenance.py:160:64: error:
"EmpathyProvenanceOwnerIntegrationTests" has no attribute "consumer" 
[attr-defined]
    ...  ["/", "/projects/", *["/" + route for route in self.consumer.INTELLI...
                                                        ^~~~~~~~~~~~~
tests/test_repository_intelligence_provenance.py:166:31: error:
"EmpathyProvenanceOwnerIntegrationTests" has no attribute "consumer" 
[attr-defined]
                "deployment-url": self.consumer.SITE_URL,
                                  ^~~~~~~~~~~~~
tests/test_repository_intelligence_provenance.py:171:29: error:
"EmpathyProvenanceOwnerIntegrationTests" has no attribute "consumer" 
[attr-defined]
                "rollback-url": self.consumer.SITE_URL,
                                ^~~~~~~~~~~~~
tests/test_repository_intelligence_provenance.py: note: In member "invoke" of class "EmpathyProvenanceOwnerIntegrationTests":
tests/test_repository_intelligence_provenance.py:178:13: error: Returning Any
from function declared to return "int"  [no-any-return]
                return self.provenance_owner.main(self.arguments(operation...
                ^~~~~~~~~~~~~~~~~~~~~~~~~~~~~~~~~~~~~~~~~~~~~~~~~~~~~~~~~~...
tests/test_repository_intelligence_provenance.py:178:20: error:
"EmpathyProvenanceOwnerIntegrationTests" has no attribute "provenance_owner" 
[attr-defined]
                return self.provenance_owner.main(self.arguments(operation...
                       ^~~~~~~~~~~~~~~~~~~~~
tests/test_repository_intelligence_provenance.py: note: In member "rewrite_manifest" of class "EmpathyProvenanceOwnerIntegrationTests":
tests/test_repository_intelligence_provenance.py:183:9: error:
"EmpathyProvenanceOwnerIntegrationTests" has no attribute "manifest_owner" 
[attr-defined]
            self.manifest_owner.write_json(self.manifest_path, manifest)
            ^~~~~~~~~~~~~~~~~~~
tests/test_repository_intelligence_provenance.py: note: In member "test_real_owner_verifies_consumer_paths_and_separate_receipt" of class "EmpathyProvenanceOwnerIntegrationTests":
tests/test_repository_intelligence_provenance.py:186:18: error:
"EmpathyProvenanceOwnerIntegrationTests" has no attribute "consumer" 
[attr-defined]
            before = self.consumer.site_inventory(self.site)
                     ^~~~~~~~~~~~~
tests/test_repository_intelligence_provenance.py:190:26: error:
"EmpathyProvenanceOwnerIntegrationTests" has no attribute "consumer" 
[attr-defined]
            self.assertEqual(self.consumer.site_inventory(self.site), befo...
                             ^~~~~~~~~~~~~
tests/test_repository_intelligence_provenance.py: note: In member "test_repeated_owner_manifest_is_identical_before_and_after_receipt" of class "EmpathyProvenanceOwnerIntegrationTests":
tests/test_repository_intelligence_provenance.py:206:21: error:
"EmpathyProvenanceOwnerIntegrationTests" has no attribute "manifest_owner" 
[attr-defined]
            generated = self.manifest_owner.build_manifest(
                        ^~~~~~~~~~~~~~~~~~~
tests/test_repository_intelligence_provenance.py:214:9: error:
"EmpathyProvenanceOwnerIntegrationTests" has no attribute "manifest_owner" 
[attr-defined]
            self.manifest_owner.write_json(self.manifest_path, generated)
            ^~~~~~~~~~~~~~~~~~~
tests/test_repository_intelligence_provenance.py: note: In member "test_incomplete_receipt_cannot_verify" of class "EmpathyProvenanceOwnerIntegrationTests":
tests/test_repository_intelligence_provenance.py:280:9: error:
"EmpathyProvenanceOwnerIntegrationTests" has no attribute "provenance_owner" 
[attr-defined]
            self.provenance_owner.write_json(self.receipt, receipt)
            ^~~~~~~~~~~~~~~~~~~~~
tests/test_repository_intelligence_workflows.py: note: In class "UniqueKeyLoader":
tests/test_repository_intelligence_workflows.py:39:5: error: Cannot override
instance variable (previously declared on base class "BaseResolver") with class
variable  [misc]
        yaml_implicit_resolvers: ClassVar[dict] = {}
        ^~~~~~~~~~~~~~~~~~~~~~~
tests/test_repository_intelligence_workflows.py:39:39: error: Missing type
parameters for generic type "dict"  [type-arg]
        yaml_implicit_resolvers: ClassVar[dict] = {}
                                          ^
tests/test_repository_intelligence_workflows.py: note: In function "unique_mapping":
tests/test_repository_intelligence_workflows.py:42:72: error: Missing type
parameters for generic type "dict"  [type-arg]
    ...ique_mapping(loader: UniqueKeyLoader, node: yaml.MappingNode) -> dict:
                                                                        ^
tests/test_repository_intelligence_workflows.py: note: In function "workflow":
tests/test_repository_intelligence_workflows.py:56:28: error: Missing type
parameters for generic type "dict"  [type-arg]
    def workflow(name: str) -> dict:
                               ^
tests/test_repository_intelligence_workflows.py:58:5: error: Returning Any from
function declared to return "dict[Any, Any]"  [no-any-return]
        return yaml.load((WORKFLOWS / name).read_text(encoding="utf-8"), L...
        ^~~~~~~~~~~~~~~~~~~~~~~~~~~~~~~~~~~~~~~~~~~~~~~~~~~~~~~~~~~~~~~~~~...
tests/test_repository_intelligence_workflows.py: note: In function "evaluate":
tests/test_repository_intelligence_workflows.py:65:36: error: Missing type
parameters for generic type "dict"  [type-arg]
    def evaluate(source: str, context: dict, *, cancelled: bool = False) -...
                                       ^
tests/test_repository_intelligence_workflows.py:76:5: error: Function is
missing a return type annotation  [no-untyped-def]
        def value(path: str):
        ^~~~~~~~~~~~~~~~~~~~~
tests/test_repository_intelligence_workflows.py:92:5: error: Function is
missing a type annotation  [no-untyped-def]
        def visit(node):  # noqa: PLR0911
        ^~~~~~~~~~~~~~~~~~~~~~~~~~~~~~~~~
tests/test_repository_intelligence_workflows.py:98:28: error: Call to untyped
function "visit" in typed context  [no-untyped-call]
                values = [bool(visit(child)) for child in node.values]
                               ^~~~~~~~~~~~
tests/test_repository_intelligence_workflows.py:101:24: error: Call to untyped
function "visit" in typed context  [no-untyped-call]
                return not visit(node.operand)
                           ^~~~~~~~~~~~~~~~~~~
tests/test_repository_intelligence_workflows.py:103:27: error: Call to untyped
function "visit" in typed context  [no-untyped-call]
                left, right = visit(node.left), visit(node.comparators[0])
                              ^~~~~~~~~~~~~~~~
tests/test_repository_intelligence_workflows.py:114:20: error: Cannot call
function of unknown type  [operator]
                return functions[node.func.id](*(visit(arg) for arg in nod...
                       ^~~~~~~~~~~~~~~~~~~~~~~~~~~~~~~~~~~~~~~~~~~~~~~~~~~...
tests/test_repository_intelligence_workflows.py:114:46: error: Call to untyped
function "visit" in typed context  [no-untyped-call]
                return functions[node.func.id](*(visit(arg) for arg in nod...
                                                 ^~~~~~~~~~
tests/test_repository_intelligence_workflows.py:118:17: error: Call to untyped
function "visit" in typed context  [no-untyped-call]
        return bool(visit(ast.parse(source, mode="eval").body))
                    ^~~~~~~~~~~~~~~~~~~~~~~~~~~~~~~~~~~~~~~~~~
tests/test_repository_intelligence_workflows.py: note: In function "event_context":
tests/test_repository_intelligence_workflows.py:122:1: error: Function is
missing a type annotation for one or more arguments  [no-untyped-def]
    def event_context(  # noqa: PLR0913
    ^~~~~~~~~~~~~~~~~~~~~~~~~~~~~~~~~~~
tests/test_repository_intelligence_workflows.py:132:6: error: Missing type
parameters for generic type "dict"  [type-arg]
    ) -> dict:
         ^
tests/test_repository_intelligence_workflows.py: note: In member "run_report" of class "RepositoryIntelligenceWorkflowTests":
tests/test_repository_intelligence_workflows.py:168:21: error: Missing type
parameters for generic type "dict"  [type-arg]
            self, step: dict, filename: str, extra_environment: dict, expe...
                        ^
tests/test_repository_intelligence_workflows.py:169:10: error: Missing type
parameters for generic type "dict"  [type-arg]
        ) -> dict:
             ^
tests/test_repository_intelligence_workflows.py:196:13: error: Returning Any
from function declared to return "dict[Any, Any]"  [no-any-return]
                return json.loads(report_text)
                ^~~~~~~~~~~~~~~~~~~~~~~~~~~~~~
Installing missing stub packages:
/venvs/mypy/bin/python3 -m pip install types-PyYAML


Found 98 errors in 10 files (checked 55 source files)

