Results of bandit linter (version 1.9.4)
See documentation on https://megalinter.io/10.1.0/descriptors/python_bandit/
-----------------------------------------------

❌ [ERROR] for workspace /github/workspace
Linter raw log:
[_py_warnings]	WARNING	"\c" is an invalid escape sequence. Such sequences will not work in the future. Did you mean "\\c"? A raw string is also an option.

[tester]	WARNING	nosec encountered (B108), but no failed test on file ./egolint/scripts/validate_megalinter_policy.py:269
[tester]	WARNING	nosec encountered (B108), but no failed test on file ./egolint/scripts/validate_megalinter_policy.py:270
[tester]	WARNING	nosec encountered (B108), but no failed test on file ./egolint/tests/test_megalinter_policy.py:123
[tester]	WARNING	nosec encountered (B108), but no failed test on file ./egolint/tests/test_megalinter_policy.py:124
Run started:2026-09-23 11:14:08.435623+00:00

Test results:
>> Issue: [B404:blacklist] Consider possible security implications associated with the subprocess module.
   Severity: Low   Confidence: High
   CWE: CWE-78 (https://cwe.mitre.org/data/definitions/78.html)
   More Info: https://bandit.readthedocs.io/en/1.9.4/blacklists/blacklist_imports.html#b404-import-subprocess
   Location: ./tests/test_identity_integration.py:12:0
11	from pathlib import Path
12	import subprocess
13	import unittest

--------------------------------------------------
>> Issue: [B607:start_process_with_partial_path] Starting a process with a partial executable path
   Severity: Low   Confidence: High
   CWE: CWE-78 (https://cwe.mitre.org/data/definitions/78.html)
   More Info: https://bandit.readthedocs.io/en/1.9.4/plugins/b607_start_process_with_partial_path.html
   Location: ./tests/test_identity_integration.py:88:8
87	    def test_pinned_v1_validator_and_compiler_detect_no_generated_state_drift(self) -> None:
88	        subprocess.run(
89	            ["python3", str(IDENTITY_ROOT / "scripts/validate_identity.py"), "--repository-root", str(REPOSITORY_ROOT)],
90	            check=True,
91	        )
92	        subprocess.run(

--------------------------------------------------
>> Issue: [B603:subprocess_without_shell_equals_true] subprocess call - check for execution of untrusted input.
   Severity: Low   Confidence: High
   CWE: CWE-78 (https://cwe.mitre.org/data/definitions/78.html)
   More Info: https://bandit.readthedocs.io/en/1.9.4/plugins/b603_subprocess_without_shell_equals_true.html
   Location: ./tests/test_identity_integration.py:88:8
87	    def test_pinned_v1_validator_and_compiler_detect_no_generated_state_drift(self) -> None:
88	        subprocess.run(
89	            ["python3", str(IDENTITY_ROOT / "scripts/validate_identity.py"), "--repository-root", str(REPOSITORY_ROOT)],
90	            check=True,
91	        )
92	        subprocess.run(

--------------------------------------------------
>> Issue: [B607:start_process_with_partial_path] Starting a process with a partial executable path
   Severity: Low   Confidence: High
   CWE: CWE-78 (https://cwe.mitre.org/data/definitions/78.html)
   More Info: https://bandit.readthedocs.io/en/1.9.4/plugins/b607_start_process_with_partial_path.html
   Location: ./tests/test_identity_integration.py:92:8
91	        )
92	        subprocess.run(
93	            ["cargo", "run", "--quiet", "--manifest-path", str(IDENTITY_ROOT / "Cargo.toml"), "--", "v1-verify", "--repository-root", str(REPOSITORY_ROOT)],
94	            check=True,
95	        )
96	

--------------------------------------------------
>> Issue: [B603:subprocess_without_shell_equals_true] subprocess call - check for execution of untrusted input.
   Severity: Low   Confidence: High
   CWE: CWE-78 (https://cwe.mitre.org/data/definitions/78.html)
   More Info: https://bandit.readthedocs.io/en/1.9.4/plugins/b603_subprocess_without_shell_equals_true.html
   Location: ./tests/test_identity_integration.py:92:8
91	        )
92	        subprocess.run(
93	            ["cargo", "run", "--quiet", "--manifest-path", str(IDENTITY_ROOT / "Cargo.toml"), "--", "v1-verify", "--repository-root", str(REPOSITORY_ROOT)],
94	            check=True,
95	        )
96	

--------------------------------------------------
>> Issue: [B404:blacklist] Consider possible security implications associated with the subprocess module.
   Severity: Low   Confidence: High
   CWE: CWE-78 (https://cwe.mitre.org/data/definitions/78.html)
   More Info: https://bandit.readthedocs.io/en/1.9.4/blacklists/blacklist_imports.html#b404-import-subprocess
   Location: ./tests/test_repository_intelligence_provenance.py:21:0
20	from pathlib import Path
21	import subprocess
22	import tempfile

--------------------------------------------------
>> Issue: [B607:start_process_with_partial_path] Starting a process with a partial executable path
   Severity: Low   Confidence: High
   CWE: CWE-78 (https://cwe.mitre.org/data/definitions/78.html)
   More Info: https://bandit.readthedocs.io/en/1.9.4/plugins/b607_start_process_with_partial_path.html
   Location: ./tests/test_repository_intelligence_provenance.py:40:15
39	    # Only fixed local Git operations and fixture paths execute, without a shell.
40	    revision = subprocess.run(  # noqa: S603
41	        ["git", "-C", str(root), "rev-parse", "HEAD"],  # noqa: S607
42	        capture_output=True,
43	        text=True,
44	        check=True,
45	    ).stdout.strip()
46	    if revision != RELAY_REVISION:

--------------------------------------------------
>> Issue: [B603:subprocess_without_shell_equals_true] subprocess call - check for execution of untrusted input.
   Severity: Low   Confidence: High
   CWE: CWE-78 (https://cwe.mitre.org/data/definitions/78.html)
   More Info: https://bandit.readthedocs.io/en/1.9.4/plugins/b603_subprocess_without_shell_equals_true.html
   Location: ./tests/test_repository_intelligence_provenance.py:40:15
39	    # Only fixed local Git operations and fixture paths execute, without a shell.
40	    revision = subprocess.run(  # noqa: S603
41	        ["git", "-C", str(root), "rev-parse", "HEAD"],  # noqa: S607
42	        capture_output=True,
43	        text=True,
44	        check=True,
45	    ).stdout.strip()
46	    if revision != RELAY_REVISION:

--------------------------------------------------
>> Issue: [B607:start_process_with_partial_path] Starting a process with a partial executable path
   Severity: Low   Confidence: High
   CWE: CWE-78 (https://cwe.mitre.org/data/definitions/78.html)
   More Info: https://bandit.readthedocs.io/en/1.9.4/plugins/b607_start_process_with_partial_path.html
   Location: ./tests/test_repository_intelligence_provenance.py:49:4
48	        raise ValueError(message)
49	    subprocess.run(  # noqa: S603 - Fixed local Git arguments, without a shell.
50	        ["git", "-C", str(root), "diff", "--exit-code", "HEAD", "--", *OWNER_PATHS],  # noqa: S607
51	        capture_output=True,
52	        check=True,
53	    )
54	    return root

--------------------------------------------------
>> Issue: [B603:subprocess_without_shell_equals_true] subprocess call - check for execution of untrusted input.
   Severity: Low   Confidence: High
   CWE: CWE-78 (https://cwe.mitre.org/data/definitions/78.html)
   More Info: https://bandit.readthedocs.io/en/1.9.4/plugins/b603_subprocess_without_shell_equals_true.html
   Location: ./tests/test_repository_intelligence_provenance.py:49:4
48	        raise ValueError(message)
49	    subprocess.run(  # noqa: S603 - Fixed local Git arguments, without a shell.
50	        ["git", "-C", str(root), "diff", "--exit-code", "HEAD", "--", *OWNER_PATHS],  # noqa: S607
51	        capture_output=True,
52	        check=True,
53	    )
54	    return root

--------------------------------------------------
>> Issue: [B607:start_process_with_partial_path] Starting a process with a partial executable path
   Severity: Low   Confidence: High
   CWE: CWE-78 (https://cwe.mitre.org/data/definitions/78.html)
   More Info: https://bandit.readthedocs.io/en/1.9.4/plugins/b607_start_process_with_partial_path.html
   Location: ./tests/test_repository_intelligence_provenance.py:84:16
83	                # Arguments above create only the local temporary Git fixture.
84	                subprocess.run(  # noqa: S603
85	                    ["git", "-C", str(root), *arguments],  # noqa: S607
86	                    check=True,
87	                    capture_output=True,
88	                )
89	            with self.assertRaisesRegex(ValueError, "reviewed immutable"):

--------------------------------------------------
>> Issue: [B603:subprocess_without_shell_equals_true] subprocess call - check for execution of untrusted input.
   Severity: Low   Confidence: High
   CWE: CWE-78 (https://cwe.mitre.org/data/definitions/78.html)
   More Info: https://bandit.readthedocs.io/en/1.9.4/plugins/b603_subprocess_without_shell_equals_true.html
   Location: ./tests/test_repository_intelligence_provenance.py:84:16
83	                # Arguments above create only the local temporary Git fixture.
84	                subprocess.run(  # noqa: S603
85	                    ["git", "-C", str(root), *arguments],  # noqa: S607
86	                    check=True,
87	                    capture_output=True,
88	                )
89	            with self.assertRaisesRegex(ValueError, "reviewed immutable"):

--------------------------------------------------
>> Issue: [B404:blacklist] Consider possible security implications associated with the subprocess module.
   Severity: Low   Confidence: High
   CWE: CWE-78 (https://cwe.mitre.org/data/definitions/78.html)
   More Info: https://bandit.readthedocs.io/en/1.9.4/blacklists/blacklist_imports.html#b404-import-subprocess
   Location: ./tests/test_repository_intelligence_publication.py:16:0
15	import shutil
16	import subprocess
17	import tempfile

--------------------------------------------------
>> Issue: [B105:hardcoded_password_string] Possible hardcoded password: 'True'
   Severity: Low   Confidence: Medium
   CWE: CWE-259 (https://cwe.mitre.org/data/definitions/259.html)
   More Info: https://bandit.readthedocs.io/en/1.9.4/plugins/b105_hardcoded_password_string.html
   Location: ./tests/test_repository_intelligence_publication.py:186:72
185	                self.assertFalse(metadata["triggering_producer"]["trusted_refresh_candidate"])
186	        metadata = publication.workflow_metadata(self.event(conclusion={"SECRET": True}))
187	        self.assertEqual(metadata["triggering_producer"]["conclusion"], "unknown")

--------------------------------------------------
>> Issue: [B105:hardcoded_password_string] Possible hardcoded HIDDEN_BY_MEGALINTER   Severity: Low   Confidence: Medium
   CWE: CWE-259 (https://cwe.mitre.org/data/definitions/259.html)
   More Info: https://bandit.readthedocs.io/en/1.9.4/plugins/b105_hardcoded_password_string.html
   Location: ./tests/test_repository_intelligence_publication.py:220:12
219	            "GITHUB_RUN_ATTEMPT": "1",
220	            "GITHUB_TOKEN": "SECRET",
221	        }
222	
223	    def test_non_successful_producer_refresh_metadata_stays_useful_and_sanitized(self) -> None:
224	        for conclusion in ("failure", "cancelled", "timed_out", "neutral", "success"):
225	            result = publication.workflow_metadata(self.event(conclusion=conclusion))
226	            producer = result["triggering_producer"]
227	            self.assertTrue(producer["trusted_refresh_candidate"])

--------------------------------------------------
>> Issue: [B607:start_process_with_partial_path] Starting a process with a partial executable path
   Severity: Low   Confidence: High
   CWE: CWE-78 (https://cwe.mitre.org/data/definitions/78.html)
   More Info: https://bandit.readthedocs.io/en/1.9.4/plugins/b607_start_process_with_partial_path.html
   Location: ./tests/test_repository_intelligence_publication.py:274:12
273	            # Arguments above create only the local temporary Git fixture.
274	            subprocess.run(  # noqa: S603
275	                ["git", "-C", str(self.root), *arguments],  # noqa: S607
276	                check=True,
277	                capture_output=True,
278	            )
279	        result = publication.collect_input_evidence(self.root, {})

--------------------------------------------------
>> Issue: [B603:subprocess_without_shell_equals_true] subprocess call - check for execution of untrusted input.
   Severity: Low   Confidence: High
   CWE: CWE-78 (https://cwe.mitre.org/data/definitions/78.html)
   More Info: https://bandit.readthedocs.io/en/1.9.4/plugins/b603_subprocess_without_shell_equals_true.html
   Location: ./tests/test_repository_intelligence_publication.py:274:12
273	            # Arguments above create only the local temporary Git fixture.
274	            subprocess.run(  # noqa: S603
275	                ["git", "-C", str(self.root), *arguments],  # noqa: S607
276	                check=True,
277	                capture_output=True,
278	            )
279	        result = publication.collect_input_evidence(self.root, {})

--------------------------------------------------
>> Issue: [B105:hardcoded_password_string] Possible hardcoded HIDDEN_BY_MEGALINTER   Severity: Low   Confidence: Medium
   CWE: CWE-259 (https://cwe.mitre.org/data/definitions/259.html)
   More Info: https://bandit.readthedocs.io/en/1.9.4/plugins/b105_hardcoded_password_string.html
   Location: ./tests/test_repository_intelligence_publication.py:402:75
401	            result = publication.failure_report(
402	                stage, {"GITHUB_RUN_ID": "123", "GITHUB_RUN_ATTEMPT": "2", "SECRET": "token"}
403	            )

--------------------------------------------------
>> Issue: [B404:blacklist] Consider possible security implications associated with the subprocess module.
   Severity: Low   Confidence: High
   CWE: CWE-78 (https://cwe.mitre.org/data/definitions/78.html)
   More Info: https://bandit.readthedocs.io/en/1.9.4/blacklists/blacklist_imports.html#b404-import-subprocess
   Location: ./tests/test_repository_intelligence_reports.py:18:0
17	from pathlib import Path
18	import subprocess
19	from tempfile import TemporaryDirectory

--------------------------------------------------
>> Issue: [B607:start_process_with_partial_path] Starting a process with a partial executable path
   Severity: Low   Confidence: High
   CWE: CWE-78 (https://cwe.mitre.org/data/definitions/78.html)
   More Info: https://bandit.readthedocs.io/en/1.9.4/plugins/b607_start_process_with_partial_path.html
   Location: ./tests/test_repository_intelligence_reports.py:40:19
39	        # Only fixed local Git operations execute; no shell or remote input is used.
40	        revision = subprocess.run(  # noqa: S603
41	            ["git", "-C", str(relay_root), "rev-parse", "HEAD"],  # noqa: S607
42	            check=True,
43	            capture_output=True,
44	            text=True,
45	        ).stdout.strip()
46	        if revision != RELAY_REVISION:

--------------------------------------------------
>> Issue: [B603:subprocess_without_shell_equals_true] subprocess call - check for execution of untrusted input.
   Severity: Low   Confidence: High
   CWE: CWE-78 (https://cwe.mitre.org/data/definitions/78.html)
   More Info: https://bandit.readthedocs.io/en/1.9.4/plugins/b603_subprocess_without_shell_equals_true.html
   Location: ./tests/test_repository_intelligence_reports.py:40:19
39	        # Only fixed local Git operations execute; no shell or remote input is used.
40	        revision = subprocess.run(  # noqa: S603
41	            ["git", "-C", str(relay_root), "rev-parse", "HEAD"],  # noqa: S607
42	            check=True,
43	            capture_output=True,
44	            text=True,
45	        ).stdout.strip()
46	        if revision != RELAY_REVISION:

--------------------------------------------------
>> Issue: [B607:start_process_with_partial_path] Starting a process with a partial executable path
   Severity: Low   Confidence: High
   CWE: CWE-78 (https://cwe.mitre.org/data/definitions/78.html)
   More Info: https://bandit.readthedocs.io/en/1.9.4/plugins/b607_start_process_with_partial_path.html
   Location: ./tests/test_repository_intelligence_reports.py:283:24
282	        # Read only the local fixture revision using fixed Git arguments.
283	        source_commit = subprocess.run(  # noqa: S603
284	            ["git", "-C", str(REPOSITORY_ROOT), "rev-parse", "HEAD"],  # noqa: S607
285	            check=True,
286	            capture_output=True,
287	            text=True,
288	        ).stdout.strip()
289	        for producer in ("osv", "megalinter", "scorecard"):

--------------------------------------------------
>> Issue: [B603:subprocess_without_shell_equals_true] subprocess call - check for execution of untrusted input.
   Severity: Low   Confidence: High
   CWE: CWE-78 (https://cwe.mitre.org/data/definitions/78.html)
   More Info: https://bandit.readthedocs.io/en/1.9.4/plugins/b603_subprocess_without_shell_equals_true.html
   Location: ./tests/test_repository_intelligence_reports.py:283:24
282	        # Read only the local fixture revision using fixed Git arguments.
283	        source_commit = subprocess.run(  # noqa: S603
284	            ["git", "-C", str(REPOSITORY_ROOT), "rev-parse", "HEAD"],  # noqa: S607
285	            check=True,
286	            capture_output=True,
287	            text=True,
288	        ).stdout.strip()
289	        for producer in ("osv", "megalinter", "scorecard"):

--------------------------------------------------
>> Issue: [B404:blacklist] Consider possible security implications associated with the subprocess module.
   Severity: Low   Confidence: High
   CWE: CWE-78 (https://cwe.mitre.org/data/definitions/78.html)
   More Info: https://bandit.readthedocs.io/en/1.9.4/blacklists/blacklist_imports.html#b404-import-subprocess
   Location: ./tests/test_repository_intelligence_rollback.py:16:0
15	from pathlib import Path
16	import subprocess
17	from tempfile import TemporaryDirectory

--------------------------------------------------
>> Issue: [B404:blacklist] Consider possible security implications associated with the subprocess module.
   Severity: Low   Confidence: High
   CWE: CWE-78 (https://cwe.mitre.org/data/definitions/78.html)
   More Info: https://bandit.readthedocs.io/en/1.9.4/blacklists/blacklist_imports.html#b404-import-subprocess
   Location: ./tests/test_repository_intelligence_workflows.py:21:0
20	import re
21	import subprocess
22	from tempfile import TemporaryDirectory

--------------------------------------------------
>> Issue: [B506:yaml_load] Use of unsafe yaml load. Allows instantiation of arbitrary objects. Consider yaml.safe_load().
   Severity: Medium   Confidence: High
   CWE: CWE-20 (https://cwe.mitre.org/data/definitions/20.html)
   More Info: https://bandit.readthedocs.io/en/1.9.4/plugins/b506_yaml_load.html
   Location: ./tests/test_repository_intelligence_workflows.py:58:11
57	    # The custom loader inherits SafeLoader and adds duplicate-key rejection.
58	    return yaml.load((WORKFLOWS / name).read_text(encoding="utf-8"), Loader=UniqueKeyLoader)  # noqa: S506
59	

--------------------------------------------------
>> Issue: [B607:start_process_with_partial_path] Starting a process with a partial executable path
   Severity: Low   Confidence: High
   CWE: CWE-78 (https://cwe.mitre.org/data/definitions/78.html)
   More Info: https://bandit.readthedocs.io/en/1.9.4/plugins/b607_start_process_with_partial_path.html
   Location: ./tests/test_repository_intelligence_workflows.py:181:24
180	            # Execute only checked-in workflow snippets in a temporary fixture directory.
181	            completed = subprocess.run(  # noqa: S603
182	                ["bash", "-c", step["run"]],  # noqa: S607
183	                check=False,
184	                capture_output=True,
185	                text=True,
186	                cwd=directory,
187	                env=environment,
188	            )
189	            self.assertEqual(completed.returncode, expected_status, completed.stderr)

--------------------------------------------------
>> Issue: [B603:subprocess_without_shell_equals_true] subprocess call - check for execution of untrusted input.
   Severity: Low   Confidence: High
   CWE: CWE-78 (https://cwe.mitre.org/data/definitions/78.html)
   More Info: https://bandit.readthedocs.io/en/1.9.4/plugins/b603_subprocess_without_shell_equals_true.html
   Location: ./tests/test_repository_intelligence_workflows.py:181:24
180	            # Execute only checked-in workflow snippets in a temporary fixture directory.
181	            completed = subprocess.run(  # noqa: S603
182	                ["bash", "-c", step["run"]],  # noqa: S607
183	                check=False,
184	                capture_output=True,
185	                text=True,
186	                cwd=directory,
187	                env=environment,
188	            )
189	            self.assertEqual(completed.returncode, expected_status, completed.stderr)

--------------------------------------------------
>> Issue: [B506:yaml_load] Use of unsafe yaml load. Allows instantiation of arbitrary objects. Consider yaml.safe_load().
   Severity: Medium   Confidence: High
   CWE: CWE-20 (https://cwe.mitre.org/data/definitions/20.html)
   More Info: https://bandit.readthedocs.io/en/1.9.4/plugins/b506_yaml_load.html
   Location: ./tests/test_repository_intelligence_workflows.py:206:16
205	                # SafeLoader subclass; these inputs intentionally contain duplicate keys.
206	                yaml.load(source, Loader=UniqueKeyLoader)  # noqa: S506
207	        with self.assertRaises(yaml.constructor.ConstructorError):

--------------------------------------------------
>> Issue: [B506:yaml_load] Use of unsafe yaml load. Allows instantiation of arbitrary objects. Consider yaml.safe_load().
   Severity: Medium   Confidence: High
   CWE: CWE-20 (https://cwe.mitre.org/data/definitions/20.html)
   More Info: https://bandit.readthedocs.io/en/1.9.4/plugins/b506_yaml_load.html
   Location: ./tests/test_repository_intelligence_workflows.py:209:12
208	            # SafeLoader must reject Python object tags before constructing any object.
209	            yaml.load("!!python/object:builtins.object {}", Loader=UniqueKeyLoader)  # noqa: S506
210	        for name in (

--------------------------------------------------
>> Issue: [B607:start_process_with_partial_path] Starting a process with a partial executable path
   Severity: Low   Confidence: High
   CWE: CWE-78 (https://cwe.mitre.org/data/definitions/78.html)
   More Info: https://bandit.readthedocs.io/en/1.9.4/plugins/b607_start_process_with_partial_path.html
   Location: ./tests/test_repository_intelligence_workflows.py:627:28
626	                # The checked-in report snippet receives only controlled fixture values.
627	                completed = subprocess.run(  # noqa: S603
628	                    ["bash", "-c", report_step["run"]],  # noqa: S607
629	                    check=False,
630	                    capture_output=True,
631	                    text=True,
632	                    cwd=directory,
633	                    env={**environment, "GATE_RESULTS": json.dumps(results)},
634	                )
635	                self.assertEqual(completed.returncode, expected_status, completed.stderr)

--------------------------------------------------
>> Issue: [B603:subprocess_without_shell_equals_true] subprocess call - check for execution of untrusted input.
   Severity: Low   Confidence: High
   CWE: CWE-78 (https://cwe.mitre.org/data/definitions/78.html)
   More Info: https://bandit.readthedocs.io/en/1.9.4/plugins/b603_subprocess_without_shell_equals_true.html
   Location: ./tests/test_repository_intelligence_workflows.py:627:28
626	                # The checked-in report snippet receives only controlled fixture values.
627	                completed = subprocess.run(  # noqa: S603
628	                    ["bash", "-c", report_step["run"]],  # noqa: S607
629	                    check=False,
630	                    capture_output=True,
631	                    text=True,
632	                    cwd=directory,
633	                    env={**environment, "GATE_RESULTS": json.dumps(results)},
634	                )
635	                self.assertEqual(completed.returncode, expected_status, completed.stderr)

--------------------------------------------------
>> Issue: [B404:blacklist] Consider possible security implications associated with the subprocess module.
   Severity: Low   Confidence: High
   CWE: CWE-78 (https://cwe.mitre.org/data/definitions/78.html)
   More Info: https://bandit.readthedocs.io/en/1.9.4/blacklists/blacklist_imports.html#b404-import-subprocess
   Location: ./tools/repository_intelligence_publication.py:19:0
18	import re
19	import subprocess
20	import sys

--------------------------------------------------
>> Issue: [B607:start_process_with_partial_path] Starting a process with a partial executable path
   Severity: Low   Confidence: High
   CWE: CWE-78 (https://cwe.mitre.org/data/definitions/78.html)
   More Info: https://bandit.readthedocs.io/en/1.9.4/plugins/b607_start_process_with_partial_path.html
   Location: ./tools/repository_intelligence_publication.py:184:11
183	    # Trusted runner Git, fixed rev-parse operation and HEAD/tree references; never a shell.
184	    return subprocess.run(  # noqa: S603
185	        ["git", "-C", str(root), "rev-parse", "--verify", revision],  # noqa: S607
186	        check=True,
187	        capture_output=True,
188	        text=True,
189	    ).stdout.strip()
190	

--------------------------------------------------
>> Issue: [B603:subprocess_without_shell_equals_true] subprocess call - check for execution of untrusted input.
   Severity: Low   Confidence: High
   CWE: CWE-78 (https://cwe.mitre.org/data/definitions/78.html)
   More Info: https://bandit.readthedocs.io/en/1.9.4/plugins/b603_subprocess_without_shell_equals_true.html
   Location: ./tools/repository_intelligence_publication.py:184:11
183	    # Trusted runner Git, fixed rev-parse operation and HEAD/tree references; never a shell.
184	    return subprocess.run(  # noqa: S603
185	        ["git", "-C", str(root), "rev-parse", "--verify", revision],  # noqa: S607
186	        check=True,
187	        capture_output=True,
188	        text=True,
189	    ).stdout.strip()
190	

--------------------------------------------------
>> Issue: [B404:blacklist] Consider possible security implications associated with the subprocess module.
   Severity: Low   Confidence: High
   CWE: CWE-78 (https://cwe.mitre.org/data/definitions/78.html)
   More Info: https://bandit.readthedocs.io/en/1.9.4/blacklists/blacklist_imports.html#b404-import-subprocess
   Location: ./tools/staging_home_audit.py:18:0
17	import re
18	import subprocess
19	import sys

--------------------------------------------------
>> Issue: [B607:start_process_with_partial_path] Starting a process with a partial executable path
   Severity: Low   Confidence: High
   CWE: CWE-78 (https://cwe.mitre.org/data/definitions/78.html)
   More Info: https://bandit.readthedocs.io/en/1.9.4/plugins/b607_start_process_with_partial_path.html
   Location: ./tools/staging_home_audit.py:212:11
211	def run_git(repository_root: Path, *arguments: str) -> bytes:
212	    return subprocess.check_output(["git", *arguments], cwd=repository_root, stderr=subprocess.PIPE)
213	

--------------------------------------------------
>> Issue: [B603:subprocess_without_shell_equals_true] subprocess call - check for execution of untrusted input.
   Severity: Low   Confidence: High
   CWE: CWE-78 (https://cwe.mitre.org/data/definitions/78.html)
   More Info: https://bandit.readthedocs.io/en/1.9.4/plugins/b603_subprocess_without_shell_equals_true.html
   Location: ./tools/staging_home_audit.py:212:11
211	def run_git(repository_root: Path, *arguments: str) -> bytes:
212	    return subprocess.check_output(["git", *arguments], cwd=repository_root, stderr=subprocess.PIPE)
213	

--------------------------------------------------
>> Issue: [B404:blacklist] Consider possible security implications associated with the subprocess module.
   Severity: Low   Confidence: High
   CWE: CWE-78 (https://cwe.mitre.org/data/definitions/78.html)
   More Info: https://bandit.readthedocs.io/en/1.9.4/blacklists/blacklist_imports.html#b404-import-subprocess
   Location: ./tools/task_catalog.py:14:0
13	import shutil
14	import subprocess
15	import sys

--------------------------------------------------
>> Issue: [B603:subprocess_without_shell_equals_true] subprocess call - check for execution of untrusted input.
   Severity: Low   Confidence: High
   CWE: CWE-78 (https://cwe.mitre.org/data/definitions/78.html)
   More Info: https://bandit.readthedocs.io/en/1.9.4/plugins/b603_subprocess_without_shell_equals_true.html
   Location: ./tools/task_catalog.py:47:16
46	    """Return public described tasks from Task's canonical JSON output."""
47	    completed = subprocess.run(
48	        [task_binary(), "--dir", str(repository_root), "--list", "--json"],
49	        check=True,
50	        capture_output=True,
51	        text=True,
52	    )
53	    payload = json.loads(completed.stdout)

--------------------------------------------------
>> Issue: [B405:blacklist] Using ElementTree to parse untrusted XML data is known to be vulnerable to XML attacks. Replace ElementTree with the equivalent defusedxml package, or make sure defusedxml.defuse_stdlib() is called.
   Severity: Low   Confidence: High
   CWE: CWE-20 (https://cwe.mitre.org/data/definitions/20.html)
   More Info: https://bandit.readthedocs.io/en/1.9.4/blacklists/blacklist_imports.html#b405-import-xml-etree
   Location: ./tools/verify_repository_intelligence_rollback.py:20:0
19	from typing import Any
20	from xml.etree import ElementTree as ET
21	

--------------------------------------------------
>> Issue: [B607:start_process_with_partial_path] Starting a process with a partial executable path
   Severity: Low   Confidence: High
   CWE: CWE-78 (https://cwe.mitre.org/data/definitions/78.html)
   More Info: https://bandit.readthedocs.io/en/1.9.4/plugins/b607_start_process_with_partial_path.html
   Location: ./tools/verify_repository_intelligence_rollback.py:208:17
207	        # Trusted runner Git and fixed HEAD/tree references; never a shell.
208	        result = subprocess.run(  # noqa: S603  # nosec B603
209	            ["git", "-C", str(repository_root), "rev-parse", "--verify", reference],  # noqa: S607
210	            check=False,
211	            capture_output=True,
212	            text=True,
213	        )
214	        if result.returncode != 0 or result.stdout.strip() != expected:

--------------------------------------------------

Code scanned:
	Total lines of code: 13402
	Total lines skipped (#nosec): 1
	Total potential issues skipped due to specifically being disabled (e.g., #nosec BXXX): 29

Run metrics:
	Total issues (by severity):
		Undefined: 0
		Low: 39
		Medium: 3
		High: 0
	Total issues (by confidence):
		Undefined: 0
		Low: 0
		Medium: 3
		High: 39
Files skipped (2):
	./beacon/.staging/latex/Academic Journals/american-geophysical-union/April 16 2019/trackchanges-0.7.0/PythonPackage/acceptchanges.py (syntax error while parsing AST from file)
	./beacon/.staging/latex/Academic Journals/american-geophysical-union/April 16 2019/trackchanges-0.7.0/PythonPackage/trackchanges.py (syntax error while parsing AST from file)

