Results of checkov linter (version 3.3.9)
See documentation on https://megalinter.io/10.0.0/descriptors/repository_checkov/
-----------------------------------------------

❌ [ERROR] for workspace /github/workspace
Linter raw log:
2026-08-16 02:40:57,858 [MainThread  ] [INFO ]  Checking necessary system dependencies for helm checks.
2026-08-16 02:40:58,167 [MainThread  ] [INFO ]  Found working version of helm dependencies: v3.19.0
2026-08-16 02:40:58,168 [MainThread  ] [INFO ]  Checking necessary system dependencies for kustomize checks.
2026-08-16 02:40:58,170 [MainThread  ] [INFO ]  Could not find usable tools locally to process kustomize checks. Framework will be disabled for this run.
2026-08-16 02:40:58,171 [MainThread  ] [INFO ]  The following frameworks will automatically be disabled due to missing system dependencies: kustomize
2026-08-16 02:40:58,986 [MainThread  ] [INFO ]  The framework "sca_image" is part of the "SCA" module, which is not enabled in the platform
2026-08-16 02:40:58,987 [MainThread  ] [INFO ]  The framework "sca_package" is part of the "SCA" module, which is not enabled in the platform
2026-08-16 02:40:58,987 [MainThread  ] [INFO ]  The framework "sast" is part of the "SAST" module, which is not enabled in the platform
2026-08-16 02:40:58,987 [MainThread  ] [INFO ]  The framework "cdk" is part of the "SAST" module, which is not enabled in the platform
2026-08-16 02:40:59,001 [MainThread  ] [INFO ]  Scanning root folder and producing fresh tf_definitions and context
2026-08-16 02:40:59,002 [MainThread  ] [INFO ]  Parsing HCL files in source dir to graph
2026-08-16 02:40:59,008 [MainThread  ] [WARNI]  /venvs/checkov/lib/python3.14/site-packages/checkov/terraform/module_loading/module_finder.py:63: FutureWarning: Possible set union at position 9
  excluded_paths_regex = re.compile('|'.join(f"({excluded_paths})")) if excluded_paths else None

2026-08-16 02:40:59,011 [MainThread  ] [WARNI]  /venvs/checkov/lib/python3.14/site-packages/checkov/terraform/module_loading/module_finder.py:63: FutureWarning: Possible set union at position 10
  excluded_paths_regex = re.compile('|'.join(f"({excluded_paths})")) if excluded_paths else None

2026-08-16 02:40:59,012 [MainThread  ] [WARNI]  /venvs/checkov/lib/python3.14/site-packages/checkov/terraform/module_loading/module_finder.py:63: FutureWarning: Possible set union at position 31
  excluded_paths_regex = re.compile('|'.join(f"({excluded_paths})")) if excluded_paths else None

2026-08-16 02:40:59,012 [MainThread  ] [WARNI]  /venvs/checkov/lib/python3.14/site-packages/checkov/terraform/module_loading/module_finder.py:63: FutureWarning: Possible set union at position 32
  excluded_paths_regex = re.compile('|'.join(f"({excluded_paths})")) if excluded_paths else None

2026-08-16 02:40:59,012 [MainThread  ] [WARNI]  /venvs/checkov/lib/python3.14/site-packages/checkov/terraform/module_loading/module_finder.py:63: FutureWarning: Possible set union at position 49
  excluded_paths_regex = re.compile('|'.join(f"({excluded_paths})")) if excluded_paths else None

2026-08-16 02:40:59,012 [MainThread  ] [WARNI]  /venvs/checkov/lib/python3.14/site-packages/checkov/terraform/module_loading/module_finder.py:63: FutureWarning: Possible set union at position 50
  excluded_paths_regex = re.compile('|'.join(f"({excluded_paths})")) if excluded_paths else None

2026-08-16 02:40:59,012 [MainThread  ] [WARNI]  /venvs/checkov/lib/python3.14/site-packages/checkov/terraform/module_loading/module_finder.py:63: FutureWarning: Possible set union at position 83
  excluded_paths_regex = re.compile('|'.join(f"({excluded_paths})")) if excluded_paths else None

2026-08-16 02:40:59,012 [MainThread  ] [WARNI]  /venvs/checkov/lib/python3.14/site-packages/checkov/terraform/module_loading/module_finder.py:63: FutureWarning: Possible set union at position 84
  excluded_paths_regex = re.compile('|'.join(f"({excluded_paths})")) if excluded_paths else None

2026-08-16 02:40:59,013 [MainThread  ] [WARNI]  /venvs/checkov/lib/python3.14/site-packages/checkov/terraform/module_loading/module_finder.py:63: FutureWarning: Possible set union at position 101
  excluded_paths_regex = re.compile('|'.join(f"({excluded_paths})")) if excluded_paths else None

2026-08-16 02:40:59,013 [MainThread  ] [WARNI]  /venvs/checkov/lib/python3.14/site-packages/checkov/terraform/module_loading/module_finder.py:63: FutureWarning: Possible set union at position 102
  excluded_paths_regex = re.compile('|'.join(f"({excluded_paths})")) if excluded_paths else None

2026-08-16 02:40:59,013 [MainThread  ] [WARNI]  /venvs/checkov/lib/python3.14/site-packages/checkov/terraform/module_loading/module_finder.py:63: FutureWarning: Possible set union at position 123
  excluded_paths_regex = re.compile('|'.join(f"({excluded_paths})")) if excluded_paths else None

2026-08-16 02:40:59,013 [MainThread  ] [WARNI]  /venvs/checkov/lib/python3.14/site-packages/checkov/terraform/module_loading/module_finder.py:63: FutureWarning: Possible set union at position 124
  excluded_paths_regex = re.compile('|'.join(f"({excluded_paths})")) if excluded_paths else None

2026-08-16 02:40:59,013 [MainThread  ] [WARNI]  /venvs/checkov/lib/python3.14/site-packages/checkov/terraform/module_loading/module_finder.py:63: FutureWarning: Possible set union at position 141
  excluded_paths_regex = re.compile('|'.join(f"({excluded_paths})")) if excluded_paths else None

2026-08-16 02:40:59,013 [MainThread  ] [WARNI]  /venvs/checkov/lib/python3.14/site-packages/checkov/terraform/module_loading/module_finder.py:63: FutureWarning: Possible set union at position 142
  excluded_paths_regex = re.compile('|'.join(f"({excluded_paths})")) if excluded_paths else None

2026-08-16 02:40:59,014 [MainThread  ] [WARNI]  /venvs/checkov/lib/python3.14/site-packages/checkov/terraform/module_loading/module_finder.py:63: FutureWarning: Possible set union at position 165
  excluded_paths_regex = re.compile('|'.join(f"({excluded_paths})")) if excluded_paths else None

2026-08-16 02:40:59,014 [MainThread  ] [WARNI]  /venvs/checkov/lib/python3.14/site-packages/checkov/terraform/module_loading/module_finder.py:63: FutureWarning: Possible set union at position 166
  excluded_paths_regex = re.compile('|'.join(f"({excluded_paths})")) if excluded_paths else None

2026-08-16 02:40:59,016 [MainThread  ] [WARNI]  /venvs/checkov/lib/python3.14/site-packages/checkov/terraform/module_loading/module_finder.py:63: FutureWarning: Possible set union at position 183
  excluded_paths_regex = re.compile('|'.join(f"({excluded_paths})")) if excluded_paths else None

2026-08-16 02:40:59,017 [MainThread  ] [WARNI]  /venvs/checkov/lib/python3.14/site-packages/checkov/terraform/module_loading/module_finder.py:63: FutureWarning: Possible set union at position 184
  excluded_paths_regex = re.compile('|'.join(f"({excluded_paths})")) if excluded_paths else None

2026-08-16 02:40:59,017 [MainThread  ] [WARNI]  /venvs/checkov/lib/python3.14/site-packages/checkov/terraform/module_loading/module_finder.py:63: FutureWarning: Possible set union at position 201
  excluded_paths_regex = re.compile('|'.join(f"({excluded_paths})")) if excluded_paths else None

2026-08-16 02:40:59,017 [MainThread  ] [WARNI]  /venvs/checkov/lib/python3.14/site-packages/checkov/terraform/module_loading/module_finder.py:63: FutureWarning: Possible set union at position 202
  excluded_paths_regex = re.compile('|'.join(f"({excluded_paths})")) if excluded_paths else None

2026-08-16 02:40:59,017 [MainThread  ] [WARNI]  /venvs/checkov/lib/python3.14/site-packages/checkov/terraform/module_loading/module_finder.py:63: FutureWarning: Possible set union at position 219
  excluded_paths_regex = re.compile('|'.join(f"({excluded_paths})")) if excluded_paths else None

2026-08-16 02:40:59,017 [MainThread  ] [WARNI]  /venvs/checkov/lib/python3.14/site-packages/checkov/terraform/module_loading/module_finder.py:63: FutureWarning: Possible set union at position 220
  excluded_paths_regex = re.compile('|'.join(f"({excluded_paths})")) if excluded_paths else None

2026-08-16 02:40:59,017 [MainThread  ] [WARNI]  /venvs/checkov/lib/python3.14/site-packages/checkov/terraform/module_loading/module_finder.py:63: FutureWarning: Possible set union at position 245
  excluded_paths_regex = re.compile('|'.join(f"({excluded_paths})")) if excluded_paths else None

2026-08-16 02:40:59,018 [MainThread  ] [WARNI]  /venvs/checkov/lib/python3.14/site-packages/checkov/terraform/module_loading/module_finder.py:63: FutureWarning: Possible set union at position 246
  excluded_paths_regex = re.compile('|'.join(f"({excluded_paths})")) if excluded_paths else None

2026-08-16 02:40:59,018 [MainThread  ] [WARNI]  /venvs/checkov/lib/python3.14/site-packages/checkov/terraform/module_loading/module_finder.py:63: FutureWarning: Possible set union at position 263
  excluded_paths_regex = re.compile('|'.join(f"({excluded_paths})")) if excluded_paths else None

2026-08-16 02:40:59,018 [MainThread  ] [WARNI]  /venvs/checkov/lib/python3.14/site-packages/checkov/terraform/module_loading/module_finder.py:63: FutureWarning: Possible set union at position 264
  excluded_paths_regex = re.compile('|'.join(f"({excluded_paths})")) if excluded_paths else None

2026-08-16 02:40:59,018 [MainThread  ] [WARNI]  /venvs/checkov/lib/python3.14/site-packages/checkov/terraform/module_loading/module_finder.py:63: FutureWarning: Possible set union at position 283
  excluded_paths_regex = re.compile('|'.join(f"({excluded_paths})")) if excluded_paths else None

2026-08-16 02:40:59,018 [MainThread  ] [WARNI]  /venvs/checkov/lib/python3.14/site-packages/checkov/terraform/module_loading/module_finder.py:63: FutureWarning: Possible set union at position 284
  excluded_paths_regex = re.compile('|'.join(f"({excluded_paths})")) if excluded_paths else None

2026-08-16 02:40:59,018 [MainThread  ] [WARNI]  /venvs/checkov/lib/python3.14/site-packages/checkov/terraform/module_loading/module_finder.py:63: FutureWarning: Possible set union at position 301
  excluded_paths_regex = re.compile('|'.join(f"({excluded_paths})")) if excluded_paths else None

2026-08-16 02:40:59,021 [MainThread  ] [WARNI]  /venvs/checkov/lib/python3.14/site-packages/checkov/terraform/module_loading/module_finder.py:63: FutureWarning: Possible set union at position 302
  excluded_paths_regex = re.compile('|'.join(f"({excluded_paths})")) if excluded_paths else None

2026-08-16 02:40:59,022 [MainThread  ] [WARNI]  /venvs/checkov/lib/python3.14/site-packages/checkov/terraform/module_loading/module_finder.py:63: FutureWarning: Possible set union at position 319
  excluded_paths_regex = re.compile('|'.join(f"({excluded_paths})")) if excluded_paths else None

2026-08-16 02:40:59,022 [MainThread  ] [WARNI]  /venvs/checkov/lib/python3.14/site-packages/checkov/terraform/module_loading/module_finder.py:63: FutureWarning: Possible set union at position 320
  excluded_paths_regex = re.compile('|'.join(f"({excluded_paths})")) if excluded_paths else None

2026-08-16 02:40:59,022 [MainThread  ] [WARNI]  /venvs/checkov/lib/python3.14/site-packages/checkov/terraform/module_loading/module_finder.py:63: FutureWarning: Possible set union at position 337
  excluded_paths_regex = re.compile('|'.join(f"({excluded_paths})")) if excluded_paths else None

2026-08-16 02:40:59,022 [MainThread  ] [WARNI]  /venvs/checkov/lib/python3.14/site-packages/checkov/terraform/module_loading/module_finder.py:63: FutureWarning: Possible set union at position 338
  excluded_paths_regex = re.compile('|'.join(f"({excluded_paths})")) if excluded_paths else None

2026-08-16 02:40:59,022 [MainThread  ] [WARNI]  /venvs/checkov/lib/python3.14/site-packages/checkov/terraform/module_loading/module_finder.py:63: FutureWarning: Possible set union at position 363
  excluded_paths_regex = re.compile('|'.join(f"({excluded_paths})")) if excluded_paths else None

2026-08-16 02:40:59,022 [MainThread  ] [WARNI]  /venvs/checkov/lib/python3.14/site-packages/checkov/terraform/module_loading/module_finder.py:63: FutureWarning: Possible set union at position 364
  excluded_paths_regex = re.compile('|'.join(f"({excluded_paths})")) if excluded_paths else None

2026-08-16 02:40:59,022 [MainThread  ] [WARNI]  /venvs/checkov/lib/python3.14/site-packages/checkov/terraform/module_loading/module_finder.py:63: FutureWarning: Possible set union at position 381
  excluded_paths_regex = re.compile('|'.join(f"({excluded_paths})")) if excluded_paths else None

2026-08-16 02:40:59,022 [MainThread  ] [WARNI]  /venvs/checkov/lib/python3.14/site-packages/checkov/terraform/module_loading/module_finder.py:63: FutureWarning: Possible set union at position 382
  excluded_paths_regex = re.compile('|'.join(f"({excluded_paths})")) if excluded_paths else None

2026-08-16 02:40:59,023 [MainThread  ] [WARNI]  /venvs/checkov/lib/python3.14/site-packages/checkov/terraform/module_loading/module_finder.py:63: FutureWarning: Possible set union at position 409
  excluded_paths_regex = re.compile('|'.join(f"({excluded_paths})")) if excluded_paths else None

2026-08-16 02:40:59,023 [MainThread  ] [WARNI]  /venvs/checkov/lib/python3.14/site-packages/checkov/terraform/module_loading/module_finder.py:63: FutureWarning: Possible set union at position 410
  excluded_paths_regex = re.compile('|'.join(f"({excluded_paths})")) if excluded_paths else None

2026-08-16 02:40:59,023 [MainThread  ] [WARNI]  /venvs/checkov/lib/python3.14/site-packages/checkov/terraform/module_loading/module_finder.py:63: FutureWarning: Possible set union at position 427
  excluded_paths_regex = re.compile('|'.join(f"({excluded_paths})")) if excluded_paths else None

2026-08-16 02:40:59,023 [MainThread  ] [WARNI]  /venvs/checkov/lib/python3.14/site-packages/checkov/terraform/module_loading/module_finder.py:63: FutureWarning: Possible set union at position 428
  excluded_paths_regex = re.compile('|'.join(f"({excluded_paths})")) if excluded_paths else None

2026-08-16 02:40:59,023 [MainThread  ] [WARNI]  /venvs/checkov/lib/python3.14/site-packages/checkov/terraform/module_loading/module_finder.py:63: FutureWarning: Possible set union at position 457
  excluded_paths_regex = re.compile('|'.join(f"({excluded_paths})")) if excluded_paths else None

2026-08-16 02:40:59,023 [MainThread  ] [WARNI]  /venvs/checkov/lib/python3.14/site-packages/checkov/terraform/module_loading/module_finder.py:63: FutureWarning: Possible set union at position 458
  excluded_paths_regex = re.compile('|'.join(f"({excluded_paths})")) if excluded_paths else None

2026-08-16 02:40:59,147 [MainThread  ] [INFO ]  Creating Serverless graph
2026-08-16 02:40:59,147 [MainThread  ] [INFO ]  Successfully created Serverless graph (0 vertices)
2026-08-16 02:40:59,248 [MainThread  ] [INFO ]  Starting download of modules of length 0
2026-08-16 02:40:59,254 [MainThread  ] [INFO ]  creating CloudFormation graph
2026-08-16 02:40:59,255 [MainThread  ] [INFO ]  [CloudformationLocalGraph] created 1 vertices
2026-08-16 02:40:59,265 [MainThread  ] [INFO ]  [CloudformationLocalGraph] created 0 edges
2026-08-16 02:40:59,269 [MainThread  ] [INFO ]  Rendering variables, graph has 1 vertices and 0 edges
2026-08-16 02:40:59,276 [MainThread  ] [INFO ]  Successfully created CloudFormation graph
2026-08-16 02:40:59,297 [MainThread  ] [INFO ]  Creating vertices
2026-08-16 02:40:59,298 [MainThread  ] [INFO ]  [TerraformLocalGraph] created 0 vertices
2026-08-16 02:40:59,298 [MainThread  ] [INFO ]  creating Kubernetes graph
2026-08-16 02:40:59,299 [MainThread  ] [INFO ]  Creating edges
2026-08-16 02:40:59,299 [MainThread  ] [INFO ]  [TerraformLocalGraph] created 0 edges
2026-08-16 02:40:59,310 [MainThread  ] [INFO ]  Creating ARM graph
2026-08-16 02:40:59,311 [MainThread  ] [INFO ]  Successfully created ARM graph
2026-08-16 02:40:59,333 [MainThread  ] [INFO ]  Successfully created Kubernetes graph
2026-08-16 02:40:59,379 [MainThread  ] [INFO ]  Creating Dockerfile graph
2026-08-16 02:40:59,394 [MainThread  ] [INFO ]  Successfully created Dockerfile graph
2026-08-16 02:41:00,035 [MainThread  ] [INFO ]  Building graph from parsed module
2026-08-16 02:41:00,046 [MainThread  ] [INFO ]  Creating vertices
2026-08-16 02:41:00,046 [MainThread  ] [INFO ]  [TerraformLocalGraph] created 12 vertices
2026-08-16 02:41:00,046 [MainThread  ] [INFO ]  Creating edges
2026-08-16 02:41:00,047 [MainThread  ] [INFO ]  [TerraformLocalGraph] created 4 edges
2026-08-16 02:41:00,047 [MainThread  ] [INFO ]  Rendering variables, graph has 12 vertices and 4 edges
2026-08-16 02:41:00,109 [MainThread  ] [INFO ]  Building cross variable edges
2026-08-16 02:41:00,112 [MainThread  ] [INFO ]  Found 0 cross variable edges
2026-08-16 02:41:00,112 [MainThread  ] [INFO ]  Building S3 edges name references
2026-08-16 02:41:00,113 [MainThread  ] [INFO ]  Found 0 S3 name references edges
2026-08-16 02:41:08,874 [MainThread  ] [INFO ]  File ./egolint/tests/fixtures/vacuum/openapi.yml has the wrong type <class 'dict'>
2026-08-16 02:41:08,877 [MainThread  ] [INFO ]  File ./egolint/tests/fixtures/tekton-lint/task.yaml has the wrong type <class 'dict'>
2026-08-16 02:41:08,878 [MainThread  ] [INFO ]  File ./egolint/tests/fixtures/negative/kubernetes/privileged-pod.yml has the wrong type <class 'dict'>
2026-08-16 02:41:08,878 [MainThread  ] [INFO ]  File ./egolint/tests/fixtures/kubernetes/valid-deployment.yml has the wrong type <class 'dict'>
2026-08-16 02:41:08,880 [MainThread  ] [INFO ]  Creating Ansible graph
2026-08-16 02:41:08,884 [MainThread  ] [INFO ]  Successfully created Ansible graph
2026-08-16 02:41:08,972 [MainThread  ] [INFO ]  Creating GitHubActions graph
2026-08-16 02:41:08,975 [MainThread  ] [INFO ]  Successfully created GitHubActions graph
terraform scan results:

Passed checks: 9, Failed checks: 6, Skipped checks: 0

Check: CKV2_AWS_62: "Ensure S3 buckets should have event notifications enabled"
	FAILED for resource: aws_s3_bucket.fixture
	File: /egolint/tests/fixtures/kics/terraform/main.tf:12-14
	Guide: https://docs.prismacloud.io/en/enterprise-edition/policy-reference/aws-policies/aws-logging-policies/bc-aws-2-62
Check: CKV_AWS_144: "Ensure that S3 bucket has cross-region replication enabled"
	FAILED for resource: aws_s3_bucket.fixture
	File: /egolint/tests/fixtures/kics/terraform/main.tf:12-14
	Guide: https://docs.prismacloud.io/en/enterprise-edition/policy-reference/aws-policies/aws-general-policies/ensure-that-s3-bucket-has-cross-region-replication-enabled
Check: CKV_AWS_21: "Ensure all data stored in the S3 bucket have versioning enabled"
	FAILED for resource: aws_s3_bucket.fixture
	File: /egolint/tests/fixtures/kics/terraform/main.tf:12-14
	Guide: https://docs.prismacloud.io/en/enterprise-edition/policy-reference/aws-policies/s3-policies/s3-16-enable-versioning
Check: CKV_AWS_18: "Ensure the S3 bucket has access logging enabled"
	FAILED for resource: aws_s3_bucket.fixture
	File: /egolint/tests/fixtures/kics/terraform/main.tf:12-14
	Guide: https://docs.prismacloud.io/en/enterprise-edition/policy-reference/aws-policies/s3-policies/s3-13-enable-logging
Check: CKV2_AWS_61: "Ensure that an S3 bucket has a lifecycle configuration"
	FAILED for resource: aws_s3_bucket.fixture
	File: /egolint/tests/fixtures/kics/terraform/main.tf:12-14
	Guide: https://docs.prismacloud.io/en/enterprise-edition/policy-reference/aws-policies/aws-logging-policies/bc-aws-2-61
Check: CKV_AWS_145: "Ensure that S3 buckets are encrypted with KMS by default"
	FAILED for resource: aws_s3_bucket.fixture
	File: /egolint/tests/fixtures/kics/terraform/main.tf:12-14
	Guide: https://docs.prismacloud.io/en/enterprise-edition/policy-reference/aws-policies/aws-general-policies/ensure-that-s3-buckets-are-encrypted-with-kms-by-default
cloudformation scan results:

Passed checks: 7, Failed checks: 2, Skipped checks: 0

Check: CKV_AWS_18: "Ensure the S3 bucket has access logging enabled"
	FAILED for resource: AWS::S3::Bucket.ExampleBucket
	File: /egolint/tests/fixtures/cloudformation/valid-template.yml:7-20
	Guide: https://docs.prismacloud.io/en/enterprise-edition/policy-reference/aws-policies/s3-policies/s3-13-enable-logging
Check: CKV_AWS_21: "Ensure the S3 bucket has versioning enabled"
	FAILED for resource: AWS::S3::Bucket.ExampleBucket
	File: /egolint/tests/fixtures/cloudformation/valid-template.yml:7-20
	Guide: https://docs.prismacloud.io/en/enterprise-edition/policy-reference/aws-policies/s3-policies/s3-16-enable-versioning
kubernetes scan results:

Passed checks: 164, Failed checks: 44, Skipped checks: 0

Check: CKV_K8S_40: "Containers should run as a high UID to avoid host conflict"
	FAILED for resource: Deployment.default.healthy
	File: /egolint/tests/fixtures/conftest/valid.yml:2-7
	Guide: https://docs.prismacloud.io/en/enterprise-edition/policy-reference/kubernetes-policies/kubernetes-policy-index/bc-k8s-37
Check: CKV_K8S_31: "Ensure that the seccomp profile is set to docker/default or runtime/default"
	FAILED for resource: Deployment.default.healthy
	File: /egolint/tests/fixtures/conftest/valid.yml:2-7
	Guide: https://docs.prismacloud.io/en/enterprise-edition/policy-reference/kubernetes-policies/kubernetes-policy-index/bc-k8s-29
Check: CKV_K8S_38: "Ensure that Service Account Tokens are only mounted where necessary"
	FAILED for resource: Deployment.default.healthy
	File: /egolint/tests/fixtures/conftest/valid.yml:2-7
	Guide: https://docs.prismacloud.io/en/enterprise-edition/policy-reference/kubernetes-policies/kubernetes-policy-index/bc-k8s-35
Check: CKV_K8S_29: "Apply security context to your pods and containers"
	FAILED for resource: Deployment.default.healthy
	File: /egolint/tests/fixtures/conftest/valid.yml:2-7
	Guide: https://docs.prismacloud.io/en/enterprise-edition/policy-reference/kubernetes-policies/kubernetes-policy-index/ensure-securitycontext-is-applied-to-pods-and-containers
Check: CKV_K8S_21: "The default namespace should not be used"
	FAILED for resource: Deployment.default.healthy
	File: /egolint/tests/fixtures/conftest/valid.yml:2-7
	Guide: https://docs.prismacloud.io/en/enterprise-edition/policy-reference/kubernetes-policies/kubernetes-policy-index/bc-k8s-20
Check: CKV_K8S_23: "Minimize the admission of root containers"
	FAILED for resource: Deployment.default.healthy
	File: /egolint/tests/fixtures/conftest/valid.yml:2-7
	Guide: https://docs.prismacloud.io/en/enterprise-edition/policy-reference/kubernetes-policies/kubernetes-policy-index/bc-k8s-22
Check: CKV_K8S_40: "Containers should run as a high UID to avoid host conflict"
	FAILED for resource: Deployment.default.fragile
	File: /egolint/tests/fixtures/negative/conftest/invalid.yml:2-7
	Guide: https://docs.prismacloud.io/en/enterprise-edition/policy-reference/kubernetes-policies/kubernetes-policy-index/bc-k8s-37
Check: CKV_K8S_31: "Ensure that the seccomp profile is set to docker/default or runtime/default"
	FAILED for resource: Deployment.default.fragile
	File: /egolint/tests/fixtures/negative/conftest/invalid.yml:2-7
	Guide: https://docs.prismacloud.io/en/enterprise-edition/policy-reference/kubernetes-policies/kubernetes-policy-index/bc-k8s-29
Check: CKV_K8S_38: "Ensure that Service Account Tokens are only mounted where necessary"
	FAILED for resource: Deployment.default.fragile
	File: /egolint/tests/fixtures/negative/conftest/invalid.yml:2-7
	Guide: https://docs.prismacloud.io/en/enterprise-edition/policy-reference/kubernetes-policies/kubernetes-policy-index/bc-k8s-35
Check: CKV_K8S_29: "Apply security context to your pods and containers"
	FAILED for resource: Deployment.default.fragile
	File: /egolint/tests/fixtures/negative/conftest/invalid.yml:2-7
	Guide: https://docs.prismacloud.io/en/enterprise-edition/policy-reference/kubernetes-policies/kubernetes-policy-index/ensure-securitycontext-is-applied-to-pods-and-containers
Check: CKV_K8S_21: "The default namespace should not be used"
	FAILED for resource: Deployment.default.fragile
	File: /egolint/tests/fixtures/negative/conftest/invalid.yml:2-7
	Guide: https://docs.prismacloud.io/en/enterprise-edition/policy-reference/kubernetes-policies/kubernetes-policy-index/bc-k8s-20
Check: CKV_K8S_23: "Minimize the admission of root containers"
	FAILED for resource: Deployment.default.fragile
	File: /egolint/tests/fixtures/negative/conftest/invalid.yml:2-7
	Guide: https://docs.prismacloud.io/en/enterprise-edition/policy-reference/kubernetes-policies/kubernetes-policy-index/bc-k8s-22
Check: CKV_K8S_40: "Containers should run as a high UID to avoid host conflict"
	FAILED for resource: Deployment.default.invalid-deployment
	File: /egolint/tests/fixtures/negative/kubernetes/invalid-deployment.yml:2-7
	Guide: https://docs.prismacloud.io/en/enterprise-edition/policy-reference/kubernetes-policies/kubernetes-policy-index/bc-k8s-37
Check: CKV_K8S_31: "Ensure that the seccomp profile is set to docker/default or runtime/default"
	FAILED for resource: Deployment.default.invalid-deployment
	File: /egolint/tests/fixtures/negative/kubernetes/invalid-deployment.yml:2-7
	Guide: https://docs.prismacloud.io/en/enterprise-edition/policy-reference/kubernetes-policies/kubernetes-policy-index/bc-k8s-29
Check: CKV_K8S_38: "Ensure that Service Account Tokens are only mounted where necessary"
	FAILED for resource: Deployment.default.invalid-deployment
	File: /egolint/tests/fixtures/negative/kubernetes/invalid-deployment.yml:2-7
	Guide: https://docs.prismacloud.io/en/enterprise-edition/policy-reference/kubernetes-policies/kubernetes-policy-index/bc-k8s-35
Check: CKV_K8S_29: "Apply security context to your pods and containers"
	FAILED for resource: Deployment.default.invalid-deployment
	File: /egolint/tests/fixtures/negative/kubernetes/invalid-deployment.yml:2-7
	Guide: https://docs.prismacloud.io/en/enterprise-edition/policy-reference/kubernetes-policies/kubernetes-policy-index/ensure-securitycontext-is-applied-to-pods-and-containers
Check: CKV_K8S_21: "The default namespace should not be used"
	FAILED for resource: Deployment.default.invalid-deployment
	File: /egolint/tests/fixtures/negative/kubernetes/invalid-deployment.yml:2-7
	Guide: https://docs.prismacloud.io/en/enterprise-edition/policy-reference/kubernetes-policies/kubernetes-policy-index/bc-k8s-20
Check: CKV_K8S_23: "Minimize the admission of root containers"
	FAILED for resource: Deployment.default.invalid-deployment
	File: /egolint/tests/fixtures/negative/kubernetes/invalid-deployment.yml:2-7
	Guide: https://docs.prismacloud.io/en/enterprise-edition/policy-reference/kubernetes-policies/kubernetes-policy-index/bc-k8s-22
Check: CKV_K8S_40: "Containers should run as a high UID to avoid host conflict"
	FAILED for resource: Pod.default.privileged-pod
	File: /egolint/tests/fixtures/negative/kubernetes/privileged-pod.yml:2-11
	Guide: https://docs.prismacloud.io/en/enterprise-edition/policy-reference/kubernetes-policies/kubernetes-policy-index/bc-k8s-37
Check: CKV_K8S_31: "Ensure that the seccomp profile is set to docker/default or runtime/default"
	FAILED for resource: Pod.default.privileged-pod
	File: /egolint/tests/fixtures/negative/kubernetes/privileged-pod.yml:2-11
	Guide: https://docs.prismacloud.io/en/enterprise-edition/policy-reference/kubernetes-policies/kubernetes-policy-index/bc-k8s-29
Check: CKV_K8S_8: "Liveness Probe Should be Configured"
	FAILED for resource: Pod.default.privileged-pod
	File: /egolint/tests/fixtures/negative/kubernetes/privileged-pod.yml:2-11
	Guide: https://docs.prismacloud.io/en/enterprise-edition/policy-reference/kubernetes-policies/kubernetes-policy-index/bc-k8s-7
Check: CKV_K8S_38: "Ensure that Service Account Tokens are only mounted where necessary"
	FAILED for resource: Pod.default.privileged-pod
	File: /egolint/tests/fixtures/negative/kubernetes/privileged-pod.yml:2-11
	Guide: https://docs.prismacloud.io/en/enterprise-edition/policy-reference/kubernetes-policies/kubernetes-policy-index/bc-k8s-35
Check: CKV_K8S_13: "Memory limits should be set"
	FAILED for resource: Pod.default.privileged-pod
	File: /egolint/tests/fixtures/negative/kubernetes/privileged-pod.yml:2-11
	Guide: https://docs.prismacloud.io/en/enterprise-edition/policy-reference/kubernetes-policies/kubernetes-policy-index/bc-k8s-12
Check: CKV_K8S_16: "Container should not be privileged"
	FAILED for resource: Pod.default.privileged-pod
	File: /egolint/tests/fixtures/negative/kubernetes/privileged-pod.yml:2-11
	Guide: https://docs.prismacloud.io/en/enterprise-edition/policy-reference/kubernetes-policies/kubernetes-policy-index/bc-k8s-15
Check: CKV_K8S_22: "Use read-only filesystem for containers where possible"
	FAILED for resource: Pod.default.privileged-pod
	File: /egolint/tests/fixtures/negative/kubernetes/privileged-pod.yml:2-11
	Guide: https://docs.prismacloud.io/en/enterprise-edition/policy-reference/kubernetes-policies/kubernetes-policy-index/bc-k8s-21
Check: CKV_K8S_20: "Containers should not run with allowPrivilegeEscalation"
	FAILED for resource: Pod.default.privileged-pod
	File: /egolint/tests/fixtures/negative/kubernetes/privileged-pod.yml:2-11
	Guide: https://docs.prismacloud.io/en/enterprise-edition/policy-reference/kubernetes-policies/kubernetes-policy-index/bc-k8s-19
Check: CKV_K8S_29: "Apply security context to your pods and containers"
	FAILED for resource: Pod.default.privileged-pod
	File: /egolint/tests/fixtures/negative/kubernetes/privileged-pod.yml:2-11
	Guide: https://docs.prismacloud.io/en/enterprise-edition/policy-reference/kubernetes-policies/kubernetes-policy-index/ensure-securitycontext-is-applied-to-pods-and-containers
Check: CKV_K8S_37: "Minimize the admission of containers with capabilities assigned"
	FAILED for resource: Pod.default.privileged-pod
	File: /egolint/tests/fixtures/negative/kubernetes/privileged-pod.yml:2-11
	Guide: https://docs.prismacloud.io/en/enterprise-edition/policy-reference/kubernetes-policies/kubernetes-policy-index/bc-k8s-34
Check: CKV_K8S_12: "Memory requests should be set"
	FAILED for resource: Pod.default.privileged-pod
	File: /egolint/tests/fixtures/negative/kubernetes/privileged-pod.yml:2-11
	Guide: https://docs.prismacloud.io/en/enterprise-edition/policy-reference/kubernetes-policies/kubernetes-policy-index/bc-k8s-11
Check: CKV_K8S_21: "The default namespace should not be used"
	FAILED for resource: Pod.default.privileged-pod
	File: /egolint/tests/fixtures/negative/kubernetes/privileged-pod.yml:2-11
	Guide: https://docs.prismacloud.io/en/enterprise-edition/policy-reference/kubernetes-policies/kubernetes-policy-index/bc-k8s-20
Check: CKV_K8S_10: "CPU requests should be set"
	FAILED for resource: Pod.default.privileged-pod
	File: /egolint/tests/fixtures/negative/kubernetes/privileged-pod.yml:2-11
	Guide: https://docs.prismacloud.io/en/enterprise-edition/policy-reference/kubernetes-policies/kubernetes-policy-index/bc-k8s-9
Check: CKV_K8S_15: "Image Pull Policy should be Always"
	FAILED for resource: Pod.default.privileged-pod
	File: /egolint/tests/fixtures/negative/kubernetes/privileged-pod.yml:2-11
	Guide: https://docs.prismacloud.io/en/enterprise-edition/policy-reference/kubernetes-policies/kubernetes-policy-index/bc-k8s-14
Check: CKV_K8S_11: "CPU limits should be set"
	FAILED for resource: Pod.default.privileged-pod
	File: /egolint/tests/fixtures/negative/kubernetes/privileged-pod.yml:2-11
	Guide: https://docs.prismacloud.io/en/enterprise-edition/policy-reference/kubernetes-policies/kubernetes-policy-index/bc-k8s-10
Check: CKV_K8S_23: "Minimize the admission of root containers"
	FAILED for resource: Pod.default.privileged-pod
	File: /egolint/tests/fixtures/negative/kubernetes/privileged-pod.yml:2-11
	Guide: https://docs.prismacloud.io/en/enterprise-edition/policy-reference/kubernetes-policies/kubernetes-policy-index/bc-k8s-22
Check: CKV_K8S_9: "Readiness Probe Should be Configured"
	FAILED for resource: Pod.default.privileged-pod
	File: /egolint/tests/fixtures/negative/kubernetes/privileged-pod.yml:2-11
	Guide: https://docs.prismacloud.io/en/enterprise-edition/policy-reference/kubernetes-policies/kubernetes-policy-index/bc-k8s-8
Check: CKV_K8S_28: "Minimize the admission of containers with the NET_RAW capability"
	FAILED for resource: Pod.default.privileged-pod
	File: /egolint/tests/fixtures/negative/kubernetes/privileged-pod.yml:2-11
	Guide: https://docs.prismacloud.io/en/enterprise-edition/policy-reference/kubernetes-policies/kubernetes-policy-index/bc-k8s-27
Check: CKV_K8S_43: "Image should use digest"
	FAILED for resource: Pod.default.privileged-pod
	File: /egolint/tests/fixtures/negative/kubernetes/privileged-pod.yml:2-11
	Guide: https://docs.prismacloud.io/en/enterprise-edition/policy-reference/kubernetes-policies/kubernetes-policy-index/bc-k8s-39
Check: CKV_K8S_8: "Liveness Probe Should be Configured"
	FAILED for resource: Deployment.default.greeting-service
	File: /egolint/tests/fixtures/kubernetes/valid-deployment.yml:2-38
	Guide: https://docs.prismacloud.io/en/enterprise-edition/policy-reference/kubernetes-policies/kubernetes-policy-index/bc-k8s-7
Check: CKV_K8S_21: "The default namespace should not be used"
	FAILED for resource: Deployment.default.greeting-service
	File: /egolint/tests/fixtures/kubernetes/valid-deployment.yml:2-38
	Guide: https://docs.prismacloud.io/en/enterprise-edition/policy-reference/kubernetes-policies/kubernetes-policy-index/bc-k8s-20
Check: CKV_K8S_15: "Image Pull Policy should be Always"
	FAILED for resource: Deployment.default.greeting-service
	File: /egolint/tests/fixtures/kubernetes/valid-deployment.yml:2-38
	Guide: https://docs.prismacloud.io/en/enterprise-edition/policy-reference/kubernetes-policies/kubernetes-policy-index/bc-k8s-14
Check: CKV_K8S_9: "Readiness Probe Should be Configured"
	FAILED for resource: Deployment.default.greeting-service
	File: /egolint/tests/fixtures/kubernetes/valid-deployment.yml:2-38
	Guide: https://docs.prismacloud.io/en/enterprise-edition/policy-reference/kubernetes-policies/kubernetes-policy-index/bc-k8s-8
Check: CKV_K8S_43: "Image should use digest"
	FAILED for resource: Deployment.default.greeting-service
	File: /egolint/tests/fixtures/kubernetes/valid-deployment.yml:2-38
	Guide: https://docs.prismacloud.io/en/enterprise-edition/policy-reference/kubernetes-policies/kubernetes-policy-index/bc-k8s-39
Check: CKV2_K8S_6: "Minimize the admission of pods which lack an associated NetworkPolicy"
	FAILED for resource: Pod.default.privileged-pod
	File: /egolint/tests/fixtures/negative/kubernetes/privileged-pod.yml:2-11
Check: CKV2_K8S_6: "Minimize the admission of pods which lack an associated NetworkPolicy"
	FAILED for resource: Pod.default.greeting-service.app-greeting-service
	File: /egolint/tests/fixtures/kubernetes/valid-deployment.yml:2-38
dockerfile scan results:

Passed checks: 30, Failed checks: 1, Skipped checks: 0

Check: CKV_DOCKER_2: "Ensure that HEALTHCHECK instructions have been added to container images"
	FAILED for resource: /egolint/tests/fixtures/hadolint/Dockerfile.
	File: /egolint/tests/fixtures/hadolint/Dockerfile:1-14
	Guide: https://docs.prismacloud.io/en/enterprise-edition/policy-reference/docker-policies/docker-policy-index/ensure-that-healthcheck-instructions-have-been-added-to-container-images
openapi scan results:

Passed checks: 6, Failed checks: 4, Skipped checks: 0

Check: CKV_OPENAPI_4: "Ensure that the global security field has rules defined"
	FAILED for resource: security
	File: /egolint/tests/fixtures/vacuum/openapi.yml:2-35
	Guide: https://docs.prismacloud.io/en/enterprise-edition/policy-reference/api-policies/openapi-policies/ensure-that-the-global-security-field-has-rules-defined
Check: CKV_OPENAPI_5: "Ensure that security operations is not empty."
	FAILED for resource: security
	File: /egolint/tests/fixtures/vacuum/openapi.yml:2-35
	Guide: https://docs.prismacloud.io/en/enterprise-edition/policy-reference/api-policies/openapi-policies/ensure-that-security-operations-is-not-empty
Check: CKV_OPENAPI_4: "Ensure that the global security field has rules defined"
	FAILED for resource: security
	File: /egolint/tests/fixtures/negative/vacuum/openapi.yml:2-9
	Guide: https://docs.prismacloud.io/en/enterprise-edition/policy-reference/api-policies/openapi-policies/ensure-that-the-global-security-field-has-rules-defined
Check: CKV_OPENAPI_5: "Ensure that security operations is not empty."
	FAILED for resource: security
	File: /egolint/tests/fixtures/negative/vacuum/openapi.yml:2-9
	Guide: https://docs.prismacloud.io/en/enterprise-edition/policy-reference/api-policies/openapi-policies/ensure-that-security-operations-is-not-empty


