Results of trivy linter (version 0.74.0)
See documentation on https://megalinter.io/10.1.0/descriptors/repository_trivy/
-----------------------------------------------

❌ [ERROR] for workspace /github/workspace
Linter raw log:
2026-09-30T11:24:32Z	INFO	Loaded	file_path="egolint/.config/security/trivy/trivy.yaml"
2026-09-30T11:24:32Z	INFO	[vulndb] Need to update DB
2026-09-30T11:24:32Z	INFO	[vulndb] Downloading vulnerability DB...
2026-09-30T11:24:32Z	INFO	[vulndb] Downloading artifact...	repo="mirror.gcr.io/aquasec/trivy-db:2"
1.15 MiB / 118.55 MiB [>_____________________________________________________________] 0.97% ? p/s ?7.52 MiB / 118.55 MiB [--->__________________________________________________________] 6.34% ? p/s ?25.94 MiB / 118.55 MiB [------------->______________________________________________] 21.88% ? p/s ?46.39 MiB / 118.55 MiB [------------------>____________________________] 39.13% 75.17 MiB p/s ETA 0s64.30 MiB / 118.55 MiB [------------------------->_____________________] 54.24% 75.17 MiB p/s ETA 0s83.01 MiB / 118.55 MiB [-------------------------------->______________] 70.03% 75.17 MiB p/s ETA 0s103.99 MiB / 118.55 MiB [---------------------------------------->_____] 87.72% 76.52 MiB p/s ETA 0s118.55 MiB / 118.55 MiB [-------------------------------------------->] 100.00% 76.52 MiB p/s ETA 0s118.55 MiB / 118.55 MiB [-------------------------------------------->] 100.00% 76.52 MiB p/s ETA 0s118.55 MiB / 118.55 MiB [-------------------------------------------->] 100.00% 73.15 MiB p/s ETA 0s118.55 MiB / 118.55 MiB [-------------------------------------------->] 100.00% 73.15 MiB p/s ETA 0s118.55 MiB / 118.55 MiB [-------------------------------------------->] 100.00% 73.15 MiB p/s ETA 0s118.55 MiB / 118.55 MiB [-------------------------------------------->] 100.00% 68.43 MiB p/s ETA 0s118.55 MiB / 118.55 MiB [-------------------------------------------->] 100.00% 68.43 MiB p/s ETA 0s118.55 MiB / 118.55 MiB [-------------------------------------------->] 100.00% 68.43 MiB p/s ETA 0s118.55 MiB / 118.55 MiB [-------------------------------------------->] 100.00% 64.01 MiB p/s ETA 0s118.55 MiB / 118.55 MiB [-------------------------------------------->] 100.00% 64.01 MiB p/s ETA 0s118.55 MiB / 118.55 MiB [-------------------------------------------->] 100.00% 64.01 MiB p/s ETA 0s118.55 MiB / 118.55 MiB [-------------------------------------------->] 100.00% 59.88 MiB p/s ETA 0s118.55 MiB / 118.55 MiB [-------------------------------------------->] 100.00% 59.88 MiB p/s ETA 0s118.55 MiB / 118.55 MiB [-------------------------------------------->] 100.00% 59.88 MiB p/s ETA 0s118.55 MiB / 118.55 MiB [-------------------------------------------->] 100.00% 56.02 MiB p/s ETA 0s118.55 MiB / 118.55 MiB [-------------------------------------------->] 100.00% 56.02 MiB p/s ETA 0s118.55 MiB / 118.55 MiB [-------------------------------------------->] 100.00% 56.02 MiB p/s ETA 0s118.55 MiB / 118.55 MiB [-------------------------------------------->] 100.00% 52.40 MiB p/s ETA 0s118.55 MiB / 118.55 MiB [-------------------------------------------->] 100.00% 52.40 MiB p/s ETA 0s118.55 MiB / 118.55 MiB [-------------------------------------------->] 100.00% 52.40 MiB p/s ETA 0s118.55 MiB / 118.55 MiB [-------------------------------------------->] 100.00% 49.02 MiB p/s ETA 0s118.55 MiB / 118.55 MiB [-------------------------------------------->] 100.00% 49.02 MiB p/s ETA 0s118.55 MiB / 118.55 MiB [-------------------------------------------->] 100.00% 49.02 MiB p/s ETA 0s118.55 MiB / 118.55 MiB [-------------------------------------------->] 100.00% 45.86 MiB p/s ETA 0s118.55 MiB / 118.55 MiB [-------------------------------------------->] 100.00% 45.86 MiB p/s ETA 0s118.55 MiB / 118.55 MiB [-------------------------------------------->] 100.00% 45.86 MiB p/s ETA 0s118.55 MiB / 118.55 MiB [-------------------------------------------->] 100.00% 42.90 MiB p/s ETA 0s118.55 MiB / 118.55 MiB [-------------------------------------------->] 100.00% 42.90 MiB p/s ETA 0s118.55 MiB / 118.55 MiB [-------------------------------------------->] 100.00% 42.90 MiB p/s ETA 0s118.55 MiB / 118.55 MiB [-------------------------------------------->] 100.00% 40.13 MiB p/s ETA 0s118.55 MiB / 118.55 MiB [-------------------------------------------->] 100.00% 40.13 MiB p/s ETA 0s118.55 MiB / 118.55 MiB [-------------------------------------------->] 100.00% 40.13 MiB p/s ETA 0s118.55 MiB / 118.55 MiB [-----------------------------------------------] 100.00% 15.59 MiB p/s 7.8s2026-09-30T11:24:41Z	INFO	[vulndb] Artifact successfully downloaded	repo="mirror.gcr.io/aquasec/trivy-db:2"
2026-09-30T11:24:41Z	INFO	[vuln] Vulnerability scanning is enabled
2026-09-30T11:24:41Z	INFO	[misconfig] Misconfiguration scanning is enabled
2026-09-30T11:24:41Z	INFO	[checks-client] Need to update the checks bundle
2026-09-30T11:24:41Z	INFO	[checks-client] Downloading the checks bundle...
234.65 KiB / 234.65 KiB [--------------------------------------------------------->] 100.00% ? p/s ?234.65 KiB / 234.65 KiB [----------------------------------------------] 100.00% 10.32 MiB p/s 200ms2026-09-30T11:24:47Z	INFO	[pnpm] Run "pnpm install" to collect the license information of packages	dir="egolint/node_modules"
2026-09-30T11:24:47Z	INFO	[pnpm] Run "pnpm install" to collect the license information of packages	dir="node_modules"
2026-09-30T11:24:47Z	ERROR	[dockerfile scanner] Failed to parse file	file_path=".devcontainer/Dockerfile" err="dockerfile parse error: file with no instructions"
panic: runtime error: invalid memory address or nil pointer dereference
[signal SIGSEGV: segmentation violation code=0x1 addr=0x0 pc=0x2620392]

goroutine 1 [running]:
github.com/moby/buildkit/frontend/dockerfile/linter.(*Linter).WithMergedConfig(0x0, 0x2a1ab29d9400)
	/home/runner/go/pkg/mod/github.com/moby/buildkit@v0.32.2/frontend/dockerfile/linter/linter.go:74 +0x32
github.com/moby/buildkit/frontend/dockerfile/linter.(*Linter).WithMergedConfigFromComments(0x0, {0x2a1aae1d6a80?, 0x6, 0x7f4282491318?})
	/home/runner/go/pkg/mod/github.com/moby/buildkit@v0.32.2/frontend/dockerfile/linter/linter.go:118 +0x12e
github.com/moby/buildkit/frontend/dockerfile/instructions.ParseInstructionWithLinter(0x2a1ab2a126e0, 0x7f43495fb108?)
	/home/runner/go/pkg/mod/github.com/moby/buildkit@v0.32.2/frontend/dockerfile/instructions/parse.go:73 +0x57
github.com/moby/buildkit/frontend/dockerfile/instructions.ParseInstruction(...)
	/home/runner/go/pkg/mod/github.com/moby/buildkit@v0.32.2/frontend/dockerfile/instructions/parse.go:68
github.com/aquasecurity/trivy/pkg/iac/scanners/dockerfile/parser.(*Parser).parseInstruction(0x2a1ab26faa29, 0x2a1ab2a126e0)
	/home/runner/work/trivy/trivy/pkg/iac/scanners/dockerfile/parser/parser.go:118 +0x3b
github.com/aquasecurity/trivy/pkg/iac/scanners/dockerfile/parser.(*Parser).Parse(0x2a1ab26faa29, {0x5b84fc0?, 0x2a1ab3f0f9a3?}, {0x68cbdc0?, 0x2a1ab11df590?}, {0x2a1ab2a161e0, 0x43})
	/home/runner/work/trivy/trivy/pkg/iac/scanners/dockerfile/parser/parser.go:55 +0x21f
github.com/aquasecurity/trivy/pkg/iac/scanners/generic.(*GenericScanner[...]).parseFS.func1({0x69341b8, 0x2a1ab29d91d0}, {0x0, 0x0})
	/home/runner/work/trivy/trivy/pkg/iac/scanners/generic/scanner.go:167 +0x243
io/fs.walkDir({0x68cc900, 0x2a1aae04a150}, {0x2a1ab2a161e0, 0x43}, {0x69341b8, 0x2a1ab29d91d0}, 0x2a1aad9bcb80)
	/opt/hostedtoolcache/go/1.26.6/x64/src/io/fs/walk.go:73 +0x6c
io/fs.walkDir({0x68cc900, 0x2a1aae04a150}, {0x2a1ab3f0f980, 0x2d}, {0x69341b8, 0x2a1ab26616a8}, 0x2a1aad9bcb80)
	/opt/hostedtoolcache/go/1.26.6/x64/src/io/fs/walk.go:95 +0x2b5
io/fs.walkDir({0x68cc900, 0x2a1aae04a150}, {0x2a1ab32590b0, 0x22}, {0x69341b8, 0x2a1ab2660708}, 0x2a1aad9bcb80)
	/opt/hostedtoolcache/go/1.26.6/x64/src/io/fs/walk.go:95 +0x2b5
io/fs.walkDir({0x68cc900, 0x2a1aae04a150}, {0x2a1ab2e9fcc8, 0x17}, {0x69341b8, 0x2a1ab2660488}, 0x2a1aad9bcb80)
	/opt/hostedtoolcache/go/1.26.6/x64/src/io/fs/walk.go:95 +0x2b5
io/fs.walkDir({0x68cc900, 0x2a1aae04a150}, {0x2a1ab25b8ac0, 0x8}, {0x69341b8, 0x2a1ab26602a8}, 0x2a1aad9bcb80)
	/opt/hostedtoolcache/go/1.26.6/x64/src/io/fs/walk.go:95 +0x2b5
io/fs.walkDir({0x68cc900, 0x2a1aae04a150}, {0x68a94b8, 0x1}, {0x69335b0, 0x2a1ab2668db0}, 0x2a1aad9bcb80)
	/opt/hostedtoolcache/go/1.26.6/x64/src/io/fs/walk.go:95 +0x2b5
io/fs.WalkDir({0x68cc900, 0x2a1aae04a150}, {0x68a94b8, 0x1}, 0x2a1aad9bcb80)
	/opt/hostedtoolcache/go/1.26.6/x64/src/io/fs/walk.go:122 +0x9a
github.com/aquasecurity/trivy/pkg/iac/scanners/generic.(*GenericScanner[...]).parseFS(0x6963a40, {0x6933348, 0x2a1ab26013e0}, {0x68cc900, 0x2a1aae04a150}, {0x68a94b8, 0x1})
	/home/runner/work/trivy/trivy/pkg/iac/scanners/generic/scanner.go:176 +0xd8
github.com/aquasecurity/trivy/pkg/iac/scanners/generic.(*GenericScanner[...]).ScanFS(0x6963a40, {0x6933348, 0x2a1ab26013e0}, {0x68cc900, 0x2a1aae04a150}, {0x68a94b8, 0x1?})
	/home/runner/work/trivy/trivy/pkg/iac/scanners/generic/scanner.go:107 +0x5e
github.com/aquasecurity/trivy/pkg/misconf.(*Scanner).Scan(0x2a1ab2a82d00, {0x69333f0, 0x2a1aad00e000}, {0x68cc900, 0x2a1aadf335a8})
	/home/runner/work/trivy/trivy/pkg/misconf/scanner.go:159 +0x293
github.com/aquasecurity/trivy/pkg/fanal/analyzer/config.(*Analyzer).PostAnalyze(0x2a1ab2a69700, {0x69333f0?, 0x2a1aad00e000?}, {{0x68cc900, 0x2a1aadf335a8}, {0x0, 0x0, 0x0}, {0x0, 0x0, ...}})
	/home/runner/work/trivy/trivy/pkg/fanal/analyzer/config/config.go:44 +0x45
github.com/aquasecurity/trivy/pkg/fanal/analyzer.AnalyzerGroup.postAnalyze({0x2a1ab2a117a0, {0x2a1ab2a84600, 0x20, 0x20}, {0x2a1ab2a84800, 0x19, 0x20}, 0x2a1ab2a7d260, {0x2a1aac92b517, 0x7}}, ...)
	/home/runner/work/trivy/trivy/pkg/fanal/analyzer/analyzer.go:357 +0x72
github.com/aquasecurity/trivy/pkg/fanal/analyzer.AnalyzerGroup.PostAnalyze({0x2a1ab2a117a0, {0x2a1ab2a84600, 0x20, 0x20}, {0x2a1ab2a84800, 0x19, 0x20}, 0x2a1ab2a7d260, {0x2a1aac92b517, 0x7}}, ...)
	/home/runner/work/trivy/trivy/pkg/fanal/analyzer/analyzer.go:587 +0x625
github.com/aquasecurity/trivy/pkg/fanal/artifact/local.Artifact.Inspect({{0x7fffc3ff5112, 0x1}, 0x2a1ab2aae150, {0x7f42823a0b58, 0x2a1aaf31aae0}, {0x68cc840, 0xa4f3640}, {0x2a1ab2a117a0, {0x2a1ab2a84600, 0x20, ...}, ...}, ...}, ...)
	/home/runner/work/trivy/trivy/pkg/fanal/artifact/local/fs.go:241 +0xa2b
github.com/aquasecurity/trivy/pkg/scan.Service.ScanArtifact({{_, _}, {_, _}}, {_, _}, {{0x2a1aad8c49a0, 0x2, 0x2}, {0x2a1aad742b80, ...}, ...})
	/home/runner/work/trivy/trivy/pkg/scan/service.go:52 +0xf9
github.com/aquasecurity/trivy/pkg/commands/artifact.(*runner).scan(_, {_, _}, {{{0x7fffc3ff4f3f, 0x29}, 0x0, 0x0, 0x0, 0x0, 0x0, ...}, ...}, ...)
	/home/runner/work/trivy/trivy/pkg/commands/artifact/run.go:705 +0x4df
github.com/aquasecurity/trivy/pkg/commands/artifact.(*runner).scanArtifact(_, {_, _}, {{{0x7fffc3ff4f3f, 0x29}, 0x0, 0x0, 0x0, 0x0, 0x0, ...}, ...}, ...)
	/home/runner/work/trivy/trivy/pkg/commands/artifact/run.go:302 +0xb7
github.com/aquasecurity/trivy/pkg/commands/artifact.(*runner).scanFS(_, {_, _}, {{{0x7fffc3ff4f3f, 0x29}, 0x0, 0x0, 0x0, 0x0, 0x0, ...}, ...})
	/home/runner/work/trivy/trivy/pkg/commands/artifact/run.go:247 +0xc6
github.com/aquasecurity/trivy/pkg/commands/artifact.(*runner).ScanFilesystem(_, {_, _}, {{{0x7fffc3ff4f3f, 0x29}, 0x0, 0x0, 0x0, 0x0, 0x0, ...}, ...})
	/home/runner/work/trivy/trivy/pkg/commands/artifact/run.go:227 +0x205
github.com/aquasecurity/trivy/pkg/commands/artifact.run({_, _}, {{{0x7fffc3ff4f3f, 0x29}, 0x0, 0x0, 0x0, 0x0, 0x0, 0x8bb2c97000, ...}, ...}, ...)
	/home/runner/work/trivy/trivy/pkg/commands/artifact/run.go:450 +0x72e
github.com/aquasecurity/trivy/pkg/commands/artifact.Run({_, _}, {{{0x7fffc3ff4f3f, 0x29}, 0x0, 0x0, 0x0, 0x0, 0x0, 0x8bb2c97000, ...}, ...}, ...)
	/home/runner/work/trivy/trivy/pkg/commands/artifact/run.go:409 +0x20b
github.com/aquasecurity/trivy/pkg/commands.NewFilesystemCommand.func2(0x2a1aacbe9808, {0x2a1aad75e008, 0x1, 0x31})
	/home/runner/work/trivy/trivy/pkg/commands/app.go:389 +0x185
github.com/spf13/cobra.(*Command).execute(0x2a1aacbe9808, {0x2a1aad397c08, 0x31, 0x31})
	/home/runner/go/pkg/mod/github.com/spf13/cobra@v1.10.2/command.go:1015 +0xb14
github.com/spf13/cobra.(*Command).ExecuteC(0x2a1aacbe9208)
	/home/runner/go/pkg/mod/github.com/spf13/cobra@v1.10.2/command.go:1148 +0x465
github.com/spf13/cobra.(*Command).Execute(...)
	/home/runner/go/pkg/mod/github.com/spf13/cobra@v1.10.2/command.go:1071
github.com/spf13/cobra.(*Command).ExecuteContext(...)
	/home/runner/go/pkg/mod/github.com/spf13/cobra@v1.10.2/command.go:1064
github.com/aquasecurity/trivy/pkg/commands.Run({0x6933738, 0x2a1aad674c40})
	/home/runner/work/trivy/trivy/pkg/commands/run.go:23 +0x67
main.run()
	/home/runner/work/trivy/trivy/cmd/trivy/main.go:50 +0x17c
main.main()
	/home/runner/work/trivy/trivy/cmd/trivy/main.go:19 +0x1f

