Results of trivy linter (version 0.73.0)
See documentation on https://megalinter.io/10.0.0/descriptors/repository_trivy/
-----------------------------------------------

❌ [ERROR] for workspace /github/workspace
Linter raw log:
2026-08-14T14:39:30Z	INFO	Loaded	file_path="egolint/.config/security/trivy/trivy.yaml"
2026-08-14T14:39:30Z	INFO	[vulndb] Need to update DB
2026-08-14T14:39:30Z	INFO	[vulndb] Downloading vulnerability DB...
2026-08-14T14:39:30Z	INFO	[vulndb] Downloading artifact...	repo="mirror.gcr.io/aquasec/trivy-db:2"
18.86 MiB / 106.87 MiB [---------->_________________________________________________] 17.64% ? p/s ?38.14 MiB / 106.87 MiB [--------------------->______________________________________] 35.69% ? p/s ?64.01 MiB / 106.87 MiB [----------------------------------->________________________] 59.90% ? p/s ?90.67 MiB / 106.87 MiB [--------------------------------------->______] 84.84% 120.44 MiB p/s ETA 0s106.87 MiB / 106.87 MiB [------------------------------------------->] 100.00% 120.44 MiB p/s ETA 0s106.87 MiB / 106.87 MiB [------------------------------------------->] 100.00% 120.44 MiB p/s ETA 0s106.87 MiB / 106.87 MiB [------------------------------------------->] 100.00% 114.42 MiB p/s ETA 0s106.87 MiB / 106.87 MiB [------------------------------------------->] 100.00% 114.42 MiB p/s ETA 0s106.87 MiB / 106.87 MiB [------------------------------------------->] 100.00% 114.42 MiB p/s ETA 0s106.87 MiB / 106.87 MiB [------------------------------------------->] 100.00% 107.04 MiB p/s ETA 0s106.87 MiB / 106.87 MiB [------------------------------------------->] 100.00% 107.04 MiB p/s ETA 0s106.87 MiB / 106.87 MiB [------------------------------------------->] 100.00% 107.04 MiB p/s ETA 0s106.87 MiB / 106.87 MiB [------------------------------------------->] 100.00% 100.13 MiB p/s ETA 0s106.87 MiB / 106.87 MiB [------------------------------------------->] 100.00% 100.13 MiB p/s ETA 0s106.87 MiB / 106.87 MiB [------------------------------------------->] 100.00% 100.13 MiB p/s ETA 0s106.87 MiB / 106.87 MiB [-------------------------------------------->] 100.00% 93.67 MiB p/s ETA 0s106.87 MiB / 106.87 MiB [-------------------------------------------->] 100.00% 93.67 MiB p/s ETA 0s106.87 MiB / 106.87 MiB [-------------------------------------------->] 100.00% 93.67 MiB p/s ETA 0s106.87 MiB / 106.87 MiB [-------------------------------------------->] 100.00% 87.63 MiB p/s ETA 0s106.87 MiB / 106.87 MiB [-------------------------------------------->] 100.00% 87.63 MiB p/s ETA 0s106.87 MiB / 106.87 MiB [-------------------------------------------->] 100.00% 87.63 MiB p/s ETA 0s106.87 MiB / 106.87 MiB [-------------------------------------------->] 100.00% 81.98 MiB p/s ETA 0s106.87 MiB / 106.87 MiB [-------------------------------------------->] 100.00% 81.98 MiB p/s ETA 0s106.87 MiB / 106.87 MiB [-------------------------------------------->] 100.00% 81.98 MiB p/s ETA 0s106.87 MiB / 106.87 MiB [-------------------------------------------->] 100.00% 76.69 MiB p/s ETA 0s106.87 MiB / 106.87 MiB [-------------------------------------------->] 100.00% 76.69 MiB p/s ETA 0s106.87 MiB / 106.87 MiB [-------------------------------------------->] 100.00% 76.69 MiB p/s ETA 0s106.87 MiB / 106.87 MiB [-------------------------------------------->] 100.00% 71.74 MiB p/s ETA 0s106.87 MiB / 106.87 MiB [-------------------------------------------->] 100.00% 71.74 MiB p/s ETA 0s106.87 MiB / 106.87 MiB [-------------------------------------------->] 100.00% 71.74 MiB p/s ETA 0s106.87 MiB / 106.87 MiB [-------------------------------------------->] 100.00% 67.11 MiB p/s ETA 0s106.87 MiB / 106.87 MiB [-------------------------------------------->] 100.00% 67.11 MiB p/s ETA 0s106.87 MiB / 106.87 MiB [-----------------------------------------------] 100.00% 17.24 MiB p/s 6.4s2026-08-14T14:39:37Z	INFO	[vulndb] Artifact successfully downloaded	repo="mirror.gcr.io/aquasec/trivy-db:2"
2026-08-14T14:39:37Z	INFO	[vuln] Vulnerability scanning is enabled
2026-08-14T14:39:38Z	INFO	[misconfig] Misconfiguration scanning is enabled
2026-08-14T14:39:38Z	INFO	[checks-client] Need to update the checks bundle
2026-08-14T14:39:38Z	INFO	[checks-client] Downloading the checks bundle...
234.65 KiB / 234.65 KiB [--------------------------------------------------------->] 100.00% ? p/s ?234.65 KiB / 234.65 KiB [-----------------------------------------------] 100.00% 3.03 MiB p/s 300ms2026-08-14T14:39:41Z	INFO	[pnpm] Run "pnpm install" to collect the license information of packages	dir="egolint/node_modules"
2026-08-14T14:39:42Z	INFO	[terraform scanner] Scanning root module	file_path="egolint/tests/fixtures/kics/terraform"
2026-08-14T14:39:42Z	INFO	[terraform scanner] Scanning root module	file_path="egolint/tests/fixtures/negative/terraform-fmt"
2026-08-14T14:39:42Z	INFO	[terraform scanner] Scanning root module	file_path="egolint/tests/fixtures/tflint"
2026-08-14T14:39:42Z	INFO	Number of language-specific files	num=4
2026-08-14T14:39:42Z	INFO	[cargo] Detecting vulnerabilities...
2026-08-14T14:39:42Z	INFO	[gomod] Detecting vulnerabilities...
2026-08-14T14:39:42Z	INFO	[pnpm] Detecting vulnerabilities...
2026-08-14T14:39:43Z	INFO	[uv] Detecting vulnerabilities...
2026-08-14T14:39:43Z	INFO	Detected config files	num=13

Report Summary

┌───────────────────────────────────────────────────────────────────┬────────────────┬─────────────────┬───────────────────┐
│                              Target                               │      Type      │ Vulnerabilities │ Misconfigurations │
├───────────────────────────────────────────────────────────────────┼────────────────┼─────────────────┼───────────────────┤
│ egolint/Cargo.lock                                                │     cargo      │        0        │         -         │
├───────────────────────────────────────────────────────────────────┼────────────────┼─────────────────┼───────────────────┤
│ egolint/pnpm-lock.yaml                                            │      pnpm      │        3        │         -         │
├───────────────────────────────────────────────────────────────────┼────────────────┼─────────────────┼───────────────────┤
│ egolint/tests/fixtures/govulncheck/go.mod                         │     gomod      │        0        │         -         │
├───────────────────────────────────────────────────────────────────┼────────────────┼─────────────────┼───────────────────┤
│ egolint/uv.lock                                                   │       uv       │        1        │         -         │
├───────────────────────────────────────────────────────────────────┼────────────────┼─────────────────┼───────────────────┤
│ egolint/tests/fixtures/checkov/Dockerfile                         │   dockerfile   │        -        │         0         │
├───────────────────────────────────────────────────────────────────┼────────────────┼─────────────────┼───────────────────┤
│ egolint/tests/fixtures/cloudformation/valid-template.yml          │ cloudformation │        -        │         1         │
├───────────────────────────────────────────────────────────────────┼────────────────┼─────────────────┼───────────────────┤
│ egolint/tests/fixtures/conftest/valid.yml                         │   kubernetes   │        -        │         0         │
├───────────────────────────────────────────────────────────────────┼────────────────┼─────────────────┼───────────────────┤
│ egolint/tests/fixtures/hadolint/Dockerfile                        │   dockerfile   │        -        │         0         │
├───────────────────────────────────────────────────────────────────┼────────────────┼─────────────────┼───────────────────┤
│ egolint/tests/fixtures/kics/terraform                             │   terraform    │        -        │         0         │
├───────────────────────────────────────────────────────────────────┼────────────────┼─────────────────┼───────────────────┤
│ egolint/tests/fixtures/kics/terraform/main.tf                     │   terraform    │        -        │         1         │
├───────────────────────────────────────────────────────────────────┼────────────────┼─────────────────┼───────────────────┤
│ egolint/tests/fixtures/kubernetes/valid-deployment.yml            │   kubernetes   │        -        │         0         │
├───────────────────────────────────────────────────────────────────┼────────────────┼─────────────────┼───────────────────┤
│ egolint/tests/fixtures/negative/conftest/invalid.yml              │   kubernetes   │        -        │         0         │
├───────────────────────────────────────────────────────────────────┼────────────────┼─────────────────┼───────────────────┤
│ egolint/tests/fixtures/negative/kubernetes/invalid-deployment.yml │   kubernetes   │        -        │         0         │
├───────────────────────────────────────────────────────────────────┼────────────────┼─────────────────┼───────────────────┤
│ egolint/tests/fixtures/negative/kubernetes/privileged-pod.yml     │   kubernetes   │        -        │         3         │
├───────────────────────────────────────────────────────────────────┼────────────────┼─────────────────┼───────────────────┤
│ egolint/tests/fixtures/negative/terraform-fmt                     │   terraform    │        -        │         0         │
├───────────────────────────────────────────────────────────────────┼────────────────┼─────────────────┼───────────────────┤
│ egolint/tests/fixtures/tekton-lint/task.yaml                      │   kubernetes   │        -        │         0         │
├───────────────────────────────────────────────────────────────────┼────────────────┼─────────────────┼───────────────────┤
│ egolint/tests/fixtures/tflint                                     │   terraform    │        -        │         0         │
└───────────────────────────────────────────────────────────────────┴────────────────┴─────────────────┴───────────────────┘
Legend:
- '-': Not scanned
- '0': Clean (no security findings detected)


For OSS Maintainers: VEX Notice
--------------------------------
If you're an OSS maintainer and Trivy has detected vulnerabilities in your project that you believe are not actually exploitable, consider issuing a VEX (Vulnerability Exploitability eXchange) statement.
VEX allows you to communicate the actual status of vulnerabilities in your project, improving security transparency and reducing false positives for your users.
Learn more and start using VEX: https://trivy.dev/docs/v0.73/guide/supply-chain/vex/repo#publishing-vex-documents

To disable this notice, set the TRIVY_DISABLE_VEX_NOTICE environment variable.


egolint/pnpm-lock.yaml (pnpm)
=============================
Total: 3 (HIGH: 2, CRITICAL: 1)

┌────────────┬────────────────┬──────────┬──────────┬───────────────────┬───────────────┬──────────────────────────────────────────────────────────────┐
│  Library   │ Vulnerability  │ Severity │  Status  │ Installed Version │ Fixed Version │                            Title                             │
├────────────┼────────────────┼──────────┼──────────┼───────────────────┼───────────────┼──────────────────────────────────────────────────────────────┤
│ decompress │ CVE-2026-53486 │ CRITICAL │ affected │ 4.2.1             │               │ decompress: @xhmikosr/decompress: Decompress: Arbitrary file │
│            │                │          │          │                   │               │ read/write via crafted archive extraction                    │
│            │                │          │          │                   │               │ https://avd.aquasec.com/nvd/cve-2026-53486                   │
├────────────┼────────────────┼──────────┤          ├───────────────────┼───────────────┼──────────────────────────────────────────────────────────────┤
│ image-size │ CVE-2025-71329 │ HIGH     │          │ 2.0.2             │               │ image-size: image-size: Denial of Service via crafted image  │
│            │                │          │          │                   │               │ buffer with zero-valued size...                              │
│            │                │          │          │                   │               │ https://avd.aquasec.com/nvd/cve-2025-71329                   │
│            ├────────────────┤          │          │                   ├───────────────┼──────────────────────────────────────────────────────────────┤
│            │ CVE-2025-71330 │          │          │                   │               │ image-size: image-size: Denial of Service via crafted ICNS   │
│            │                │          │          │                   │               │ image buffer                                                 │
│            │                │          │          │                   │               │ https://avd.aquasec.com/nvd/cve-2025-71330                   │
└────────────┴────────────────┴──────────┴──────────┴───────────────────┴───────────────┴──────────────────────────────────────────────────────────────┘

egolint/uv.lock (uv)
====================
Total: 1 (HIGH: 1, CRITICAL: 0)

┌─────────┬────────────────┬──────────┬──────────┬───────────────────┬───────────────┬────────────────────────────────────────────────┐
│ Library │ Vulnerability  │ Severity │  Status  │ Installed Version │ Fixed Version │                     Title                      │
├─────────┼────────────────┼──────────┼──────────┼───────────────────┼───────────────┼────────────────────────────────────────────────┤
│ ecdsa   │ CVE-2024-23342 │ HIGH     │ affected │ 0.19.2            │               │ python-ecdsa: vulnerable to the Minerva attack │
│         │                │          │          │                   │               │ https://avd.aquasec.com/nvd/cve-2024-23342     │
└─────────┴────────────────┴──────────┴──────────┴───────────────────┴───────────────┴────────────────────────────────────────────────┘

egolint/tests/fixtures/cloudformation/valid-template.yml (cloudformation)
=========================================================================
Tests: 13 (SUCCESSES: 12, FAILURES: 1)
Failures: 1 (HIGH: 1, CRITICAL: 0)

AWS-0132 (HIGH): Bucket does not encrypt data with a customer managed key.
════════════════════════════════════════
Encryption using AWS keys provides protection for your S3 buckets. To gain greater control over encryption, such as key rotation, access policies, and auditability, use customer managed keys (CMKs) with SSE-KMS.
Note that SSE-KMS is not supported for S3 server access logging destination buckets; in such cases, use SSE-S3 instead.


See https://avd.aquasec.com/misconfig/aws-0132
────────────────────────────────────────
 egolint/tests/fixtures/cloudformation/valid-template.yml:7-20
────────────────────────────────────────
   7 ┌   ExampleBucket:
   8 │     Type: AWS::S3::Bucket
   9 │     DeletionPolicy: Delete
  10 │     UpdateReplacePolicy: Delete
  11 │     Properties:
  12 │       BucketEncryption:
  13 │         ServerSideEncryptionConfiguration:
  14 │           - ServerSideEncryptionByDefault:
  15 └               SSEAlgorithm: AES256
  ..   
────────────────────────────────────────



egolint/tests/fixtures/kics/terraform/main.tf (terraform)
=========================================================
Tests: 1 (SUCCESSES: 0, FAILURES: 1)
Failures: 1 (HIGH: 1, CRITICAL: 0)

AWS-0132 (HIGH): Bucket does not encrypt data with a customer managed key.
════════════════════════════════════════
Encryption using AWS keys provides protection for your S3 buckets. To gain greater control over encryption, such as key rotation, access policies, and auditability, use customer managed keys (CMKs) with SSE-KMS.
Note that SSE-KMS is not supported for S3 server access logging destination buckets; in such cases, use SSE-S3 instead.


See https://avd.aquasec.com/misconfig/aws-0132
────────────────────────────────────────
 egolint/tests/fixtures/kics/terraform/main.tf:25-33
────────────────────────────────────────
  25 ┌ resource "aws_s3_bucket_server_side_encryption_configuration" "fixture" {
  26 │   bucket = aws_s3_bucket.fixture.id
  27 │ 
  28 │   rule {
  29 │     apply_server_side_encryption_by_default {
  30 │       sse_algorithm = "AES256"
  31 │     }
  32 │   }
  33 └ }
────────────────────────────────────────



egolint/tests/fixtures/negative/kubernetes/privileged-pod.yml (kubernetes)
==========================================================================
Tests: 22 (SUCCESSES: 19, FAILURES: 3)
Failures: 3 (HIGH: 3, CRITICAL: 0)

KSV-0014 (HIGH): Container 'privileged' of Pod 'privileged-pod' should set 'securityContext.readOnlyRootFilesystem' to true
════════════════════════════════════════
An immutable root file system prevents applications from writing to their local disk. This can limit intrusions, as attackers will not be able to tamper with the file system or write foreign executables to disk.

See https://avd.aquasec.com/misconfig/ksv-0014
────────────────────────────────────────
 egolint/tests/fixtures/negative/kubernetes/privileged-pod.yml:8-11
────────────────────────────────────────
   8 ┌     - name: privileged
   9 │       image: "ghcr.io/example/privileged:1.0.0"
  10 │       securityContext:
  11 └         privileged: true
────────────────────────────────────────


KSV-0017 (HIGH): Container 'privileged' of Pod 'privileged-pod' should set 'securityContext.privileged' to false
════════════════════════════════════════
Privileged containers share namespaces with the host system and do not offer any security. They should be used exclusively for system containers that require high privileges.

See https://avd.aquasec.com/misconfig/ksv-0017
────────────────────────────────────────
 egolint/tests/fixtures/negative/kubernetes/privileged-pod.yml:8-11
────────────────────────────────────────
   8 ┌     - name: privileged
   9 │       image: "ghcr.io/example/privileged:1.0.0"
  10 │       securityContext:
  11 └         privileged: true
────────────────────────────────────────


KSV-0118 (HIGH): pod privileged-pod in default namespace is using the default security context, which allows root privileges
════════════════════════════════════════
Security context controls the allocation of security parameters for the pod/container/volume, ensuring the appropriate level of protection. Relying on default security context may expose vulnerabilities to potential attacks that rely on privileged access.

See https://avd.aquasec.com/misconfig/ksv-0118
────────────────────────────────────────
 egolint/tests/fixtures/negative/kubernetes/privileged-pod.yml:6-11
────────────────────────────────────────
   6 ┌ spec:
   7 │   containers:
   8 │     - name: privileged
   9 │       image: "ghcr.io/example/privileged:1.0.0"
  10 │       securityContext:
  11 └         privileged: true
────────────────────────────────────────



📣 Notices:
  - Version 0.74.0 of Trivy is now available, current version is 0.73.0

To suppress version checks, run Trivy scans with the --skip-version-check flag


