Results of git_diff linter (version 2.54.0)
See documentation on https://megalinter.io/10.0.0/descriptors/repository_git_diff/
-----------------------------------------------

❌ [ERROR] for workspace /github/workspace
Linter raw log:
warning: in the working copy of '.reports/megalinter/linters_logs/REPOSITORY_TRIVY-ERROR.log', CRLF will be replaced by LF the next time Git touches it
.reports/megalinter/copy-paste/jscpd-report.html:5938: trailing whitespace.
+          
.reports/megalinter/copy-paste/jscpd-report.html:5957: trailing whitespace.
+          
.reports/megalinter/copy-paste/jscpd-report.html:5973: trailing whitespace.
+          
.reports/megalinter/copy-paste/jscpd-report.html:5997: trailing whitespace.
+          
.reports/megalinter/linters_logs/SPELL_VALE-ERROR.log:2294: trailing whitespace.
+ 7:52  warning  'retain' is too wordy.  write-good.TooWordy 
.reports/megalinter/linters_logs/SPELL_VALE-ERROR.log:2460: trailing whitespace.
+ 30:34  warning  'are bounded' may be passive voice. Use active voice if you can.  write-good.Passive 
.reports/megalinter/linters_logs/SPELL_VALE-ERROR.log:2472: trailing whitespace.
+ 33:31  warning  'be evaluated' may be passive voice. Use active voice if you can.   write-good.Passive 
.reports/megalinter/linters_logs/SPELL_VALE-ERROR.log:2477: trailing whitespace.
+ 54:1   warning  'Validate' is too wordy.                                              write-good.TooWordy 
.reports/megalinter/linters_logs/SPELL_VALE-ERROR.log:2478: trailing whitespace.
+ 67:50  warning  'are recorded' may be passive voice. Use active voice if you can.     write-good.Passive  
.reports/megalinter/linters_logs/SPELL_VALE-ERROR.log:2479: trailing whitespace.
+ 69:47  warning  'are defined' may be passive voice. Use active voice if you can.      write-good.Passive  
.reports/megalinter/linters_logs/SPELL_VALE-ERROR.log:2480: trailing whitespace.
+ 72:36  warning  'is incorporated' may be passive voice. Use active voice if you can.  write-good.Passive  
.reports/megalinter/linters_logs/SPELL_VALE-ERROR.log:2484: trailing whitespace.
+ 4:37   warning  'It is' is too wordy.                                             write-good.TooWordy 
.reports/megalinter/linters_logs/SPELL_VALE-ERROR.log:2485: trailing whitespace.
+ 8:20   warning  'acquire' is too wordy.                                           write-good.TooWordy 
.reports/megalinter/linters_logs/SPELL_VALE-ERROR.log:2486: trailing whitespace.
+ 40:31  warning  'is returned' may be passive voice. Use active voice if you can.  write-good.Passive  
.reports/megalinter/linters_logs/SPELL_VALE-ERROR.log:2487: trailing whitespace.
+ 41:29  warning  'is required' may be passive voice. Use active voice if you can.  write-good.Passive  

