Results of grype linter (version 0.116.1)
See documentation on https://megalinter.io/10.0.0/descriptors/repository_grype/
-----------------------------------------------

❌ [ERROR] for workspace /github/workspace
Linter raw log:
[0000]  WARN no explicit name and version provided for directory source, deriving artifact ID from the given path (which is not ideal) from=syft
NAME                         INSTALLED                                 FIXED IN  TYPE           VULNERABILITY        SEVERITY  EPSS          RISK   
urllib3                      2.5.0                                     2.6.3     python         GHSA-38jv-5279-wg99  High      2.7% (84th)   2.1    
python-multipart             0.0.20                                    0.0.22    python         GHSA-wp53-j4wj-2cfg  High      2.2% (81st)   1.8    
step-security/harden-runner  bf7454d06d71f1098171f2acdf0cd4708d7b5920  2.10.2    github-action  GHSA-g85v-wf27-67xc  Low       2.7% (84th)   1.2    
starlette                    0.46.2                                    1.0.1     python         GHSA-86qp-5c8j-p5mr  Medium    1.8% (77th)   1.1    
ecdsa                        0.19.2                                              python         GHSA-wj6h-64fc-37mp  High      1.0% (59th)   0.7    
decompress                   4.2.1                                               npm            GHSA-mp2f-45pm-3cg9  Critical  0.6% (47th)   0.6    
urllib3                      2.5.0                                     2.6.0     python         GHSA-gm62-xv2j-4w53  High      0.7% (49th)   0.6    
urllib3                      2.5.0                                     2.6.0     python         GHSA-2xpw-w6gg-jr37  High      0.7% (49th)   0.6    
python-multipart             0.0.20                                    0.0.27    python         GHSA-pp6c-gr5w-3c5g  High      0.7% (51st)   0.6    
mako                         1.3.10                                    1.3.12    python         GHSA-2h4p-vjrc-8xpq  High      0.6% (46th)   0.5    
black                        25.1.0                                    26.3.1    python         GHSA-3936-cmfr-pm3m  High      0.6% (46th)   0.5    
starlette                    0.46.2                                    0.49.1    python         GHSA-7f5h-v6xp-fcq8  High      0.6% (47th)   0.5    
orjson                       3.10.18                                   3.11.6    python         GHSA-hx9q-6w63-j58v  High      0.5% (43rd)   0.4    
cryptography                 45.0.4                                    46.0.7    python         GHSA-p423-j2cm-9vmq  Medium    0.7% (48th)   0.4    
ujson                        5.10.0                                    5.12.0    python         GHSA-wgvc-ghv9-3pmm  High      0.5% (39th)   0.4    
ujson                        5.10.0                                    5.12.0    python         GHSA-c8rr-9gxc-jprv  High      0.5% (38th)   0.4    
image-size                   2.0.2                                               npm            GHSA-5p2g-fcmc-qvqq  High      0.4% (35th)   0.3    
image-size                   2.0.2                                               npm            GHSA-w3rx-r6r6-pgpr  High      0.4% (35th)   0.3    
ujson                        5.10.0                                    5.12.1    python         GHSA-c38f-wx89-p2xg  High      0.4% (35th)   0.3    
starlette                    0.46.2                                    1.3.1     python         GHSA-82w8-qh3p-5jfq  High      0.4% (32nd)   0.3    
pyjwt                        2.10.1                                    2.13.0    python         GHSA-xgmm-8j9v-c9wx  High      0.4% (32nd)   0.3    
decompress                   4.2.1                                               npm            GHSA-h39j-r5qq-r9mm  Medium    0.5% (41st)   0.3    
python-multipart             0.0.20                                    0.0.30    python         GHSA-5rvq-cxj2-64vf  High      0.4% (31st)   0.3    
starlette                    0.46.2                                    1.1.0     python         GHSA-wqp7-x3pw-xc5r  High      0.4% (29th)   0.3    
starlette                    0.46.2                                    0.47.2    python         GHSA-2c2j-9gv5-cj73  Medium    0.5% (42nd)   0.3    
mako                         1.3.10                                    1.3.11    python         GHSA-v92g-xgxw-vvmm  High      0.4% (29th)   0.3    
cryptography                 45.0.4                                    46.0.5    python         GHSA-r6ph-v2qm-q3c2  High      0.3% (27th)   0.3    
urllib3                      2.5.0                                     2.7.0     python         GHSA-qccp-gfcp-xxvc  High      0.3% (26th)   0.2    
vue-template-compiler        2.7.16                                              npm            GHSA-g3ch-rx76-35fx  Medium    0.5% (40th)   0.2    
idna                         3.10                                      3.15      python         GHSA-65pc-fj4g-8rjx  Medium    0.4% (34th)   0.2    
pyjwt                        2.10.1                                    2.12.0    python         GHSA-752w-5fwx-jx9f  High      0.3% (19th)   0.2    
pyjwt                        2.10.1                                    2.13.0    python         GHSA-w7vc-732c-9m39  Medium    0.4% (30th)   0.2    
python-multipart             0.0.20                                    0.0.26    python         GHSA-mj87-hwqh-73pj  Medium    0.4% (28th)   0.2    
decompress                   4.2.1                                               npm            GHSA-jwp9-9v96-94mx  Medium    0.3% (25th)   0.2    
step-security/harden-runner  bf7454d06d71f1098171f2acdf0cd4708d7b5920  2.14.2    github-action  GHSA-cpmj-h4f6-r6pq  Medium    0.3% (24th)   0.2    
ujson                        5.10.0                                    5.13.0    python         GHSA-3j69-69wj-xqx2  Medium    0.3% (19th)   0.2    
cryptography                 45.0.4                                    49.0.0    python         GHSA-jwv3-5hgf-82ww  High      0.2% (9th)    0.2    
jwcrypto                     1.5.6                                     1.5.7     python         GHSA-fjrm-76x2-c4q4  Medium    0.3% (22nd)   0.2    
python-dotenv                1.1.1                                     1.2.2     python         GHSA-mf9w-mj56-hr94  Medium    0.3% (17th)   0.1    
step-security/harden-runner  bf7454d06d71f1098171f2acdf0cd4708d7b5920  2.16.0    github-action  GHSA-46g3-37rh-v698  Medium    0.3% (23rd)   0.1    
cryptography                 45.0.4                                    50.0.0    python         GHSA-g6cj-pr64-35w5  High      0.2% (7th)    0.1    
step-security/harden-runner  bf7454d06d71f1098171f2acdf0cd4708d7b5920  2.16.0    github-action  GHSA-g699-3x6g-wm3g  Medium    0.3% (17th)   0.1    
step-security/harden-runner  bf7454d06d71f1098171f2acdf0cd4708d7b5920  2.12.0    github-action  GHSA-mxr3-8whj-j74r  Medium    0.2% (12th)   0.1    
filelock                     3.18.0                                    3.20.1    python         GHSA-w853-jp5j-5j7f  Medium    0.2% (10th)   0.1    
pyjwt                        2.10.1                                    2.13.0    python         GHSA-fhv5-28vv-h8m8  Low       0.3% (26th)   0.1    
cryptography                 45.0.4                                    49.0.0    python         GHSA-m2h6-j472-rp4c  Medium    0.2% (8th)    0.1    
starlette                    0.46.2                                    1.1.0     python         GHSA-x746-7m8f-x49c  Medium    0.2% (11th)   0.1    
pyjwt                        2.10.1                                    2.13.0    python         GHSA-993g-76c3-p5m4  Medium    0.2% (13th)   0.1    
requests                     2.32.4                                    2.33.0    python         GHSA-gc5v-m9x4-r6x2  Medium    0.2% (8th)    < 0.1  
pytest                       8.4.1                                     9.0.3     python         GHSA-6w46-j5rx-g56g  Medium    0.1% (3rd)    < 0.1  
python-multipart             0.0.20                                    0.0.31    python         GHSA-v9pg-7xvm-68hf  Low       0.2% (12th)   < 0.1  
pyjwt                        2.10.1                                    2.13.0    python         GHSA-jq35-7prp-9v3f  Medium    0.1% (2nd)    < 0.1  
starlette                    0.46.2                                    1.3.0     python         GHSA-jp82-jpqv-5vv3  Low       0.2% (8th)    < 0.1  
filelock                     3.18.0                                    3.20.3    python         GHSA-qmgc-5h2g-mvrw  Medium    0.1% (2nd)    < 0.1  
elliptic                     6.6.1                                               npm            GHSA-848j-6mx2-7j84  Low       0.2% (6th)    < 0.1  
python-multipart             0.0.20                                    0.0.30    python         GHSA-vffw-93wf-4j4q  Low       0.2% (7th)    < 0.1  
python-multipart             0.0.20                                    0.0.30    python         GHSA-6jv3-5f52-599m  Low       0.2% (7th)    < 0.1  
cryptography                 45.0.4                                    46.0.6    python         GHSA-m959-cc7f-wv43  Low       0.2% (5th)    < 0.1  
pygments                     2.19.2                                    2.20.0    python         GHSA-5239-wwwm-4pmq  Low       0.2% (5th)    < 0.1  
virtualenv                   20.31.2                                   20.36.1   python         GHSA-597g-3phw-6986  Medium    < 0.1% (0th)  < 0.1  
actions/download-artifact    v4                                        4.1.3     github-action  GHSA-cxww-7g56-2vh6  High      N/A           N/A    
cryptography                 45.0.4                                    48.0.1    python         GHSA-537c-gmf6-5ccf  High      N/A           N/A
[0126] ERROR discovered vulnerabilities at or above the severity threshold

