Results of tflint linter (version 0.64.0)
See documentation on https://megalinter.io/10.0.0/descriptors/terraform_tflint/
-----------------------------------------------

❌ [ERROR] for workspace /github/workspace
Linter raw log:
│ Failed to run in egolint/tests/fixtures/checkstyle; exit status 1

Failed to load TFLint config; failed to load file: open egolint/.config/lint/terraform/.tflint.hcl: no such file or directory

│ Failed to run in egolint/tests/fixtures/knip/src; exit status 1

Failed to load TFLint config; failed to load file: open egolint/.config/lint/terraform/.tflint.hcl: no such file or directory

│ Failed to run in egolint/tests/fixtures/checkov; exit status 1

Failed to load TFLint config; failed to load file: open egolint/.config/lint/terraform/.tflint.hcl: no such file or directory

│ Failed to run in egolint/tests/fixtures/conftest; exit status 1

Failed to load TFLint config; failed to load file: open egolint/.config/lint/terraform/.tflint.hcl: no such file or directory

│ Failed to run in egolint/tests/fixtures/chktex; exit status 1

Failed to load TFLint config; failed to load file: open egolint/.config/lint/terraform/.tflint.hcl: no such file or directory

│ Failed to run in egolint/tests/fixtures/clang-format; exit status 1

Failed to load TFLint config; failed to load file: open egolint/.config/lint/terraform/.tflint.hcl: no such file or directory

│ Failed to run in egolint/tests/fixtures/clippy; exit status 1

Failed to load TFLint config; failed to load file: open egolint/.config/lint/terraform/.tflint.hcl: no such file or directory

│ Failed to run in egolint/tests/fixtures/clippy/src; exit status 1

Failed to load TFLint config; failed to load file: open egolint/.config/lint/terraform/.tflint.hcl: no such file or directory

│ Failed to run in egolint/tests/fixtures/coffeescript; exit status 1

Failed to load TFLint config; failed to load file: open egolint/.config/lint/terraform/.tflint.hcl: no such file or directory

│ Failed to run in egolint/tests/fixtures/cljstyle; exit status 1

Failed to load TFLint config; failed to load file: open egolint/.config/lint/terraform/.tflint.hcl: no such file or directory

│ Failed to run in egolint/tests/fixtures/cloudformation; exit status 1

Failed to load TFLint config; failed to load file: open egolint/.config/lint/terraform/.tflint.hcl: no such file or directory

│ Failed to run in egolint/tests/fixtures/commitlint; exit status 1

Failed to load TFLint config; failed to load file: open egolint/.config/lint/terraform/.tflint.hcl: no such file or directory

│ Failed to run in egolint/tests/fixtures/conftest/policy; exit status 1

Failed to load TFLint config; failed to load file: open egolint/.config/lint/terraform/.tflint.hcl: no such file or directory

│ Failed to run in egolint/tests/fixtures/eslint-json; exit status 1

Failed to load TFLint config; failed to load file: open egolint/.config/lint/terraform/.tflint.hcl: no such file or directory

│ Failed to run in egolint/tests/fixtures/complexipy; exit status 1

Failed to load TFLint config; failed to load file: open egolint/.config/lint/terraform/.tflint.hcl: no such file or directory

│ Failed to run in egolint/tests/fixtures/cspell; exit status 1

Failed to load TFLint config; failed to load file: open egolint/.config/lint/terraform/.tflint.hcl: no such file or directory

│ Failed to run in egolint/tests/fixtures/dart-analyzer; exit status 1

Failed to load TFLint config; failed to load file: open egolint/.config/lint/terraform/.tflint.hcl: no such file or directory

│ Failed to run in egolint/tests/fixtures/dart-analyzer/lib; exit status 1

Failed to load TFLint config; failed to load file: open egolint/.config/lint/terraform/.tflint.hcl: no such file or directory

│ Failed to run in egolint/tests/fixtures/deptry; exit status 1

Failed to load TFLint config; failed to load file: open egolint/.config/lint/terraform/.tflint.hcl: no such file or directory

│ Failed to run in egolint/tests/fixtures/deptry/src; exit status 1

Failed to load TFLint config; failed to load file: open egolint/.config/lint/terraform/.tflint.hcl: no such file or directory

│ Failed to run in egolint/tests/fixtures/deptry/src/example; exit status 1

Failed to load TFLint config; failed to load file: open egolint/.config/lint/terraform/.tflint.hcl: no such file or directory

│ Failed to run in egolint/tests/fixtures/devskim; exit status 1

Failed to load TFLint config; failed to load file: open egolint/.config/lint/terraform/.tflint.hcl: no such file or directory

│ Failed to run in egolint/tests/fixtures/dotenv-linter; exit status 1

Failed to load TFLint config; failed to load file: open egolint/.config/lint/terraform/.tflint.hcl: no such file or directory

│ Failed to run in egolint/tests/fixtures/eslint; exit status 1

Failed to load TFLint config; failed to load file: open egolint/.config/lint/terraform/.tflint.hcl: no such file or directory

│ Failed to run in egolint/tests/fixtures/editorconfig-checker; exit status 1

Failed to load TFLint config; failed to load file: open egolint/.config/lint/terraform/.tflint.hcl: no such file or directory

│ Failed to run in egolint/tests/fixtures/swiftlint; exit status 1

Failed to load TFLint config; failed to load file: open egolint/.config/lint/terraform/.tflint.hcl: no such file or directory

│ Failed to run in egolint/tests/fixtures/kubernetes; exit status 1

Failed to load TFLint config; failed to load file: open egolint/.config/lint/terraform/.tflint.hcl: no such file or directory

│ Failed to run in egolint/tests/fixtures/latexindent; exit status 1

Failed to load TFLint config; failed to load file: open egolint/.config/lint/terraform/.tflint.hcl: no such file or directory

│ Failed to run in egolint/tests/fixtures/lintr; exit status 1

Failed to load TFLint config; failed to load file: open egolint/.config/lint/terraform/.tflint.hcl: no such file or directory

│ Failed to run in egolint/tests/fixtures/luacheck; exit status 1

Failed to load TFLint config; failed to load file: open egolint/.config/lint/terraform/.tflint.hcl: no such file or directory

│ Failed to run in egolint/tests/fixtures/markdown-link-check; exit status 1

Failed to load TFLint config; failed to load file: open egolint/.config/lint/terraform/.tflint.hcl: no such file or directory

│ Failed to run in egolint/tests/fixtures/lychee; exit status 1

Failed to load TFLint config; failed to load file: open egolint/.config/lint/terraform/.tflint.hcl: no such file or directory

│ Failed to run in egolint/tests/fixtures/negative; exit status 1

Failed to load TFLint config; failed to load file: open egolint/.config/lint/terraform/.tflint.hcl: no such file or directory

│ Failed to run in egolint/tests/fixtures/markdownlint; exit status 1

Failed to load TFLint config; failed to load file: open egolint/.config/lint/terraform/.tflint.hcl: no such file or directory

│ Failed to run in egolint/tests/fixtures/nbqa-mypy; exit status 1

Failed to load TFLint config; failed to load file: open egolint/.config/lint/terraform/.tflint.hcl: no such file or directory

│ Failed to run in egolint/tests/fixtures/negative/buf; exit status 1

Failed to load TFLint config; failed to load file: open egolint/.config/lint/terraform/.tflint.hcl: no such file or directory

│ Failed to run in egolint/tests/fixtures/negative/cargo-deny; exit status 1

Failed to load TFLint config; failed to load file: open egolint/.config/lint/terraform/.tflint.hcl: no such file or directory

│ Failed to run in egolint/tests/fixtures/negative/codespell; exit status 1

Failed to load TFLint config; failed to load file: open egolint/.config/lint/terraform/.tflint.hcl: no such file or directory

│ Failed to run in egolint/tests/fixtures/negative/conftest; exit status 1

Failed to load TFLint config; failed to load file: open egolint/.config/lint/terraform/.tflint.hcl: no such file or directory

│ Failed to run in egolint/tests/fixtures/negative/cppcheck; exit status 1

Failed to load TFLint config; failed to load file: open egolint/.config/lint/terraform/.tflint.hcl: no such file or directory

│ Failed to run in egolint/tests/fixtures/negative/complexipy; exit status 1

Failed to load TFLint config; failed to load file: open egolint/.config/lint/terraform/.tflint.hcl: no such file or directory

│ Failed to run in egolint/tests/fixtures/negative/deptry/src; exit status 1

Failed to load TFLint config; failed to load file: open egolint/.config/lint/terraform/.tflint.hcl: no such file or directory

│ Failed to run in egolint/tests/fixtures/negative/deptry; exit status 1

Failed to load TFLint config; failed to load file: open egolint/.config/lint/terraform/.tflint.hcl: no such file or directory

│ Failed to run in egolint/tests/fixtures/negative/deptry/src/example; exit status 1

Failed to load TFLint config; failed to load file: open egolint/.config/lint/terraform/.tflint.hcl: no such file or directory

│ Failed to run in egolint/tests/fixtures/negative/djlint; exit status 1

Failed to load TFLint config; failed to load file: open egolint/.config/lint/terraform/.tflint.hcl: no such file or directory

│ Failed to run in egolint/tests/fixtures/negative/dotenv-linter; exit status 1

Failed to load TFLint config; failed to load file: open egolint/.config/lint/terraform/.tflint.hcl: no such file or directory

│ Failed to run in egolint/tests/fixtures/negative/golangci-lint; exit status 1

Failed to load TFLint config; failed to load file: open egolint/.config/lint/terraform/.tflint.hcl: no such file or directory

│ Failed to run in egolint/tests/fixtures/negative/interrogate; exit status 1

Failed to load TFLint config; failed to load file: open egolint/.config/lint/terraform/.tflint.hcl: no such file or directory

│ Failed to run in egolint/tests/fixtures/negative/kingfisher; exit status 1

Failed to load TFLint config; failed to load file: open egolint/.config/lint/terraform/.tflint.hcl: no such file or directory

│ Failed to run in egolint/tests/fixtures/negative/knip; exit status 1

Failed to load TFLint config; failed to load file: open egolint/.config/lint/terraform/.tflint.hcl: no such file or directory

│ Failed to run in egolint/tests/fixtures/negative/knip/src; exit status 1

Failed to load TFLint config; failed to load file: open egolint/.config/lint/terraform/.tflint.hcl: no such file or directory

│ Failed to run in egolint/tests/fixtures/negative/latexindent; exit status 1

Failed to load TFLint config; failed to load file: open egolint/.config/lint/terraform/.tflint.hcl: no such file or directory

│ Failed to run in egolint/tests/fixtures/negative/kubernetes; exit status 1

Failed to load TFLint config; failed to load file: open egolint/.config/lint/terraform/.tflint.hcl: no such file or directory

│ Failed to run in egolint/tests/fixtures/negative/nbqa-mypy; exit status 1

Failed to load TFLint config; failed to load file: open egolint/.config/lint/terraform/.tflint.hcl: no such file or directory

│ Failed to run in egolint/tests/fixtures/negative/regal; exit status 1

Failed to load TFLint config; failed to load file: open egolint/.config/lint/terraform/.tflint.hcl: no such file or directory

│ Failed to run in egolint/tests/fixtures/negative/ruff-format; exit status 1

Failed to load TFLint config; failed to load file: open egolint/.config/lint/terraform/.tflint.hcl: no such file or directory

│ Failed to run in egolint/tests/fixtures/negative/semgrep; exit status 1

Failed to load TFLint config; failed to load file: open egolint/.config/lint/terraform/.tflint.hcl: no such file or directory

│ Failed to run in egolint/tests/fixtures/negative/rumdl; exit status 1

Failed to load TFLint config; failed to load file: open egolint/.config/lint/terraform/.tflint.hcl: no such file or directory

│ Failed to run in egolint/tests/fixtures/negative/v8r; exit status 1

Failed to load TFLint config; failed to load file: open egolint/.config/lint/terraform/.tflint.hcl: no such file or directory

│ Failed to run in egolint/tests/fixtures/negative/terraform-fmt; exit status 1

Failed to load TFLint config; failed to load file: open egolint/.config/lint/terraform/.tflint.hcl: no such file or directory

│ Failed to run in egolint/tests/fixtures/negative/tombi; exit status 1

Failed to load TFLint config; failed to load file: open egolint/.config/lint/terraform/.tflint.hcl: no such file or directory

│ Failed to run in egolint/tests/fixtures/negative/vacuum; exit status 1

Failed to load TFLint config; failed to load file: open egolint/.config/lint/terraform/.tflint.hcl: no such file or directory

│ Failed to run in egolint/tests/fixtures/negative/zizmor; exit status 1

Failed to load TFLint config; failed to load file: open egolint/.config/lint/terraform/.tflint.hcl: no such file or directory

│ Failed to run in egolint/tests/fixtures/negative/vulture; exit status 1

Failed to load TFLint config; failed to load file: open egolint/.config/lint/terraform/.tflint.hcl: no such file or directory

│ Failed to run in egolint/tests/fixtures/npm-groovy-lint; exit status 1

Failed to load TFLint config; failed to load file: open egolint/.config/lint/terraform/.tflint.hcl: no such file or directory

│ Failed to run in egolint/tests/fixtures/npm-package-json-lint; exit status 1

Failed to load TFLint config; failed to load file: open egolint/.config/lint/terraform/.tflint.hcl: no such file or directory

│ Failed to run in egolint/tests/fixtures/php; exit status 1

Failed to load TFLint config; failed to load file: open egolint/.config/lint/terraform/.tflint.hcl: no such file or directory

│ Failed to run in egolint/tests/fixtures/pmd; exit status 1

Failed to load TFLint config; failed to load file: open egolint/.config/lint/terraform/.tflint.hcl: no such file or directory

│ Failed to run in egolint/tests/fixtures/powershell; exit status 1

Failed to load TFLint config; failed to load file: open egolint/.config/lint/terraform/.tflint.hcl: no such file or directory

│ Failed to run in egolint/tests/fixtures/protolint; exit status 1

Failed to load TFLint config; failed to load file: open egolint/.config/lint/terraform/.tflint.hcl: no such file or directory

│ Failed to run in egolint/tests/fixtures/prose; exit status 1

Failed to load TFLint config; failed to load file: open egolint/.config/lint/terraform/.tflint.hcl: no such file or directory

│ Failed to run in egolint/tests/fixtures/prettier; exit status 1

Failed to load TFLint config; failed to load file: open egolint/.config/lint/terraform/.tflint.hcl: no such file or directory

│ Failed to run in egolint/tests/fixtures/python; exit status 1

Failed to load TFLint config; failed to load file: open egolint/.config/lint/terraform/.tflint.hcl: no such file or directory

│ Failed to run in egolint/tests/fixtures/puppet; exit status 1

Failed to load TFLint config; failed to load file: open egolint/.config/lint/terraform/.tflint.hcl: no such file or directory

│ Failed to run in egolint/tests/fixtures/raku; exit status 1

Failed to load TFLint config; failed to load file: open egolint/.config/lint/terraform/.tflint.hcl: no such file or directory

│ Failed to run in egolint/tests/fixtures/raku/lib; exit status 1

Failed to load TFLint config; failed to load file: open egolint/.config/lint/terraform/.tflint.hcl: no such file or directory

│ Failed to run in egolint/tests/fixtures/raku/lib/EgoHygiene; exit status 1

Failed to load TFLint config; failed to load file: open egolint/.config/lint/terraform/.tflint.hcl: no such file or directory

│ Failed to run in egolint/tests/fixtures/raku/t; exit status 1

Failed to load TFLint config; failed to load file: open egolint/.config/lint/terraform/.tflint.hcl: no such file or directory

│ Failed to run in egolint/tests/fixtures/remark-lint; exit status 1

Failed to load TFLint config; failed to load file: open egolint/.config/lint/terraform/.tflint.hcl: no such file or directory

│ Failed to run in egolint/tests/fixtures/regal; exit status 1

Failed to load TFLint config; failed to load file: open egolint/.config/lint/terraform/.tflint.hcl: no such file or directory

│ Failed to run in egolint/tests/fixtures/revive; exit status 1

Failed to load TFLint config; failed to load file: open egolint/.config/lint/terraform/.tflint.hcl: no such file or directory

│ Failed to run in egolint/tests/fixtures/rstcheck; exit status 1

Failed to load TFLint config; failed to load file: open egolint/.config/lint/terraform/.tflint.hcl: no such file or directory

│ Failed to run in egolint/tests/fixtures/salesforce-apex/force-app; exit status 1

Failed to load TFLint config; failed to load file: open egolint/.config/lint/terraform/.tflint.hcl: no such file or directory

│ Failed to run in egolint/tests/fixtures/salesforce-apex; exit status 1

Failed to load TFLint config; failed to load file: open egolint/.config/lint/terraform/.tflint.hcl: no such file or directory

│ Failed to run in egolint/tests/fixtures/rubocop; exit status 1

Failed to load TFLint config; failed to load file: open egolint/.config/lint/terraform/.tflint.hcl: no such file or directory

│ Failed to run in egolint/tests/fixtures/salesforce-apex/force-app/main/default; exit status 1

Failed to load TFLint config; failed to load file: open egolint/.config/lint/terraform/.tflint.hcl: no such file or directory

│ Failed to run in egolint/tests/fixtures/salesforce-apex/force-app/main; exit status 1

Failed to load TFLint config; failed to load file: open egolint/.config/lint/terraform/.tflint.hcl: no such file or directory

│ Failed to run in egolint/tests/fixtures/salesforce-apex/force-app/main/default/classes; exit status 1

Failed to load TFLint config; failed to load file: open egolint/.config/lint/terraform/.tflint.hcl: no such file or directory

│ Failed to run in egolint/tests/fixtures/scalafix; exit status 1

Failed to load TFLint config; failed to load file: open egolint/.config/lint/terraform/.tflint.hcl: no such file or directory

│ Failed to run in egolint/tests/fixtures/snakefmt/data; exit status 1

Failed to load TFLint config; failed to load file: open egolint/.config/lint/terraform/.tflint.hcl: no such file or directory

│ Failed to run in egolint/tests/fixtures/secretlint; exit status 1

Failed to load TFLint config; failed to load file: open egolint/.config/lint/terraform/.tflint.hcl: no such file or directory

│ Failed to run in egolint/tests/fixtures/sqlfluff; exit status 1

Failed to load TFLint config; failed to load file: open egolint/.config/lint/terraform/.tflint.hcl: no such file or directory

│ Failed to run in egolint/tests/fixtures/snakefmt; exit status 1

Failed to load TFLint config; failed to load file: open egolint/.config/lint/terraform/.tflint.hcl: no such file or directory

│ Failed to run in egolint/tests/fixtures/stylelint; exit status 1

Failed to load TFLint config; failed to load file: open egolint/.config/lint/terraform/.tflint.hcl: no such file or directory

│ Failed to run in mantle/libexec/mantle/installers; exit status 1

Failed to load TFLint config; failed to load file: open egolint/.config/lint/terraform/.tflint.hcl: no such file or directory

│ Failed to run in egolint/tests/fixtures/tekton-lint; exit status 1

Failed to load TFLint config; failed to load file: open egolint/.config/lint/terraform/.tflint.hcl: no such file or directory

│ Failed to run in egolint/tests/fixtures/terragrunt; exit status 1

Failed to load TFLint config; failed to load file: open egolint/.config/lint/terraform/.tflint.hcl: no such file or directory

│ Failed to run in egolint/tests/fixtures/tflint; exit status 1

Failed to load TFLint config; failed to load file: open egolint/.config/lint/terraform/.tflint.hcl: no such file or directory

│ Failed to run in egolint/tests/fixtures/trufflehog; exit status 1

Failed to load TFLint config; failed to load file: open egolint/.config/lint/terraform/.tflint.hcl: no such file or directory

│ Failed to run in egolint/tests/fixtures/tombi; exit status 1

Failed to load TFLint config; failed to load file: open egolint/.config/lint/terraform/.tflint.hcl: no such file or directory

│ Failed to run in egolint/tests/fixtures/vacuum; exit status 1

Failed to load TFLint config; failed to load file: open egolint/.config/lint/terraform/.tflint.hcl: no such file or directory

│ Failed to run in egolint/tests/fixtures/tsqllint; exit status 1

Failed to load TFLint config; failed to load file: open egolint/.config/lint/terraform/.tflint.hcl: no such file or directory

│ Failed to run in egolint/tests/fixtures/vulture; exit status 1

Failed to load TFLint config; failed to load file: open egolint/.config/lint/terraform/.tflint.hcl: no such file or directory

│ Failed to run in egolint/tests/fixtures/v8r; exit status 1

Failed to load TFLint config; failed to load file: open egolint/.config/lint/terraform/.tflint.hcl: no such file or directory

│ Failed to run in identity/profiles; exit status 1

Failed to load TFLint config; failed to load file: open egolint/.config/lint/terraform/.tflint.hcl: no such file or directory

│ Failed to run in identity/contracts; exit status 1

Failed to load TFLint config; failed to load file: open egolint/.config/lint/terraform/.tflint.hcl: no such file or directory

│ Failed to run in egolint/tests/fixtures/yamllint; exit status 1

Failed to load TFLint config; failed to load file: open egolint/.config/lint/terraform/.tflint.hcl: no such file or directory

│ Failed to run in identity; exit status 1

Failed to load TFLint config; failed to load file: open egolint/.config/lint/terraform/.tflint.hcl: no such file or directory

│ Failed to run in mantle; exit status 1

Failed to load TFLint config; failed to load file: open egolint/.config/lint/terraform/.tflint.hcl: no such file or directory

│ Failed to run in identity/src; exit status 1

Failed to load TFLint config; failed to load file: open egolint/.config/lint/terraform/.tflint.hcl: no such file or directory

│ Failed to run in lib; exit status 1

Failed to load TFLint config; failed to load file: open egolint/.config/lint/terraform/.tflint.hcl: no such file or directory

│ Failed to run in mantle/assets; exit status 1

Failed to load TFLint config; failed to load file: open egolint/.config/lint/terraform/.tflint.hcl: no such file or directory

│ Failed to run in mantle/assets/branding; exit status 1

Failed to load TFLint config; failed to load file: open egolint/.config/lint/terraform/.tflint.hcl: no such file or directory

│ Failed to run in mantle/assets/presentation; exit status 1

Failed to load TFLint config; failed to load file: open egolint/.config/lint/terraform/.tflint.hcl: no such file or directory

│ Failed to run in mantle/audits; exit status 1

Failed to load TFLint config; failed to load file: open egolint/.config/lint/terraform/.tflint.hcl: no such file or directory

│ Failed to run in mantle/config; exit status 1

Failed to load TFLint config; failed to load file: open egolint/.config/lint/terraform/.tflint.hcl: no such file or directory

│ Failed to run in mantle/bin; exit status 1

Failed to load TFLint config; failed to load file: open egolint/.config/lint/terraform/.tflint.hcl: no such file or directory

│ Failed to run in mantle/config/architecture; exit status 1

Failed to load TFLint config; failed to load file: open egolint/.config/lint/terraform/.tflint.hcl: no such file or directory

│ Failed to run in mantle/config/fastfetch; exit status 1

Failed to load TFLint config; failed to load file: open egolint/.config/lint/terraform/.tflint.hcl: no such file or directory

│ Failed to run in mantle/lib/bash; exit status 1

Failed to load TFLint config; failed to load file: open egolint/.config/lint/terraform/.tflint.hcl: no such file or directory

│ Failed to run in mantle/init; exit status 1

Failed to load TFLint config; failed to load file: open egolint/.config/lint/terraform/.tflint.hcl: no such file or directory

│ Failed to run in mantle/lib; exit status 1

Failed to load TFLint config; failed to load file: open egolint/.config/lint/terraform/.tflint.hcl: no such file or directory

│ Failed to run in mantle/lib/config; exit status 1

Failed to load TFLint config; failed to load file: open egolint/.config/lint/terraform/.tflint.hcl: no such file or directory

│ Failed to run in mantle/lib/extensions; exit status 1

Failed to load TFLint config; failed to load file: open egolint/.config/lint/terraform/.tflint.hcl: no such file or directory

│ Failed to run in mantle/lib/core; exit status 1

Failed to load TFLint config; failed to load file: open egolint/.config/lint/terraform/.tflint.hcl: no such file or directory

│ Failed to run in mantle/libexec; exit status 1

Failed to load TFLint config; failed to load file: open egolint/.config/lint/terraform/.tflint.hcl: no such file or directory

│ Failed to run in mantle/lib/install; exit status 1

Failed to load TFLint config; failed to load file: open egolint/.config/lint/terraform/.tflint.hcl: no such file or directory

│ Failed to run in mantle/libexec/mantle; exit status 1

Failed to load TFLint config; failed to load file: open egolint/.config/lint/terraform/.tflint.hcl: no such file or directory

│ Failed to run in mantle/modules; exit status 1

Failed to load TFLint config; failed to load file: open egolint/.config/lint/terraform/.tflint.hcl: no such file or directory

│ Failed to run in mantle/tests/bin; exit status 1

Failed to load TFLint config; failed to load file: open egolint/.config/lint/terraform/.tflint.hcl: no such file or directory

│ Failed to run in mantle/libexec/mantle/commands; exit status 1

Failed to load TFLint config; failed to load file: open egolint/.config/lint/terraform/.tflint.hcl: no such file or directory

│ Failed to run in mantle/platforms; exit status 1

Failed to load TFLint config; failed to load file: open egolint/.config/lint/terraform/.tflint.hcl: no such file or directory

│ Failed to run in mantle/platforms/linux; exit status 1

Failed to load TFLint config; failed to load file: open egolint/.config/lint/terraform/.tflint.hcl: no such file or directory

│ Failed to run in mantle/platforms/darwin; exit status 1

Failed to load TFLint config; failed to load file: open egolint/.config/lint/terraform/.tflint.hcl: no such file or directory

│ Failed to run in mantle/platforms/windows; exit status 1

Failed to load TFLint config; failed to load file: open egolint/.config/lint/terraform/.tflint.hcl: no such file or directory

│ Failed to run in mantle/runtime/shared; exit status 1

Failed to load TFLint config; failed to load file: open egolint/.config/lint/terraform/.tflint.hcl: no such file or directory

│ Failed to run in mantle/runtime; exit status 1

Failed to load TFLint config; failed to load file: open egolint/.config/lint/terraform/.tflint.hcl: no such file or directory

│ Failed to run in mantle/runtime/shells; exit status 1

Failed to load TFLint config; failed to load file: open egolint/.config/lint/terraform/.tflint.hcl: no such file or directory

│ Failed to run in mantle/runtime/shells/fish; exit status 1

Failed to load TFLint config; failed to load file: open egolint/.config/lint/terraform/.tflint.hcl: no such file or directory

│ Failed to run in mantle/runtime/shells/bash; exit status 1

Failed to load TFLint config; failed to load file: open egolint/.config/lint/terraform/.tflint.hcl: no such file or directory

│ Failed to run in mantle/runtime/shells/fish/completions; exit status 1

Failed to load TFLint config; failed to load file: open egolint/.config/lint/terraform/.tflint.hcl: no such file or directory

│ Failed to run in mantle/runtime/shells/fish/conf.d; exit status 1

Failed to load TFLint config; failed to load file: open egolint/.config/lint/terraform/.tflint.hcl: no such file or directory

│ Failed to run in mantle/runtime/shells/fish/functions; exit status 1

Failed to load TFLint config; failed to load file: open egolint/.config/lint/terraform/.tflint.hcl: no such file or directory

│ Failed to run in mantle/runtime/shells/zsh; exit status 1

Failed to load TFLint config; failed to load file: open egolint/.config/lint/terraform/.tflint.hcl: no such file or directory

│ Failed to run in mantle/runtime/shells/posix; exit status 1

Failed to load TFLint config; failed to load file: open egolint/.config/lint/terraform/.tflint.hcl: no such file or directory

│ Failed to run in mindgarden; exit status 1

Failed to load TFLint config; failed to load file: open egolint/.config/lint/terraform/.tflint.hcl: no such file or directory

│ Failed to run in mantle/tests; exit status 1

Failed to load TFLint config; failed to load file: open egolint/.config/lint/terraform/.tflint.hcl: no such file or directory

│ Failed to run in mantle/tests/integration; exit status 1

Failed to load TFLint config; failed to load file: open egolint/.config/lint/terraform/.tflint.hcl: no such file or directory

│ Failed to run in mantle/tests/contract; exit status 1

Failed to load TFLint config; failed to load file: open egolint/.config/lint/terraform/.tflint.hcl: no such file or directory

│ Failed to run in mantle/tests/smoke; exit status 1

Failed to load TFLint config; failed to load file: open egolint/.config/lint/terraform/.tflint.hcl: no such file or directory

│ Failed to run in mantle/tests/test_helper; exit status 1

Failed to load TFLint config; failed to load file: open egolint/.config/lint/terraform/.tflint.hcl: no such file or directory

│ Failed to run in mantle/tests/unit; exit status 1

Failed to load TFLint config; failed to load file: open egolint/.config/lint/terraform/.tflint.hcl: no such file or directory

│ Failed to run in mantle/tests/unit/core; exit status 1

Failed to load TFLint config; failed to load file: open egolint/.config/lint/terraform/.tflint.hcl: no such file or directory

│ Failed to run in mantle/tests/unit/install; exit status 1

Failed to load TFLint config; failed to load file: open egolint/.config/lint/terraform/.tflint.hcl: no such file or directory

│ Failed to run in mantle/tests/unit/config; exit status 1

Failed to load TFLint config; failed to load file: open egolint/.config/lint/terraform/.tflint.hcl: no such file or directory

│ Failed to run in mindgarden/profiles; exit status 1

Failed to load TFLint config; failed to load file: open egolint/.config/lint/terraform/.tflint.hcl: no such file or directory

│ Failed to run in mindgarden/contracts; exit status 1

Failed to load TFLint config; failed to load file: open egolint/.config/lint/terraform/.tflint.hcl: no such file or directory

│ Failed to run in mindgarden/profiles/obsidian; exit status 1

Failed to load TFLint config; failed to load file: open egolint/.config/lint/terraform/.tflint.hcl: no such file or directory

│ Failed to run in mindgarden/profiles/agent; exit status 1

Failed to load TFLint config; failed to load file: open egolint/.config/lint/terraform/.tflint.hcl: no such file or directory

│ Failed to run in egolint/tests/fixtures/checkmake; exit status 1

Failed to load TFLint config; failed to load file: open egolint/.config/lint/terraform/.tflint.hcl: no such file or directory

│ Failed to run in egolint/scripts; exit status 1

Failed to load TFLint config; failed to load file: open egolint/.config/lint/terraform/.tflint.hcl: no such file or directory

│ Failed to run in egolint/tasks; exit status 1

Failed to load TFLint config; failed to load file: open egolint/.config/lint/terraform/.tflint.hcl: no such file or directory

│ Failed to run in egolint/tests; exit status 1

Failed to load TFLint config; failed to load file: open egolint/.config/lint/terraform/.tflint.hcl: no such file or directory

│ Failed to run in egolint/tests/fixtures/arm-ttk; exit status 1

Failed to load TFLint config; failed to load file: open egolint/.config/lint/terraform/.tflint.hcl: no such file or directory

│ Failed to run in egolint/tests/fixtures; exit status 1

Failed to load TFLint config; failed to load file: open egolint/.config/lint/terraform/.tflint.hcl: no such file or directory

│ Failed to run in egolint/tests/fixtures/buf; exit status 1

Failed to load TFLint config; failed to load file: open egolint/.config/lint/terraform/.tflint.hcl: no such file or directory

│ Failed to run in egolint/tests/fixtures/htmlhint; exit status 1

Failed to load TFLint config; failed to load file: open egolint/.config/lint/terraform/.tflint.hcl: no such file or directory

│ Failed to run in egolint/tests/fixtures/gherkin; exit status 1

Failed to load TFLint config; failed to load file: open egolint/.config/lint/terraform/.tflint.hcl: no such file or directory

│ Failed to run in egolint/tests/fixtures/govulncheck; exit status 1

Failed to load TFLint config; failed to load file: open egolint/.config/lint/terraform/.tflint.hcl: no such file or directory

│ Failed to run in mindgarden/scripts; exit status 1

Failed to load TFLint config; failed to load file: open egolint/.config/lint/terraform/.tflint.hcl: no such file or directory

│ Failed to run in egolint/tests/fixtures/gitleaks; exit status 1

Failed to load TFLint config; failed to load file: open egolint/.config/lint/terraform/.tflint.hcl: no such file or directory

│ Failed to run in egolint/tests/fixtures/hadolint; exit status 1

Failed to load TFLint config; failed to load file: open egolint/.config/lint/terraform/.tflint.hcl: no such file or directory

│ Failed to run in egolint/tests/fixtures/graphql-schema-linter; exit status 1

Failed to load TFLint config; failed to load file: open egolint/.config/lint/terraform/.tflint.hcl: no such file or directory

│ Failed to run in LICENSES; exit status 1

Failed to load TFLint config; failed to load file: open egolint/.config/lint/terraform/.tflint.hcl: no such file or directory

│ Failed to run in mindgarden/profiles/quartz; exit status 1

Failed to load TFLint config; failed to load file: open egolint/.config/lint/terraform/.tflint.hcl: no such file or directory

│ Failed to run in mindgarden/templates; exit status 1

Failed to load TFLint config; failed to load file: open egolint/.config/lint/terraform/.tflint.hcl: no such file or directory

│ Failed to run in egolint/tests/fixtures/interrogate; exit status 1

Failed to load TFLint config; failed to load file: open egolint/.config/lint/terraform/.tflint.hcl: no such file or directory

│ Failed to run in egolint; exit status 1

Failed to load TFLint config; failed to load file: open egolint/.config/lint/terraform/.tflint.hcl: no such file or directory

│ Failed to run in egolint/tests/fixtures/kics; exit status 1

Failed to load TFLint config; failed to load file: open egolint/.config/lint/terraform/.tflint.hcl: no such file or directory

│ Failed to run in mindgarden/tests; exit status 1

Failed to load TFLint config; failed to load file: open egolint/.config/lint/terraform/.tflint.hcl: no such file or directory

│ Failed to run in egolint/tests/fixtures/jsonlint; exit status 1

Failed to load TFLint config; failed to load file: open egolint/.config/lint/terraform/.tflint.hcl: no such file or directory

│ Failed to run in egolint/tests/fixtures/kics/terraform; exit status 1

Failed to load TFLint config; failed to load file: open egolint/.config/lint/terraform/.tflint.hcl: no such file or directory

│ Failed to run in tests; exit status 1

Failed to load TFLint config; failed to load file: open egolint/.config/lint/terraform/.tflint.hcl: no such file or directory

│ Failed to run in egolint/tests/fixtures/knip; exit status 1

Failed to load TFLint config; failed to load file: open egolint/.config/lint/terraform/.tflint.hcl: no such file or directory


