Results of eslint linter (version 10.9.1)
See documentation on https://megalinter.io/10.1.0/descriptors/tsx_eslint/
-----------------------------------------------

❌ [ERROR] for workspace /github/workspace
Linter raw log:

Oops! Something went wrong! :(

ESLint: 10.9.1

Error: Cannot find module 'eslint-plugin-react'
Require stack:
- egolint/.config/lint/javascript/eslint.config.mjs
    at Module._resolveFilename (node:internal/modules/cjs/loader:1569:15)
    at wrapResolveFilename (node:internal/modules/cjs/loader:1123:27)
    at defaultResolveImplForCJSLoading (node:internal/modules/cjs/loader:1147:10)
    at resolveForCJSWithHooks (node:internal/modules/cjs/loader:1174:12)
    at Module._load (node:internal/modules/cjs/loader:1346:5)
    at wrapModuleLoad (node:internal/modules/cjs/loader:261:19)
    at Module.require (node:internal/modules/cjs/loader:1679:12)
    at require (node:internal/modules/helpers:196:16)
    at file://egolint/.config/lint/javascript/eslint.config.mjs?mtime=1789653416497:25:21
    at ModuleJob.run (node:internal/modules/esm/module_job:569:25)


[TSX_ESLINT_ERROR_PLUGIN_NOT_FOUND] ESLint could not load a plugin referenced in your config (e.g. `eslint-plugin-react`, `eslint-plugin-react-hooks`, `@eslint-react/eslint-plugin`, `@typescript-eslint/eslint-plugin`). The plugin is not installed in MegaLinter's bundled `node_modules`.
Resolutions:
  - Pre-install the missing plugin via a pre-command in your .mega-linter.yml:
      TSX_ESLINT_PRE_COMMANDS:
        - command: "npm install eslint-plugin-react eslint-plugin-react-hooks"
          cwd: "root"
          continue_if_failed: false
  - Or install your project's dependencies and run the project-local ESLint binary:
      TSX_ESLINT_PRE_COMMANDS:
        - command: yarn install --frozen-lockfile --ignore-scripts
          cwd: workspace
          continue_if_failed: false
      TSX_ESLINT_CLI_EXECUTABLE: node_modules/.bin/eslint
